<html>
<body>
<pre>
<h1>µVision Build Log</h1>
<h2>Tool Versions:</h2>
IDE-Version: ¦ÌVision V5.29.0.0
Copyright (C) 2019 ARM Ltd and ARM Germany GmbH. All rights reserved.
License Information: 123 Administrator, 123, LIC=MPPLD-8TIWS-KPDZY-IT3S9-X7RGU-DIR40
 
Tool Versions:
Toolchain:       MDK-ARM Plus  Version: 5.29.0.0
Toolchain Path:  D:\Keil_v5\ARM\ARMCC\Bin
C Compiler:      Armcc.exe V5.06 update 6 (build 750)
Assembler:       Armasm.exe V5.06 update 6 (build 750)
Linker/Locator:  ArmLink.exe V5.06 update 6 (build 750)
Library Manager: ArmAr.exe V5.06 update 6 (build 750)
Hex Converter:   FromElf.exe V5.06 update 6 (build 750)
CPU DLL:         SARMCM3.DLL V5.29.0.0
Dialog DLL:      DCM.DLL V1.17.3.0
Target DLL:      STLink\ST-LINKIII-KEIL_SWO.dll V3.0.7.0
Dialog DLL:      TCM.DLL V1.36.5.0
 
<h2>Project:</h2>
E:\Git\github-gongzhonghao\PCB\official-account-information\freertos_demo\MDK-ARM\UART_CircleQueueTest.uvprojx
Project File Date:  10/27/2021

<h2>Output:</h2>
*** Using Compiler 'V5.06 update 6 (build 750)', folder: 'D:\Keil_v5\ARM\ARMCC\Bin'
Build target 'UART_CircleQueueTest'
compiling freertos_task.c...
..\UserAPP\Inc\freertos_task.h(12): warning:  #1-D: last line of file ends without a newline
  #endif
..\UserAPP\Src\freertos_task.c(87): warning:  #177-D: variable "i"  was declared but never referenced
  	int i=0,j=0;
..\UserAPP\Src\freertos_task.c(87): warning:  #177-D: variable "j"  was declared but never referenced
  	int i=0,j=0;
..\UserAPP\Src\freertos_task.c(90): warning:  #550-D: variable "iIndexToString"  was set but never used
  	int iIndexToString;
..\UserAPP\Src\freertos_task.c(114): warning:  #177-D: variable "xHigherPriorityTaskWoken"  was declared but never referenced
  		portBASE_TYPE xHigherPriorityTaskWoken = pdFALSE;
..\UserAPP\Src\freertos_task.c(218): warning:  #940-D: missing return statement at end of non-void function "UserAPP_TaskCreate" 
  }
..\UserAPP\Src\freertos_task.c(71): warning:  #177-D: variable "pcStringsToPrint"  was declared but never referenced
  static char *pcStringsToPrint[] =
..\UserAPP\Src\freertos_task.c: 7 warnings, 0 errors
linking...
Program Size: Code=27908 RO-data=488 RW-data=164 ZI-data=35708  
FromELF: creating hex file...
After Build - User command #1: D:\Keil_v5\ARM\ARMCC\bin\fromelf.exe --bin -o  IAP.bin  UART_CircleQueueTest\UART_CircleQueueTest.axf
"UART_CircleQueueTest\UART_CircleQueueTest.axf" - 0 Error(s), 7 Warning(s).

<h2>Software Packages used:</h2>

Package Vendor: ARM
                http://www.keil.com/pack/ARM.CMSIS.5.7.0.pack
                ARM.CMSIS.5.7.0
                CMSIS (Cortex Microcontroller Software Interface Standard)
   * Component: CORE Version: 5.4.0

Package Vendor: Keil
                http://www.keil.com/pack/Keil.Jansson.1.0.0.pack
                Keil.Jansson.1.0.0
                Jansson is a C library for encoding, decoding and manipulating JSON data
   * Component: Jansson Version: 2.7.0

Package Vendor: Keil
                http://www.keil.com/pack/Keil.STM32F1xx_DFP.2.3.0.pack
                Keil.STM32F1xx_DFP.2.3.0
                STMicroelectronics STM32F1 Series Device Support, Drivers and Examples

<h2>Collection of Component include folders:</h2>
  .\RTE\_UART_CircleQueueTest
  C:\Users\Administrator\AppData\Local\Arm\Packs\ARM\CMSIS\5.7.0\CMSIS\Core\Include
  C:\Users\Administrator\AppData\Local\Arm\Packs\Keil\Jansson\1.0.0\src
  C:\Users\Administrator\AppData\Local\Arm\Packs\Keil\STM32F1xx_DFP\2.3.0\Device\Include

<h2>Collection of Component Files used:</h2>

   * Component: ARM::CMSIS:CORE:5.4.0
      Include file:  CMSIS\Core\Include\tz_context.h

   * Component: Keil::Data Exchange:JSON:Jansson:2.7.0
      Source file:   src\jansson_config.c
      Library file:  lib\jansson_CM3LE.lib
      Include file:  src\jansson.h
Build Time Elapsed:  00:00:05
</pre>
</body>
</html>
