Component: ARM Compiler 5.06 update 6 (build 750) Tool: armlink [4d35ed]

==============================================================================

Section Cross References

    main.o(i.main) refers to stm32f4xx_hal.o(i.HAL_Init) for HAL_Init
    main.o(i.main) refers to sys.o(i.Stm32_Clock_Init) for Stm32_Clock_Init
    main.o(i.main) refers to delay.o(i.delay_init) for delay_init
    main.o(i.main) refers to usart.o(i.uart_init) for uart_init
    main.o(i.main) refers to led.o(i.LED_Init) for LED_Init
    main.o(i.main) refers to key.o(i.KEY_Init) for KEY_Init
    main.o(i.main) refers to lcd.o(i.LCD_Init) for LCD_Init
    main.o(i.main) refers to w25qxx.o(i.W25QXX_Init) for W25QXX_Init
    main.o(i.main) refers to lcd.o(i.LCD_ShowString) for LCD_ShowString
    main.o(i.main) refers to delay.o(i.delay_ms) for delay_ms
    main.o(i.main) refers to w25qxx.o(i.W25QXX_ReadID) for W25QXX_ReadID
    main.o(i.main) refers to key.o(i.KEY_Scan) for KEY_Scan
    main.o(i.main) refers to lcd.o(i.LCD_Fill) for LCD_Fill
    main.o(i.main) refers to w25qxx.o(i.W25QXX_Write) for W25QXX_Write
    main.o(i.main) refers to w25qxx.o(i.W25QXX_Read) for W25QXX_Read
    main.o(i.main) refers to usmart_config.o(.data) for usmart_dev
    main.o(i.main) refers to lcd.o(.data) for POINT_COLOR
    main.o(i.main) refers to main.o(.constdata) for .constdata
    stm32f4xx_it.o(i.SysTick_Handler) refers to stm32f4xx_hal.o(i.HAL_IncTick) for HAL_IncTick
    system_stm32f4xx.o(i.SystemCoreClockUpdate) refers to system_stm32f4xx.o(.data) for .data
    system_stm32f4xx.o(i.SystemCoreClockUpdate) refers to system_stm32f4xx.o(.constdata) for .constdata
    startup_stm32f407xx.o(STACK) refers (Special) to heapauxi.o(.text) for __use_two_region_memory
    startup_stm32f407xx.o(HEAP) refers (Special) to heapauxi.o(.text) for __use_two_region_memory
    startup_stm32f407xx.o(RESET) refers (Special) to heapauxi.o(.text) for __use_two_region_memory
    startup_stm32f407xx.o(RESET) refers to startup_stm32f407xx.o(STACK) for __initial_sp
    startup_stm32f407xx.o(RESET) refers to startup_stm32f407xx.o(.text) for Reset_Handler
    startup_stm32f407xx.o(RESET) refers to stm32f4xx_it.o(i.NMI_Handler) for NMI_Handler
    startup_stm32f407xx.o(RESET) refers to stm32f4xx_it.o(i.HardFault_Handler) for HardFault_Handler
    startup_stm32f407xx.o(RESET) refers to stm32f4xx_it.o(i.MemManage_Handler) for MemManage_Handler
    startup_stm32f407xx.o(RESET) refers to stm32f4xx_it.o(i.BusFault_Handler) for BusFault_Handler
    startup_stm32f407xx.o(RESET) refers to stm32f4xx_it.o(i.UsageFault_Handler) for UsageFault_Handler
    startup_stm32f407xx.o(RESET) refers to stm32f4xx_it.o(i.SVC_Handler) for SVC_Handler
    startup_stm32f407xx.o(RESET) refers to stm32f4xx_it.o(i.DebugMon_Handler) for DebugMon_Handler
    startup_stm32f407xx.o(RESET) refers to stm32f4xx_it.o(i.PendSV_Handler) for PendSV_Handler
    startup_stm32f407xx.o(RESET) refers to stm32f4xx_it.o(i.SysTick_Handler) for SysTick_Handler
    startup_stm32f407xx.o(RESET) refers to usmart.o(i.TIM4_IRQHandler) for TIM4_IRQHandler
    startup_stm32f407xx.o(RESET) refers to usart.o(i.USART1_IRQHandler) for USART1_IRQHandler
    startup_stm32f407xx.o(.text) refers (Special) to heapauxi.o(.text) for __use_two_region_memory
    startup_stm32f407xx.o(.text) refers to system_stm32f4xx.o(i.SystemInit) for SystemInit
    startup_stm32f407xx.o(.text) refers to __main.o(!!!main) for __main
    startup_stm32f407xx.o(.text) refers to startup_stm32f407xx.o(HEAP) for Heap_Mem
    startup_stm32f407xx.o(.text) refers to startup_stm32f407xx.o(STACK) for Stack_Mem
    stm32f4xx_hal.o(i.HAL_DeInit) refers to stm32f4xx_hal_msp.o(i.HAL_MspDeInit) for HAL_MspDeInit
    stm32f4xx_hal.o(i.HAL_Delay) refers to stm32f4xx_hal.o(i.HAL_GetTick) for HAL_GetTick
    stm32f4xx_hal.o(i.HAL_GetTick) refers to stm32f4xx_hal.o(.data) for .data
    stm32f4xx_hal.o(i.HAL_IncTick) refers to stm32f4xx_hal.o(.data) for .data
    stm32f4xx_hal.o(i.HAL_Init) refers to stm32f4xx_hal_cortex.o(i.HAL_NVIC_SetPriorityGrouping) for HAL_NVIC_SetPriorityGrouping
    stm32f4xx_hal.o(i.HAL_Init) refers to stm32f4xx_hal.o(i.HAL_InitTick) for HAL_InitTick
    stm32f4xx_hal.o(i.HAL_Init) refers to stm32f4xx_hal_msp.o(i.HAL_MspInit) for HAL_MspInit
    stm32f4xx_hal.o(i.HAL_InitTick) refers to stm32f4xx_hal_cortex.o(i.HAL_SYSTICK_Config) for HAL_SYSTICK_Config
    stm32f4xx_hal.o(i.HAL_InitTick) refers to stm32f4xx_hal_cortex.o(i.HAL_NVIC_SetPriority) for HAL_NVIC_SetPriority
    stm32f4xx_hal.o(i.HAL_InitTick) refers to system_stm32f4xx.o(.data) for SystemCoreClock
    stm32f4xx_hal_cortex.o(i.HAL_NVIC_SetPriority) refers to stm32f4xx_hal_cortex.o(i.NVIC_SetPriority) for NVIC_SetPriority
    stm32f4xx_hal_cortex.o(i.HAL_SYSTICK_Config) refers to stm32f4xx_hal_cortex.o(i.NVIC_SetPriority) for NVIC_SetPriority
    stm32f4xx_hal_cortex.o(i.HAL_SYSTICK_IRQHandler) refers to stm32f4xx_hal_cortex.o(i.HAL_SYSTICK_Callback) for HAL_SYSTICK_Callback
[...]
    .ARM.Collect$$libshutdown$$00000000      0x08000266   Section        2  libshutdown.o(.ARM.Collect$$libshutdown$$00000000)
    .ARM.Collect$$libshutdown$$00000002      0x08000268   Section        0  libshutdown2.o(.ARM.Collect$$libshutdown$$00000002)
    .ARM.Collect$$libshutdown$$00000004      0x08000268   Section        0  libshutdown2.o(.ARM.Collect$$libshutdown$$00000004)
    .ARM.Collect$$libshutdown$$00000007      0x08000268   Section        0  libshutdown2.o(.ARM.Collect$$libshutdown$$00000007)
    .ARM.Collect$$libshutdown$$0000000A      0x08000268   Section        0  libshutdown2.o(.ARM.Collect$$libshutdown$$0000000A)
    .ARM.Collect$$libshutdown$$0000000C      0x08000268   Section        0  libshutdown2.o(.ARM.Collect$$libshutdown$$0000000C)
    .ARM.Collect$$libshutdown$$0000000F      0x08000268   Section        0  libshutdown2.o(.ARM.Collect$$libshutdown$$0000000F)
    .ARM.Collect$$libshutdown$$00000010      0x08000268   Section        2  libshutdown2.o(.ARM.Collect$$libshutdown$$00000010)
    .ARM.Collect$$rtentry$$00000000          0x0800026a   Section        0  __rtentry.o(.ARM.Collect$$rtentry$$00000000)
    .ARM.Collect$$rtentry$$00000002          0x0800026a   Section        0  __rtentry2.o(.ARM.Collect$$rtentry$$00000002)
    .ARM.Collect$$rtentry$$00000004          0x0800026a   Section        6  __rtentry4.o(.ARM.Collect$$rtentry$$00000004)
    .ARM.Collect$$rtentry$$00000009          0x08000270   Section        0  __rtentry2.o(.ARM.Collect$$rtentry$$00000009)
    .ARM.Collect$$rtentry$$0000000A          0x08000270   Section        4  __rtentry2.o(.ARM.Collect$$rtentry$$0000000A)
    .ARM.Collect$$rtentry$$0000000C          0x08000274   Section        0  __rtentry2.o(.ARM.Collect$$rtentry$$0000000C)
    .ARM.Collect$$rtentry$$0000000D          0x08000274   Section        8  __rtentry2.o(.ARM.Collect$$rtentry$$0000000D)
    .ARM.Collect$$rtexit$$00000000           0x0800027c   Section        2  rtexit.o(.ARM.Collect$$rtexit$$00000000)
    .ARM.Collect$$rtexit$$00000002           0x0800027e   Section        0  rtexit2.o(.ARM.Collect$$rtexit$$00000002)
    .ARM.Collect$$rtexit$$00000003           0x0800027e   Section        4  rtexit2.o(.ARM.Collect$$rtexit$$00000003)
    .ARM.Collect$$rtexit$$00000004           0x08000282   Section        6  rtexit2.o(.ARM.Collect$$rtexit$$00000004)
    .text                                    0x08000288   Section       64  startup_stm32f407xx.o(.text)
    $v0                                      0x08000288   Number         0  startup_stm32f407xx.o(.text)
    .text                                    0x080002c8   Section        2  use_no_semi_2.o(.text)
    .text                                    0x080002cc   Section        0  noretval__2printf.o(.text)
    .text                                    0x080002e4   Section        0  _printf_pad.o(.text)
    .text                                    0x08000332   Section        0  _printf_str.o(.text)
    .text                                    0x08000384   Section        0  _printf_dec.o(.text)
    .text                                    0x080003fc   Section        0  _printf_hex_int.o(.text)
    .text                                    0x08000454   Section        0  __printf_flags_ss_wp.o(.text)
    .text                                    0x080005dc   Section        0  heapauxi.o(.text)
    .text                                    0x080005e2   Section        2  use_no_semi.o(.text)
    .text                                    0x080005e4   Section        0  _printf_intcommon.o(.text)
    .text                                    0x08000696   Section        0  _printf_char.o(.text)
    .text                                    0x080006c4   Section        0  _printf_char_file.o(.text)
    .text                                    0x080006e8   Section        0  _printf_char_common.o(.text)
    _printf_input_char                       0x080006e9   Thumb Code    10  _printf_char_common.o(.text)
    .text                                    0x08000718   Section        0  ferror.o(.text)
    .text                                    0x08000720   Section       74  sys_stackheap_outer.o(.text)
    .text                                    0x0800076a   Section        0  exit.o(.text)
    .text                                    0x0800077c   Section        8  libspace.o(.text)
    i.BusFault_Handler                       0x08000784   Section        0  stm32f4xx_it.o(i.BusFault_Handler)
    i.DebugMon_Handler                       0x08000786   Section        0  stm32f4xx_it.o(i.DebugMon_Handler)
    i.FSMC_NORSRAM_Extended_Timing_Init      0x08000788   Section        0  stm32f4xx_ll_fsmc.o(i.FSMC_NORSRAM_Extended_Timing_Init)
    i.FSMC_NORSRAM_Init                      0x080007c8   Section        0  stm32f4xx_ll_fsmc.o(i.FSMC_NORSRAM_Init)
    i.FSMC_NORSRAM_Timing_Init               0x0800081c   Section        0  stm32f4xx_ll_fsmc.o(i.FSMC_NORSRAM_Timing_Init)
    i.HAL_DMA_Abort_IT                       0x08000860   Section        0  stm32f4xx_hal_dma.o(i.HAL_DMA_Abort_IT)
    i.HAL_GPIO_Init                          0x08000884   Section        0  stm32f4xx_hal_gpio.o(i.HAL_GPIO_Init)
    i.HAL_GPIO_ReadPin                       0x08000a44   Section        0  stm32f4xx_hal_gpio.o(i.HAL_GPIO_ReadPin)
    i.HAL_GPIO_WritePin                      0x08000a4e   Section        0  stm32f4xx_hal_gpio.o(i.HAL_GPIO_WritePin)
    i.HAL_GetREVID                           0x08000a58   Section        0  stm32f4xx_hal.o(i.HAL_GetREVID)
    i.HAL_GetTick                            0x08000a64   Section        0  stm32f4xx_hal.o(i.HAL_GetTick)
    i.HAL_IncTick                            0x08000a70   Section        0  stm32f4xx_hal.o(i.HAL_IncTick)
    i.HAL_Init                               0x08000a80   Section        0  stm32f4xx_hal.o(i.HAL_Init)
    i.HAL_InitTick                           0x08000aac   Section        0  stm32f4xx_hal.o(i.HAL_InitTick)
    i.HAL_MspInit                            0x08000ad4   Section        0  stm32f4xx_hal_msp.o(i.HAL_MspInit)
    i.HAL_NVIC_EnableIRQ                     0x08000ad6   Section        0  stm32f4xx_hal_cortex.o(i.HAL_NVIC_EnableIRQ)
    i.HAL_NVIC_SetPriority                   0x08000aec   Section        0  stm32f4xx_hal_cortex.o(i.HAL_NVIC_SetPriority)
    i.HAL_NVIC_SetPriorityGrouping           0x08000b2c   Section        0  stm32f4xx_hal_cortex.o(i.HAL_NVIC_SetPriorityGrouping)
    i.HAL_RCC_ClockConfig                    0x08000b50   Section        0  stm32f4xx_hal_rcc.o(i.HAL_RCC_ClockConfig)
    i.HAL_RCC_GetPCLK1Freq                   0x08000cc4   Section        0  stm32f4xx_hal_rcc.o(i.HAL_RCC_GetPCLK1Freq)
    i.HAL_RCC_GetPCLK2Freq                   0x08000cf4   Section        0  stm32f4xx_hal_rcc.o(i.HAL_RCC_GetPCLK2Freq)
    i.HAL_RCC_GetSysClockFreq                0x08000d24   Section        0  stm32f4xx_hal_rcc.o(i.HAL_RCC_GetSysClockFreq)
    i.HAL_RCC_OscConfig                      0x08000d94   Section        0  stm32f4xx_hal_rcc.o(i.HAL_RCC_OscConfig)
    i.HAL_SPI_Init                           0x080010a8   Section        0  stm32f4xx_hal_spi.o(i.HAL_SPI_Init)
    i.HAL_SPI_MspInit                        0x08001134   Section        0  spi.o(i.HAL_SPI_MspInit)
    i.HAL_SPI_TransmitReceive                0x08001184   Section        0  stm32f4xx_hal_spi.o(i.HAL_SPI_TransmitReceive)
    i.HAL_SRAM_Init                          0x080013e4   Section        0  stm32f4xx_hal_sram.o(i.HAL_SRAM_Init)
    i.HAL_SRAM_MspInit                       0x0800143c   Section        0  lcd.o(i.HAL_SRAM_MspInit)
    i.HAL_SYSTICK_CLKSourceConfig            0x080014f4   Section        0  stm32f4xx_hal_cortex.o(i.HAL_SYSTICK_CLKSourceConfig)
    i.HAL_SYSTICK_Config                     0x0800150c   Section        0  stm32f4xx_hal_cortex.o(i.HAL_SYSTICK_Config)
    i.HAL_TIM_Base_Init                      0x08001534   Section        0  stm32f4xx_hal_tim.o(i.HAL_TIM_Base_Init)
    i.HAL_TIM_Base_MspInit                   0x0800156a   Section        0  stm32f4xx_hal_tim.o(i.HAL_TIM_Base_MspInit)
    i.HAL_TIM_Base_Start_IT                  0x0800156c   Section        0  stm32f4xx_hal_tim.o(i.HAL_TIM_Base_Start_IT)
    i.HAL_UART_ErrorCallback                 0x08001584   Section        0  stm32f4xx_hal_uart.o(i.HAL_UART_ErrorCallback)
    i.HAL_UART_GetState                      0x08001586   Section        0  stm32f4xx_hal_uart.o(i.HAL_UART_GetState)
    i.HAL_UART_IRQHandler                    0x08001590   Section        0  stm32f4xx_hal_uart.o(i.HAL_UART_IRQHandler)
    i.HAL_UART_Init                          0x080016a0   Section        0  stm32f4xx_hal_uart.o(i.HAL_UART_Init)
    i.HAL_UART_MspInit                       0x08001704   Section        0  usart.o(i.HAL_UART_MspInit)
    i.HAL_UART_Receive_IT                    0x08001780   Section        0  stm32f4xx_hal_uart.o(i.HAL_UART_Receive_IT)
    i.HAL_UART_RxCpltCallback                0x080017c8   Section        0  usart.o(i.HAL_UART_RxCpltCallback)
    i.HAL_UART_TxCpltCallback                0x08001820   Section        0  stm32f4xx_hal_uart.o(i.HAL_UART_TxCpltCallback)
    i.HardFault_Handler                      0x08001822   Section        0  stm32f4xx_it.o(i.HardFault_Handler)
    i.KEY_Init                               0x08001824   Section        0  key.o(i.KEY_Init)
    i.KEY_Scan                               0x08001884   Section        0  key.o(i.KEY_Scan)
    i.LCD_Clear                              0x08001950   Section        0  lcd.o(i.LCD_Clear)
    i.LCD_Display_Dir                        0x08001984   Section        0  lcd.o(i.LCD_Display_Dir)
    i.LCD_Fast_DrawPoint                     0x08001a5c   Section        0  lcd.o(i.LCD_Fast_DrawPoint)
    i.LCD_Fill                               0x08001b44   Section        0  lcd.o(i.LCD_Fill)
    i.LCD_Init                               0x08001b8c   Section        0  lcd.o(i.LCD_Init)
    i.LCD_RD_DATA                            0x08003f2c   Section        0  lcd.o(i.LCD_RD_DATA)
    i.LCD_SSD_BackLightSet                   0x08003f40   Section        0  lcd.o(i.LCD_SSD_BackLightSet)
    i.LCD_Scan_Dir                           0x08003f90   Section        0  lcd.o(i.LCD_Scan_Dir)
    i.LCD_SetCursor                          0x08004148   Section        0  lcd.o(i.LCD_SetCursor)
    i.LCD_ShowChar                           0x0800424c   Section        0  lcd.o(i.LCD_ShowChar)
    i.LCD_ShowString                         0x08004328   Section        0  lcd.o(i.LCD_ShowString)
    i.LCD_WR_DATA                            0x0800437c   Section        0  lcd.o(i.LCD_WR_DATA)
    i.LCD_WR_REG                             0x08004394   Section        0  lcd.o(i.LCD_WR_REG)
    i.LCD_WriteRAM_Prepare                   0x080043ac   Section        0  lcd.o(i.LCD_WriteRAM_Prepare)
    i.LCD_WriteReg                           0x080043c0   Section        0  lcd.o(i.LCD_WriteReg)
    i.LED_Init                               0x080043cc   Section        0  led.o(i.LED_Init)
    i.MemManage_Handler                      0x08004418   Section        0  stm32f4xx_it.o(i.MemManage_Handler)
    i.NMI_Handler                            0x0800441a   Section        0  stm32f4xx_it.o(i.NMI_Handler)
    i.NVIC_SetPriority                       0x0800441c   Section        0  stm32f4xx_hal_cortex.o(i.NVIC_SetPriority)
    NVIC_SetPriority                         0x0800441d   Thumb Code    32  stm32f4xx_hal_cortex.o(i.NVIC_SetPriority)
    i.PendSV_Handler                         0x0800443c   Section        0  stm32f4xx_it.o(i.PendSV_Handler)
    i.SPI1_Init                              0x08004440   Section        0  spi.o(i.SPI1_Init)
    i.SPI1_ReadWriteByte                     0x08004490   Section        0  spi.o(i.SPI1_ReadWriteByte)
    i.SPI1_SetSpeed                          0x080044b0   Section        0  spi.o(i.SPI1_SetSpeed)
    i.SPI_CheckFlag_BSY                      0x080044e4   Section        0  stm32f4xx_hal_spi.o(i.SPI_CheckFlag_BSY)
    SPI_CheckFlag_BSY                        0x080044e5   Thumb Code    32  stm32f4xx_hal_spi.o(i.SPI_CheckFlag_BSY)
    i.SPI_WaitFlagStateUntilTimeout          0x08004504   Section        0  stm32f4xx_hal_spi.o(i.SPI_WaitFlagStateUntilTimeout)
    SPI_WaitFlagStateUntilTimeout            0x08004505   Thumb Code   150  stm32f4xx_hal_spi.o(i.SPI_WaitFlagStateUntilTimeout)
    i.SVC_Handler                            0x0800459a   Section        0  stm32f4xx_it.o(i.SVC_Handler)
    i.Stm32_Clock_Init                       0x0800459c   Section        0  sys.o(i.Stm32_Clock_Init)
    i.SysTick_Handler                        0x08004630   Section        0  stm32f4xx_it.o(i.SysTick_Handler)
    i.SystemInit                             0x08004634   Section        0  system_stm32f4xx.o(i.SystemInit)
    i.TIM4_IRQHandler                        0x08004688   Section        0  usmart.o(i.TIM4_IRQHandler)
    i.TIM_Base_SetConfig                     0x080046bc   Section        0  stm32f4xx_hal_tim.o(i.TIM_Base_SetConfig)
    i.Timer4_Init                            0x0800477c   Section        0  usmart.o(i.Timer4_Init)
    i.UART_DMAAbortOnError                   0x080047d0   Section        0  stm32f4xx_hal_uart.o(i.UART_DMAAbortOnError)
    UART_DMAAbortOnError                     0x080047d1   Thumb Code    16  stm32f4xx_hal_uart.o(i.UART_DMAAbortOnError)
    i.UART_EndRxTransfer                     0x080047e0   Section        0  stm32f4xx_hal_uart.o(i.UART_EndRxTransfer)
    UART_EndRxTransfer                       0x080047e1   Thumb Code    28  stm32f4xx_hal_uart.o(i.UART_EndRxTransfer)
    i.UART_Receive_IT                        0x080047fc   Section        0  stm32f4xx_hal_uart.o(i.UART_Receive_IT)
    UART_Receive_IT                          0x080047fd   Thumb Code   140  stm32f4xx_hal_uart.o(i.UART_Receive_IT)
    i.UART_SetConfig                         0x08004888   Section        0  stm32f4xx_hal_uart.o(i.UART_SetConfig)
    UART_SetConfig                           0x08004889   Thumb Code   676  stm32f4xx_hal_uart.o(i.UART_SetConfig)
    i.UART_Transmit_IT                       0x08004b34   Section        0  stm32f4xx_hal_uart.o(i.UART_Transmit_IT)
    UART_Transmit_IT                         0x08004b35   Thumb Code    98  stm32f4xx_hal_uart.o(i.UART_Transmit_IT)
    i.USART1_IRQHandler                      0x08004b98   Section        0  usart.o(i.USART1_IRQHandler)
    i.UsageFault_Handler                     0x08004bc4   Section        0  stm32f4xx_it.o(i.UsageFault_Handler)
    i.W25QXX_Erase_Sector                    0x08004bc8   Section        0  w25qxx.o(i.W25QXX_Erase_Sector)
    i.W25QXX_Init                            0x08004c20   Section        0  w25qxx.o(i.W25QXX_Init)
    i.W25QXX_Read                            0x08004c9c   Section        0  w25qxx.o(i.W25QXX_Read)
    i.W25QXX_ReadID                          0x08004d04   Section        0  w25qxx.o(i.W25QXX_ReadID)
    i.W25QXX_ReadSR                          0x08004d48   Section        0  w25qxx.o(i.W25QXX_ReadSR)
    i.W25QXX_Wait_Busy                       0x08004d80   Section        0  w25qxx.o(i.W25QXX_Wait_Busy)
    i.W25QXX_Write                           0x08004d90   Section        0  w25qxx.o(i.W25QXX_Write)
    i.W25QXX_Write_Enable                    0x08004e2c   Section        0  w25qxx.o(i.W25QXX_Write_Enable)
    i.W25QXX_Write_NoCheck                   0x08004e4c   Section        0  w25qxx.o(i.W25QXX_Write_NoCheck)
    i.W25QXX_Write_Page                      0x08004e8c   Section        0  w25qxx.o(i.W25QXX_Write_Page)
    i._is_digit                              0x08004ef8   Section        0  __printf_wp.o(i._is_digit)
    i._sys_exit                              0x08004f06   Section        0  usart.o(i._sys_exit)
    i.delay_init                             0x08004f08   Section        0  delay.o(i.delay_init)
    i.delay_ms                               0x08004f1c   Section        0  delay.o(i.delay_ms)
    i.delay_us                               0x08004f38   Section        0  delay.o(i.delay_us)
    i.fputc                                  0x08004f6c   Section        0  usart.o(i.fputc)
    i.main                                   0x08004f80   Section        0  main.o(i.main)
    i.read_addr                              0x08005248   Section        0  usmart.o(i.read_addr)
    i.uart_init                              0x0800524c   Section        0  usart.o(i.uart_init)
    i.usmart_cmd_rec                         0x08005284   Section        0  usmart.o(i.usmart_cmd_rec)
    i.usmart_exe                             0x08005318   Section        0  usmart.o(i.usmart_exe)
    i.usmart_get_aparm                       0x08005578   Section        0  usmart_str.o(i.usmart_get_aparm)
    i.usmart_get_cmdname                     0x0800561c   Section        0  usmart_str.o(i.usmart_get_cmdname)
    i.usmart_get_fname                       0x0800564c   Section        0  usmart_str.o(i.usmart_get_fname)
    i.usmart_get_fparam                      0x080057b4   Section        0  usmart_str.o(i.usmart_get_fparam)
    i.usmart_get_parmpos                     0x08005884   Section        0  usmart_str.o(i.usmart_get_parmpos)
    i.usmart_get_runtime                     0x080058a8   Section        0  usmart.o(i.usmart_get_runtime)
    i.usmart_init                            0x080058d8   Section        0  usmart.o(i.usmart_init)
    i.usmart_pow                             0x08005900   Section        0  usmart_str.o(i.usmart_pow)
    i.usmart_reset_runtime                   0x08005910   Section        0  usmart.o(i.usmart_reset_runtime)
    i.usmart_scan                            0x08005938   Section        0  usmart.o(i.usmart_scan)
    i.usmart_search_nextc                    0x080059dc   Section        0  usmart_str.o(i.usmart_search_nextc)
    i.usmart_str2num                         0x080059ec   Section        0  usmart_str.o(i.usmart_str2num)
    i.usmart_strcmp                          0x08005ac2   Section        0  usmart_str.o(i.usmart_strcmp)
    i.usmart_strcopy                         0x08005ada   Section        0  usmart_str.o(i.usmart_strcopy)
    i.usmart_strlen                          0x08005aec   Section        0  usmart_str.o(i.usmart_strlen)
    i.usmart_sys_cmd_exe                     0x08005b00   Section        0  usmart.o(i.usmart_sys_cmd_exe)
    i.write_addr                             0x08006180   Section        0  usmart.o(i.write_addr)
    x$fpl$dfixu                              0x08006184   Section       90  dfixu.o(x$fpl$dfixu)
    $v0                                      0x08006184   Number         0  dfixu.o(x$fpl$dfixu)
    x$fpl$dfltu                              0x080061de   Section       38  dflt_clz.o(x$fpl$dfltu)
    $v0                                      0x080061de   Number         0  dflt_clz.o(x$fpl$dfltu)
    x$fpl$dmul                               0x08006204   Section      340  dmul.o(x$fpl$dmul)
    $v0                                      0x08006204   Number         0  dmul.o(x$fpl$dmul)
    x$fpl$dnaninf                            0x08006358   Section      156  dnaninf.o(x$fpl$dnaninf)
    $v0                                      0x08006358   Number         0  dnaninf.o(x$fpl$dnaninf)
    x$fpl$dretinf                            0x080063f4   Section       12  dretinf.o(x$fpl$dretinf)
    $v0                                      0x080063f4   Number         0  dretinf.o(x$fpl$dretinf)
    x$fpl$fpinit                             0x08006400   Section       10  fpinit.o(x$fpl$fpinit)
    $v0                                      0x08006400   Number         0  fpinit.o(x$fpl$fpinit)
    .constdata                               0x0800640a   Section       26  main.o(.constdata)
    x$fpl$usenofp                            0x0800640a   Section        0  usenofp.o(x$fpl$usenofp)
    .constdata                               0x08006424   Section       16  system_stm32f4xx.o(.constdata)
    .constdata                               0x08006434   Section        8  system_stm32f4xx.o(.constdata)
    .constdata                               0x0800643c   Section    18240  lcd.o(.constdata)
    .constdata                               0x0800ab7c   Section       40  _printf_hex_int.o(.constdata)
    uc_hextab                                0x0800ab7c   Data          20  _printf_hex_int.o(.constdata)
    lc_hextab                                0x0800ab90   Data          20  _printf_hex_int.o(.constdata)
    .constdata                               0x0800aba4   Section       17  __printf_flags_ss_wp.o(.constdata)
    maptable                                 0x0800aba4   Data          17  __printf_flags_ss_wp.o(.constdata)
    .conststring                             0x0800abb8   Section       40  usmart.o(.conststring)
    .conststring                             0x0800abe0   Section      107  usmart_config.o(.conststring)
    .data                                    0x20000000   Section        4  system_stm32f4xx.o(.data)
    .data                                    0x20000004   Section        4  stm32f4xx_hal.o(.data)
    .data                                    0x20000008   Section        4  delay.o(.data)
    fac_us                                   0x20000008   Data           4  delay.o(.data)
    .data                                    0x2000000c   Section        4  usart.o(.data)
    .data                                    0x20000010   Section        4  usart.o(.data)
    .data                                    0x20000014   Section        8  lcd.o(.data)
    .data                                    0x2000001c   Section        1  key.o(.data)
    key_up                                   0x2000001c   Data           1  key.o(.data)
    .data                                    0x2000001e   Section        2  w25qxx.o(.data)
    .data                                    0x20000020   Section       28  usmart.o(.data)
    .data                                    0x2000003c   Section       32  usmart_config.o(.data)
    .data                                    0x2000005c   Section      244  usmart_config.o(.data)
    .bss                                     0x20000150   Section      264  usart.o(.bss)
    .bss                                     0x20000258   Section       94  lcd.o(.bss)
    .bss                                     0x200002b8   Section       88  spi.o(.bss)
    .bss                                     0x20000310   Section     4096  w25qxx.o(.bss)
    .bss                                     0x20001310   Section       60  usmart.o(.bss)
    .bss                                     0x2000134c   Section       96  libspace.o(.bss)
    HEAP                                     0x200013b0   Section      512  startup_stm32f407xx.o(HEAP)
    Heap_Mem                                 0x200013b0   Data         512  startup_stm32f407xx.o(HEAP)
    STACK                                    0x200015b0   Section     1024  startup_stm32f407xx.o(STACK)
    Stack_Mem                                0x200015b0   Data        1024  startup_stm32f407xx.o(STACK)
    __initial_sp                             0x200019b0   Data           0  startup_stm32f407xx.o(STACK)

    Global Symbols

    Symbol Name                              Value     Ov Type        Size  Object(Section)

    BuildAttributes$$THM_ISAv4$E$P$D$K$B$S$7EM$VFPi3$EXTD16$VFPS$VFMA$PE$A:L22UL41UL21$X:L11$S22US41US21$IEEE1$IW$USESV6$~STKCKD$USESV7$~SHL$OSPACE$ROPI$EBA8$UX$STANDARDLIB$REQ8$PRES8$EABIv2 0x00000000   Number         0  anon$$obj.o ABSOLUTE
    __ARM_use_no_argv                        0x00000000   Number         0  main.o ABSOLUTE
    _printf_flags                            0x00000000   Number         0  printf_stubs.o ABSOLUTE
    _printf_return_value                     0x00000000   Number         0  printf_stubs.o ABSOLUTE
    _printf_sizespec                         0x00000000   Number         0  printf_stubs.o ABSOLUTE
    _printf_widthprec                        0x00000000   Number         0  printf_stubs.o ABSOLUTE
    __ARM_exceptions_init                     - Undefined Weak Reference
    __alloca_initialize                       - Undefined Weak Reference
    __arm_preinit_                            - Undefined Weak Reference
    __cpp_initialize__aeabi_                  - Undefined Weak Reference
    __cxa_finalize                            - Undefined Weak Reference
    __rt_locale                               - Undefined Weak Reference
    __sigvec_lookup                           - Undefined Weak Reference
    _atexit_init                              - Undefined Weak Reference
    _call_atexit_fns                          - Undefined Weak Reference
    _clock_init                               - Undefined Weak Reference
    _fp_trap_init                             - Undefined Weak Reference
    _fp_trap_shutdown                         - Undefined Weak Reference
    _get_lc_collate                           - Undefined Weak Reference
    _get_lc_ctype                             - Undefined Weak Reference
    _get_lc_monetary                          - Undefined Weak Reference
    _get_lc_numeric                           - Undefined Weak Reference
    _get_lc_time                              - Undefined Weak Reference
    _getenv_init                              - Undefined Weak Reference
    _handle_redirection                       - Undefined Weak Reference
    _init_alloc                               - Undefined Weak Reference
    _init_user_alloc                          - Undefined Weak Reference
    _initio                                   - Undefined Weak Reference
    _mutex_acquire                            - Undefined Weak Reference
    _mutex_release                            - Undefined Weak Reference
    _printf_mbtowc                            - Undefined Weak Reference
    _printf_truncate_signed                   - Undefined Weak Reference
    _printf_truncate_unsigned                 - Undefined Weak Reference
    _rand_init                                - Undefined Weak Reference
    _signal_finish                            - Undefined Weak Reference
    _signal_init                              - Undefined Weak Reference
    _terminate_alloc                          - Undefined Weak Reference
    _terminate_user_alloc                     - Undefined Weak Reference
    _terminateio                              - Undefined Weak Reference
    __Vectors_Size                           0x00000188   Number         0  startup_stm32f407xx.o ABSOLUTE
    __Vectors                                0x08000000   Data           4  startup_stm32f407xx.o(RESET)
    __Vectors_End                            0x08000188   Data           0  startup_stm32f407xx.o(RESET)
    __main                                   0x08000189   Thumb Code     8  __main.o(!!!main)
    __scatterload                            0x08000191   Thumb Code     0  __scatter.o(!!!scatter)
    __scatterload_rt2                        0x08000191   Thumb Code    44  __scatter.o(!!!scatter)
    __scatterload_rt2_thumb_only             0x08000191   Thumb Code     0  __scatter.o(!!!scatter)
    __scatterload_null                       0x0800019f   Thumb Code     0  __scatter.o(!!!scatter)
    __decompress                             0x080001c5   Thumb Code    90  __dczerorl2.o(!!dczerorl2)
    __decompress1                            0x080001c5   Thumb Code     0  __dczerorl2.o(!!dczerorl2)
    __scatterload_zeroinit                   0x08000221   Thumb Code    28  __scatter_zi.o(!!handler_zi)
    _printf_d                                0x0800023d   Thumb Code     0  _printf_d.o(.ARM.Collect$$_printf_percent$$00000009)
    _printf_percent                          0x0800023d   Thumb Code     0  _printf_percent.o(.ARM.Collect$$_printf_percent$$00000000)
    _printf_u                                0x08000243   Thumb Code     0  _printf_u.o(.ARM.Collect$$_printf_percent$$0000000A)
    _printf_x                                0x08000249   Thumb Code     0  _printf_x.o(.ARM.Collect$$_printf_percent$$0000000C)
    _printf_c                                0x0800024f   Thumb Code     0  _printf_c.o(.ARM.Collect$$_printf_percent$$00000013)
    _printf_s                                0x08000255   Thumb Code     0  _printf_s.o(.ARM.Collect$$_printf_percent$$00000014)
    _printf_percent_end                      0x0800025b   Thumb Code     0  _printf_percent_end.o(.ARM.Collect$$_printf_percent$$00000017)
    __rt_lib_init                            0x0800025f   Thumb Code     0  libinit.o(.ARM.Collect$$libinit$$00000000)
    __rt_lib_init_fp_1                       0x08000261   Thumb Code     0  libinit2.o(.ARM.Collect$$libinit$$00000001)
    __rt_lib_init_alloca_1                   0x08000265   Thumb Code     0  libinit2.o(.ARM.Collect$$libinit$$0000002E)
    __rt_lib_init_argv_1                     0x08000265   Thumb Code     0  libinit2.o(.ARM.Collect$$libinit$$0000002C)
    __rt_lib_init_atexit_1                   0x08000265   Thumb Code     0  libinit2.o(.ARM.Collect$$libinit$$0000001B)
    __rt_lib_init_clock_1                    0x08000265   Thumb Code     0  libinit2.o(.ARM.Collect$$libinit$$00000021)
    __rt_lib_init_cpp_1                      0x08000265   Thumb Code     0  libinit2.o(.ARM.Collect$$libinit$$00000032)
    __rt_lib_init_exceptions_1               0x08000265   Thumb Code     0  libinit2.o(.ARM.Collect$$libinit$$00000030)
    __rt_lib_init_fp_trap_1                  0x08000265   Thumb Code     0  libinit2.o(.ARM.Collect$$libinit$$0000001F)
    __rt_lib_init_getenv_1                   0x08000265   Thumb Code     0  libinit2.o(.ARM.Collect$$libinit$$00000023)
    __rt_lib_init_heap_1                     0x08000265   Thumb Code     0  libinit2.o(.ARM.Collect$$libinit$$0000000A)
    __rt_lib_init_lc_collate_1               0x08000265   Thumb Code     0  libinit2.o(.ARM.Collect$$libinit$$00000011)
    __rt_lib_init_lc_ctype_1                 0x08000265   Thumb Code     0  libinit2.o(.ARM.Collect$$libinit$$00000013)
    __rt_lib_init_lc_monetary_1              0x08000265   Thumb Code     0  libinit2.o(.ARM.Collect$$libinit$$00000015)
    __rt_lib_init_lc_numeric_1               0x08000265   Thumb Code     0  libinit2.o(.ARM.Collect$$libinit$$00000017)
    __rt_lib_init_lc_time_1                  0x08000265   Thumb Code     0  libinit2.o(.ARM.Collect$$libinit$$00000019)
    __rt_lib_init_preinit_1                  0x08000265   Thumb Code     0  libinit2.o(.ARM.Collect$$libinit$$00000004)
    __rt_lib_init_rand_1                     0x08000265   Thumb Code     0  libinit2.o(.ARM.Collect$$libinit$$0000000E)
    __rt_lib_init_return                     0x08000265   Thumb Code     0  libinit2.o(.ARM.Collect$$libinit$$00000033)
    __rt_lib_init_signal_1                   0x08000265   Thumb Code     0  libinit2.o(.ARM.Collect$$libinit$$0000001D)
    __rt_lib_init_stdio_1                    0x08000265   Thumb Code     0  libinit2.o(.ARM.Collect$$libinit$$00000025)
    __rt_lib_init_user_alloc_1               0x08000265   Thumb Code     0  libinit2.o(.ARM.Collect$$libinit$$0000000C)
    __rt_lib_shutdown                        0x08000267   Thumb Code     0  libshutdown.o(.ARM.Collect$$libshutdown$$00000000)
    __rt_lib_shutdown_cpp_1                  0x08000269   Thumb Code     0  libshutdown2.o(.ARM.Collect$$libshutdown$$00000002)
    __rt_lib_shutdown_fp_trap_1              0x08000269   Thumb Code     0  libshutdown2.o(.ARM.Collect$$libshutdown$$00000007)
    __rt_lib_shutdown_heap_1                 0x08000269   Thumb Code     0  libshutdown2.o(.ARM.Collect$$libshutdown$$0000000F)
    __rt_lib_shutdown_return                 0x08000269   Thumb Code     0  libshutdown2.o(.ARM.Collect$$libshutdown$$00000010)
    __rt_lib_shutdown_signal_1               0x08000269   Thumb Code     0  libshutdown2.o(.ARM.Collect$$libshutdown$$0000000A)
    __rt_lib_shutdown_stdio_1                0x08000269   Thumb Code     0  libshutdown2.o(.ARM.Collect$$libshutdown$$00000004)
    __rt_lib_shutdown_user_alloc_1           0x08000269   Thumb Code     0  libshutdown2.o(.ARM.Collect$$libshutdown$$0000000C)
    __rt_entry                               0x0800026b   Thumb Code     0  __rtentry.o(.ARM.Collect$$rtentry$$00000000)
    __rt_entry_presh_1                       0x0800026b   Thumb Code     0  __rtentry2.o(.ARM.Collect$$rtentry$$00000002)
    __rt_entry_sh                            0x0800026b   Thumb Code     0  __rtentry4.o(.ARM.Collect$$rtentry$$00000004)
    __rt_entry_li                            0x08000271   Thumb Code     0  __rtentry2.o(.ARM.Collect$$rtentry$$0000000A)
    __rt_entry_postsh_1                      0x08000271   Thumb Code     0  __rtentry2.o(.ARM.Collect$$rtentry$$00000009)
    __rt_entry_main                          0x08000275   Thumb Code     0  __rtentry2.o(.ARM.Collect$$rtentry$$0000000D)
    __rt_entry_postli_1                      0x08000275   Thumb Code     0  __rtentry2.o(.ARM.Collect$$rtentry$$0000000C)
    __rt_exit                                0x0800027d   Thumb Code     0  rtexit.o(.ARM.Collect$$rtexit$$00000000)
    __rt_exit_ls                             0x0800027f   Thumb Code     0  rtexit2.o(.ARM.Collect$$rtexit$$00000003)
    __rt_exit_prels_1                        0x0800027f   Thumb Code     0  rtexit2.o(.ARM.Collect$$rtexit$$00000002)
    __rt_exit_exit                           0x08000283   Thumb Code     0  rtexit2.o(.ARM.Collect$$rtexit$$00000004)
    Reset_Handler                            0x08000289   Thumb Code     8  startup_stm32f407xx.o(.text)
    ADC_IRQHandler                           0x080002a3   Thumb Code     0  startup_stm32f407xx.o(.text)
    CAN1_RX0_IRQHandler                      0x080002a3   Thumb Code     0  startup_stm32f407xx.o(.text)
    CAN1_RX1_IRQHandler                      0x080002a3   Thumb Code     0  startup_stm32f407xx.o(.text)
    CAN1_SCE_IRQHandler                      0x080002a3   Thumb Code     0  startup_stm32f407xx.o(.text)
    CAN1_TX_IRQHandler                       0x080002a3   Thumb Code     0  startup_stm32f407xx.o(.text)
    CAN2_RX0_IRQHandler                      0x080002a3   Thumb Code     0  startup_stm32f407xx.o(.text)
    CAN2_RX1_IRQHandler                      0x080002a3   Thumb Code     0  startup_stm32f407xx.o(.text)
    CAN2_SCE_IRQHandler                      0x080002a3   Thumb Code     0  startup_stm32f407xx.o(.text)
    CAN2_TX_IRQHandler                       0x080002a3   Thumb Code     0  startup_stm32f407xx.o(.text)
    DCMI_IRQHandler                          0x080002a3   Thumb Code     0  startup_stm32f407xx.o(.text)
    DMA1_Stream0_IRQHandler                  0x080002a3   Thumb Code     0  startup_stm32f407xx.o(.text)
    DMA1_Stream1_IRQHandler                  0x080002a3   Thumb Code     0  startup_stm32f407xx.o(.text)
    DMA1_Stream2_IRQHandler                  0x080002a3   Thumb Code     0  startup_stm32f407xx.o(.text)
    DMA1_Stream3_IRQHandler                  0x080002a3   Thumb Code     0  startup_stm32f407xx.o(.text)
    DMA1_Stream4_IRQHandler                  0x080002a3   Thumb Code     0  startup_stm32f407xx.o(.text)
    DMA1_Stream5_IRQHandler                  0x080002a3   Thumb Code     0  startup_stm32f407xx.o(.text)
    DMA1_Stream6_IRQHandler                  0x080002a3   Thumb Code     0  startup_stm32f407xx.o(.text)
    DMA1_Stream7_IRQHandler                  0x080002a3   Thumb Code     0  startup_stm32f407xx.o(.text)
    DMA2_Stream0_IRQHandler                  0x080002a3   Thumb Code     0  startup_stm32f407xx.o(.text)
    DMA2_Stream1_IRQHandler                  0x080002a3   Thumb Code     0  startup_stm32f407xx.o(.text)
    DMA2_Stream2_IRQHandler                  0x080002a3   Thumb Code     0  startup_stm32f407xx.o(.text)
    DMA2_Stream3_IRQHandler                  0x080002a3   Thumb Code     0  startup_stm32f407xx.o(.text)
    DMA2_Stream4_IRQHandler                  0x080002a3   Thumb Code     0  startup_stm32f407xx.o(.text)
    DMA2_Stream5_IRQHandler                  0x080002a3   Thumb Code     0  startup_stm32f407xx.o(.text)
    DMA2_Stream6_IRQHandler                  0x080002a3   Thumb Code     0  startup_stm32f407xx.o(.text)
    DMA2_Stream7_IRQHandler                  0x080002a3   Thumb Code     0  startup_stm32f407xx.o(.text)
    ETH_IRQHandler                           0x080002a3   Thumb Code     0  startup_stm32f407xx.o(.text)
    ETH_WKUP_IRQHandler                      0x080002a3   Thumb Code     0  startup_stm32f407xx.o(.text)
    EXTI0_IRQHandler                         0x080002a3   Thumb Code     0  startup_stm32f407xx.o(.text)
    EXTI15_10_IRQHandler                     0x080002a3   Thumb Code     0  startup_stm32f407xx.o(.text)
    EXTI1_IRQHandler                         0x080002a3   Thumb Code     0  startup_stm32f407xx.o(.text)
    EXTI2_IRQHandler                         0x080002a3   Thumb Code     0  startup_stm32f407xx.o(.text)
    EXTI3_IRQHandler                         0x080002a3   Thumb Code     0  startup_stm32f407xx.o(.text)
    EXTI4_IRQHandler                         0x080002a3   Thumb Code     0  startup_stm32f407xx.o(.text)
    EXTI9_5_IRQHandler                       0x080002a3   Thumb Code     0  startup_stm32f407xx.o(.text)
    FLASH_IRQHandler                         0x080002a3   Thumb Code     0  startup_stm32f407xx.o(.text)
    FMC_IRQHandler                           0x080002a3   Thumb Code     0  startup_stm32f407xx.o(.text)
    FPU_IRQHandler                           0x080002a3   Thumb Code     0  startup_stm32f407xx.o(.text)
    HASH_RNG_IRQHandler                      0x080002a3   Thumb Code     0  startup_stm32f407xx.o(.text)
    I2C1_ER_IRQHandler                       0x080002a3   Thumb Code     0  startup_stm32f407xx.o(.text)
    I2C1_EV_IRQHandler                       0x080002a3   Thumb Code     0  startup_stm32f407xx.o(.text)
    I2C2_ER_IRQHandler                       0x080002a3   Thumb Code     0  startup_stm32f407xx.o(.text)
    I2C2_EV_IRQHandler                       0x080002a3   Thumb Code     0  startup_stm32f407xx.o(.text)
    I2C3_ER_IRQHandler                       0x080002a3   Thumb Code     0  startup_stm32f407xx.o(.text)
    I2C3_EV_IRQHandler                       0x080002a3   Thumb Code     0  startup_stm32f407xx.o(.text)
    OTG_FS_IRQHandler                        0x080002a3   Thumb Code     0  startup_stm32f407xx.o(.text)
    OTG_FS_WKUP_IRQHandler                   0x080002a3   Thumb Code     0  startup_stm32f407xx.o(.text)
    OTG_HS_EP1_IN_IRQHandler                 0x080002a3   Thumb Code     0  startup_stm32f407xx.o(.text)
    OTG_HS_EP1_OUT_IRQHandler                0x080002a3   Thumb Code     0  startup_stm32f407xx.o(.text)
    OTG_HS_IRQHandler                        0x080002a3   Thumb Code     0  startup_stm32f407xx.o(.text)
    OTG_HS_WKUP_IRQHandler                   0x080002a3   Thumb Code     0  startup_stm32f407xx.o(.text)
    PVD_IRQHandler                           0x080002a3   Thumb Code     0  startup_stm32f407xx.o(.text)
    RCC_IRQHandler                           0x080002a3   Thumb Code     0  startup_stm32f407xx.o(.text)
    RTC_Alarm_IRQHandler                     0x080002a3   Thumb Code     0  startup_stm32f407xx.o(.text)
    RTC_WKUP_IRQHandler                      0x080002a3   Thumb Code     0  startup_stm32f407xx.o(.text)
    SDIO_IRQHandler                          0x080002a3   Thumb Code     0  startup_stm32f407xx.o(.text)
    SPI1_IRQHandler                          0x080002a3   Thumb Code     0  startup_stm32f407xx.o(.text)
    SPI2_IRQHandler                          0x080002a3   Thumb Code     0  startup_stm32f407xx.o(.text)
    SPI3_IRQHandler                          0x080002a3   Thumb Code     0  startup_stm32f407xx.o(.text)
    TAMP_STAMP_IRQHandler                    0x080002a3   Thumb Code     0  startup_stm32f407xx.o(.text)
    TIM1_BRK_TIM9_IRQHandler                 0x080002a3   Thumb Code     0  startup_stm32f407xx.o(.text)
    TIM1_CC_IRQHandler                       0x080002a3   Thumb Code     0  startup_stm32f407xx.o(.text)
    TIM1_TRG_COM_TIM11_IRQHandler            0x080002a3   Thumb Code     0  startup_stm32f407xx.o(.text)
    TIM1_UP_TIM10_IRQHandler                 0x080002a3   Thumb Code     0  startup_stm32f407xx.o(.text)
    TIM2_IRQHandler                          0x080002a3   Thumb Code     0  startup_stm32f407xx.o(.text)
    TIM3_IRQHandler                          0x080002a3   Thumb Code     0  startup_stm32f407xx.o(.text)
    TIM5_IRQHandler                          0x080002a3   Thumb Code     0  startup_stm32f407xx.o(.text)
    TIM6_DAC_IRQHandler                      0x080002a3   Thumb Code     0  startup_stm32f407xx.o(.text)
    TIM7_IRQHandler                          0x080002a3   Thumb Code     0  startup_stm32f407xx.o(.text)
    TIM8_BRK_TIM12_IRQHandler                0x080002a3   Thumb Code     0  startup_stm32f407xx.o(.text)
    TIM8_CC_IRQHandler                       0x080002a3   Thumb Code     0  startup_stm32f407xx.o(.text)
    TIM8_TRG_COM_TIM14_IRQHandler            0x080002a3   Thumb Code     0  startup_stm32f407xx.o(.text)
    TIM8_UP_TIM13_IRQHandler                 0x080002a3   Thumb Code     0  startup_stm32f407xx.o(.text)
    UART4_IRQHandler                         0x080002a3   Thumb Code     0  startup_stm32f407xx.o(.text)
    UART5_IRQHandler                         0x080002a3   Thumb Code     0  startup_stm32f407xx.o(.text)
    USART2_IRQHandler                        0x080002a3   Thumb Code     0  startup_stm32f407xx.o(.text)
    USART3_IRQHandler                        0x080002a3   Thumb Code     0  startup_stm32f407xx.o(.text)
    USART6_IRQHandler                        0x080002a3   Thumb Code     0  startup_stm32f407xx.o(.text)
    WWDG_IRQHandler                          0x080002a3   Thumb Code     0  startup_stm32f407xx.o(.text)
    __user_initial_stackheap                 0x080002a5   Thumb Code     0  startup_stm32f407xx.o(.text)
    __use_no_semihosting                     0x080002c9   Thumb Code     2  use_no_semi_2.o(.text)
    __2printf                                0x080002cd   Thumb Code    20  noretval__2printf.o(.text)
    _printf_pre_padding                      0x080002e5   Thumb Code    44  _printf_pad.o(.text)
    _printf_post_padding                     0x08000311   Thumb Code    34  _printf_pad.o(.text)
    _printf_str                              0x08000333   Thumb Code    82  _printf_str.o(.text)
    _printf_int_dec                          0x08000385   Thumb Code   104  _printf_dec.o(.text)
    _printf_int_hex                          0x080003fd   Thumb Code    84  _printf_hex_int.o(.text)
    _printf_longlong_hex                     0x080003fd   Thumb Code     0  _printf_hex_int.o(.text)
    __printf                                 0x08000455   Thumb Code   388  __printf_flags_ss_wp.o(.text)
    __use_two_region_memory                  0x080005dd   Thumb Code     2  heapauxi.o(.text)
    __rt_heap_escrow$2region                 0x080005df   Thumb Code     2  heapauxi.o(.text)
    __rt_heap_expand$2region                 0x080005e1   Thumb Code     2  heapauxi.o(.text)
    __I$use$semihosting                      0x080005e3   Thumb Code     0  use_no_semi.o(.text)
    __use_no_semihosting_swi                 0x080005e3   Thumb Code     2  use_no_semi.o(.text)
    _printf_int_common                       0x080005e5   Thumb Code   178  _printf_intcommon.o(.text)
    _printf_cs_common                        0x08000697   Thumb Code    20  _printf_char.o(.text)
    _printf_char                             0x080006ab   Thumb Code    16  _printf_char.o(.text)
    _printf_string                           0x080006bb   Thumb Code     8  _printf_char.o(.text)
    _printf_char_file                        0x080006c5   Thumb Code    32  _printf_char_file.o(.text)
    _printf_char_common                      0x080006f3   Thumb Code    32  _printf_char_common.o(.text)
    ferror                                   0x08000719   Thumb Code     8  ferror.o(.text)
    __user_setup_stackheap                   0x08000721   Thumb Code    74  sys_stackheap_outer.o(.text)
    exit                                     0x0800076b   Thumb Code    18  exit.o(.text)
    __user_libspace                          0x0800077d   Thumb Code     8  libspace.o(.text)
    __user_perproc_libspace                  0x0800077d   Thumb Code     0  libspace.o(.text)
    __user_perthread_libspace                0x0800077d   Thumb Code     0  libspace.o(.text)
    BusFault_Handler                         0x08000785   Thumb Code     2  stm32f4xx_it.o(i.BusFault_Handler)
    DebugMon_Handler                         0x08000787   Thumb Code     2  stm32f4xx_it.o(i.DebugMon_Handler)
    FSMC_NORSRAM_Extended_Timing_Init        0x08000789   Thumb Code    60  stm32f4xx_ll_fsmc.o(i.FSMC_NORSRAM_Extended_Timing_Init)
    FSMC_NORSRAM_Init                        0x080007c9   Thumb Code    80  stm32f4xx_ll_fsmc.o(i.FSMC_NORSRAM_Init)
    FSMC_NORSRAM_Timing_Init                 0x0800081d   Thumb Code    64  stm32f4xx_ll_fsmc.o(i.FSMC_NORSRAM_Timing_Init)
    HAL_DMA_Abort_IT                         0x08000861   Thumb Code    36  stm32f4xx_hal_dma.o(i.HAL_DMA_Abort_IT)
    HAL_GPIO_Init                            0x08000885   Thumb Code   402  stm32f4xx_hal_gpio.o(i.HAL_GPIO_Init)
    HAL_GPIO_ReadPin                         0x08000a45   Thumb Code    10  stm32f4xx_hal_gpio.o(i.HAL_GPIO_ReadPin)
    HAL_GPIO_WritePin                        0x08000a4f   Thumb Code    10  stm32f4xx_hal_gpio.o(i.HAL_GPIO_WritePin)
    HAL_GetREVID                             0x08000a59   Thumb Code     8  stm32f4xx_hal.o(i.HAL_GetREVID)
    HAL_GetTick                              0x08000a65   Thumb Code     6  stm32f4xx_hal.o(i.HAL_GetTick)
    HAL_IncTick                              0x08000a71   Thumb Code    10  stm32f4xx_hal.o(i.HAL_IncTick)
    HAL_Init                                 0x08000a81   Thumb Code    40  stm32f4xx_hal.o(i.HAL_Init)
    HAL_InitTick                             0x08000aad   Thumb Code    34  stm32f4xx_hal.o(i.HAL_InitTick)
    HAL_MspInit                              0x08000ad5   Thumb Code     2  stm32f4xx_hal_msp.o(i.HAL_MspInit)
    HAL_NVIC_EnableIRQ                       0x08000ad7   Thumb Code    22  stm32f4xx_hal_cortex.o(i.HAL_NVIC_EnableIRQ)
    HAL_NVIC_SetPriority                     0x08000aed   Thumb Code    60  stm32f4xx_hal_cortex.o(i.HAL_NVIC_SetPriority)
    HAL_NVIC_SetPriorityGrouping             0x08000b2d   Thumb Code    26  stm32f4xx_hal_cortex.o(i.HAL_NVIC_SetPriorityGrouping)
    HAL_RCC_ClockConfig                      0x08000b51   Thumb Code   356  stm32f4xx_hal_rcc.o(i.HAL_RCC_ClockConfig)
    HAL_RCC_GetPCLK1Freq                     0x08000cc5   Thumb Code    34  stm32f4xx_hal_rcc.o(i.HAL_RCC_GetPCLK1Freq)
    HAL_RCC_GetPCLK2Freq                     0x08000cf5   Thumb Code    34  stm32f4xx_hal_rcc.o(i.HAL_RCC_GetPCLK2Freq)
    HAL_RCC_GetSysClockFreq                  0x08000d25   Thumb Code   104  stm32f4xx_hal_rcc.o(i.HAL_RCC_GetSysClockFreq)
    HAL_RCC_OscConfig                        0x08000d95   Thumb Code   766  stm32f4xx_hal_rcc.o(i.HAL_RCC_OscConfig)
    HAL_SPI_Init                             0x080010a9   Thumb Code   140  stm32f4xx_hal_spi.o(i.HAL_SPI_Init)
    HAL_SPI_MspInit                          0x08001135   Thumb Code    72  spi.o(i.HAL_SPI_MspInit)
    HAL_SPI_TransmitReceive                  0x08001185   Thumb Code   608  stm32f4xx_hal_spi.o(i.HAL_SPI_TransmitReceive)
    HAL_SRAM_Init                            0x080013e5   Thumb Code    86  stm32f4xx_hal_sram.o(i.HAL_SRAM_Init)
    HAL_SRAM_MspInit                         0x0800143d   Thumb Code   162  lcd.o(i.HAL_SRAM_MspInit)
    HAL_SYSTICK_CLKSourceConfig              0x080014f5   Thumb Code    24  stm32f4xx_hal_cortex.o(i.HAL_SYSTICK_CLKSourceConfig)
    HAL_SYSTICK_Config                       0x0800150d   Thumb Code    40  stm32f4xx_hal_cortex.o(i.HAL_SYSTICK_Config)
    HAL_TIM_Base_Init                        0x08001535   Thumb Code    54  stm32f4xx_hal_tim.o(i.HAL_TIM_Base_Init)
    HAL_TIM_Base_MspInit                     0x0800156b   Thumb Code     2  stm32f4xx_hal_tim.o(i.HAL_TIM_Base_MspInit)
    HAL_TIM_Base_Start_IT                    0x0800156d   Thumb Code    24  stm32f4xx_hal_tim.o(i.HAL_TIM_Base_Start_IT)
    HAL_UART_ErrorCallback                   0x08001585   Thumb Code     2  stm32f4xx_hal_uart.o(i.HAL_UART_ErrorCallback)
    HAL_UART_GetState                        0x08001587   Thumb Code    10  stm32f4xx_hal_uart.o(i.HAL_UART_GetState)
    HAL_UART_IRQHandler                      0x08001591   Thumb Code   266  stm32f4xx_hal_uart.o(i.HAL_UART_IRQHandler)
    HAL_UART_Init                            0x080016a1   Thumb Code    98  stm32f4xx_hal_uart.o(i.HAL_UART_Init)
    HAL_UART_MspInit                         0x08001705   Thumb Code   112  usart.o(i.HAL_UART_MspInit)
    HAL_UART_Receive_IT                      0x08001781   Thumb Code    72  stm32f4xx_hal_uart.o(i.HAL_UART_Receive_IT)
    HAL_UART_RxCpltCallback                  0x080017c9   Thumb Code    76  usart.o(i.HAL_UART_RxCpltCallback)
    HAL_UART_TxCpltCallback                  0x08001821   Thumb Code     2  stm32f4xx_hal_uart.o(i.HAL_UART_TxCpltCallback)
    HardFault_Handler                        0x08001823   Thumb Code     2  stm32f4xx_it.o(i.HardFault_Handler)
    KEY_Init                                 0x08001825   Thumb Code    82  key.o(i.KEY_Init)
    KEY_Scan                                 0x08001885   Thumb Code   192  key.o(i.KEY_Scan)
    LCD_Clear                                0x08001951   Thumb Code    46  lcd.o(i.LCD_Clear)
    LCD_Display_Dir                          0x08001985   Thumb Code   212  lcd.o(i.LCD_Display_Dir)
    LCD_Fast_DrawPoint                       0x08001a5d   Thumb Code   226  lcd.o(i.LCD_Fast_DrawPoint)
    LCD_Fill                                 0x08001b45   Thumb Code    70  lcd.o(i.LCD_Fill)
    LCD_Init                                 0x08001b8d   Thumb Code  9116  lcd.o(i.LCD_Init)
    LCD_RD_DATA                              0x08003f2d   Thumb Code    20  lcd.o(i.LCD_RD_DATA)
    LCD_SSD_BackLightSet                     0x08003f41   Thumb Code    72  lcd.o(i.LCD_SSD_BackLightSet)
    LCD_Scan_Dir                             0x08003f91   Thumb Code   434  lcd.o(i.LCD_Scan_Dir)
    LCD_SetCursor                            0x08004149   Thumb Code   254  lcd.o(i.LCD_SetCursor)
    LCD_ShowChar                             0x0800424d   Thumb Code   196  lcd.o(i.LCD_ShowChar)
    LCD_ShowString                           0x08004329   Thumb Code    84  lcd.o(i.LCD_ShowString)
    LCD_WR_DATA                              0x0800437d   Thumb Code    24  lcd.o(i.LCD_WR_DATA)
    LCD_WR_REG                               0x08004395   Thumb Code    24  lcd.o(i.LCD_WR_REG)
    LCD_WriteRAM_Prepare                     0x080043ad   Thumb Code    14  lcd.o(i.LCD_WriteRAM_Prepare)
    LCD_WriteReg                             0x080043c1   Thumb Code    12  lcd.o(i.LCD_WriteReg)
    LED_Init                                 0x080043cd   Thumb Code    68  led.o(i.LED_Init)
    MemManage_Handler                        0x08004419   Thumb Code     2  stm32f4xx_it.o(i.MemManage_Handler)
    NMI_Handler                              0x0800441b   Thumb Code     2  stm32f4xx_it.o(i.NMI_Handler)
    PendSV_Handler                           0x0800443d   Thumb Code     2  stm32f4xx_it.o(i.PendSV_Handler)
    SPI1_Init                                0x08004441   Thumb Code    72  spi.o(i.SPI1_Init)
    SPI1_ReadWriteByte                       0x08004491   Thumb Code    28  spi.o(i.SPI1_ReadWriteByte)
    SPI1_SetSpeed                            0x080044b1   Thumb Code    46  spi.o(i.SPI1_SetSpeed)
    SVC_Handler                              0x0800459b   Thumb Code     2  stm32f4xx_it.o(i.SVC_Handler)
    Stm32_Clock_Init                         0x0800459d   Thumb Code   136  sys.o(i.Stm32_Clock_Init)
    SysTick_Handler                          0x08004631   Thumb Code     4  stm32f4xx_it.o(i.SysTick_Handler)
    SystemInit                               0x08004635   Thumb Code    66  system_stm32f4xx.o(i.SystemInit)
    TIM4_IRQHandler                          0x08004689   Thumb Code    44  usmart.o(i.TIM4_IRQHandler)
    TIM_Base_SetConfig                       0x080046bd   Thumb Code   148  stm32f4xx_hal_tim.o(i.TIM_Base_SetConfig)
    Timer4_Init                              0x0800477d   Thumb Code    72  usmart.o(i.Timer4_Init)
    USART1_IRQHandler                        0x08004b99   Thumb Code    34  usart.o(i.USART1_IRQHandler)
    UsageFault_Handler                       0x08004bc5   Thumb Code     2  stm32f4xx_it.o(i.UsageFault_Handler)
    W25QXX_Erase_Sector                      0x08004bc9   Thumb Code    80  w25qxx.o(i.W25QXX_Erase_Sector)
    W25QXX_Init                              0x08004c21   Thumb Code   106  w25qxx.o(i.W25QXX_Init)
    W25QXX_Read                              0x08004c9d   Thumb Code    94  w25qxx.o(i.W25QXX_Read)
    W25QXX_ReadID                            0x08004d05   Thumb Code    62  w25qxx.o(i.W25QXX_ReadID)
    W25QXX_ReadSR                            0x08004d49   Thumb Code    52  w25qxx.o(i.W25QXX_ReadSR)
    W25QXX_Wait_Busy                         0x08004d81   Thumb Code    14  w25qxx.o(i.W25QXX_Wait_Busy)
    W25QXX_Write                             0x08004d91   Thumb Code   150  w25qxx.o(i.W25QXX_Write)
    W25QXX_Write_Enable                      0x08004e2d   Thumb Code    26  w25qxx.o(i.W25QXX_Write_Enable)
    W25QXX_Write_NoCheck                     0x08004e4d   Thumb Code    62  w25qxx.o(i.W25QXX_Write_NoCheck)
    W25QXX_Write_Page                        0x08004e8d   Thumb Code   100  w25qxx.o(i.W25QXX_Write_Page)
    _is_digit                                0x08004ef9   Thumb Code    14  __printf_wp.o(i._is_digit)
    _sys_exit                                0x08004f07   Thumb Code     2  usart.o(i._sys_exit)
    delay_init                               0x08004f09   Thumb Code    16  delay.o(i.delay_init)
    delay_ms                                 0x08004f1d   Thumb Code    26  delay.o(i.delay_ms)
    delay_us                                 0x08004f39   Thumb Code    48  delay.o(i.delay_us)
    fputc                                    0x08004f6d   Thumb Code    14  usart.o(i.fputc)
    main                                     0x08004f81   Thumb Code   452  main.o(i.main)
    read_addr                                0x08005249   Thumb Code     4  usmart.o(i.read_addr)
    uart_init                                0x0800524d   Thumb Code    44  usart.o(i.uart_init)
    usmart_cmd_rec                           0x08005285   Thumb Code   144  usmart.o(i.usmart_cmd_rec)
    usmart_exe                               0x08005319   Thumb Code   510  usmart.o(i.usmart_exe)
    usmart_get_aparm                         0x08005579   Thumb Code   164  usmart_str.o(i.usmart_get_aparm)
    usmart_get_cmdname                       0x0800561d   Thumb Code    46  usmart_str.o(i.usmart_get_cmdname)
    usmart_get_fname                         0x0800564d   Thumb Code   352  usmart_str.o(i.usmart_get_fname)
    usmart_get_fparam                        0x080057b5   Thumb Code   202  usmart_str.o(i.usmart_get_fparam)
    usmart_get_parmpos                       0x08005885   Thumb Code    30  usmart_str.o(i.usmart_get_parmpos)
    usmart_get_runtime                       0x080058a9   Thumb Code    38  usmart.o(i.usmart_get_runtime)
    usmart_init                              0x080058d9   Thumb Code    36  usmart.o(i.usmart_init)
    usmart_pow                               0x08005901   Thumb Code    16  usmart_str.o(i.usmart_pow)
    usmart_reset_runtime                     0x08005911   Thumb Code    32  usmart.o(i.usmart_reset_runtime)
    usmart_scan                              0x08005939   Thumb Code    94  usmart.o(i.usmart_scan)
    usmart_search_nextc                      0x080059dd   Thumb Code    16  usmart_str.o(i.usmart_search_nextc)
    usmart_str2num                           0x080059ed   Thumb Code   214  usmart_str.o(i.usmart_str2num)
    usmart_strcmp                            0x08005ac3   Thumb Code    24  usmart_str.o(i.usmart_strcmp)
    usmart_strcopy                           0x08005adb   Thumb Code    18  usmart_str.o(i.usmart_strcopy)
    usmart_strlen                            0x08005aed   Thumb Code    18  usmart_str.o(i.usmart_strlen)
    usmart_sys_cmd_exe                       0x08005b01   Thumb Code  1458  usmart.o(i.usmart_sys_cmd_exe)
    write_addr                               0x08006181   Thumb Code     4  usmart.o(i.write_addr)
    __aeabi_d2uiz                            0x08006185   Thumb Code     0  dfixu.o(x$fpl$dfixu)
    _dfixu                                   0x08006185   Thumb Code    90  dfixu.o(x$fpl$dfixu)
    __aeabi_ui2d                             0x080061df   Thumb Code     0  dflt_clz.o(x$fpl$dfltu)
    _dfltu                                   0x080061df   Thumb Code    38  dflt_clz.o(x$fpl$dfltu)
    __aeabi_dmul                             0x08006205   Thumb Code     0  dmul.o(x$fpl$dmul)
    _dmul                                    0x08006205   Thumb Code   332  dmul.o(x$fpl$dmul)
    __fpl_dnaninf                            0x08006359   Thumb Code   156  dnaninf.o(x$fpl$dnaninf)
    __fpl_dretinf                            0x080063f5   Thumb Code    12  dretinf.o(x$fpl$dretinf)
    _fp_init                                 0x08006401   Thumb Code    10  fpinit.o(x$fpl$fpinit)
    __fplib_config_fpu_vfp                   0x08006409   Thumb Code     0  fpinit.o(x$fpl$fpinit)
    __fplib_config_pureend_doubles           0x08006409   Thumb Code     0  fpinit.o(x$fpl$fpinit)
    TEXT_Buffer                              0x0800640a   Data          26  main.o(.constdata)
    __I$use$fp                               0x0800640a   Number         0  usenofp.o(x$fpl$usenofp)
    AHBPrescTable                            0x08006424   Data          16  system_stm32f4xx.o(.constdata)
    APBPrescTable                            0x08006434   Data           8  system_stm32f4xx.o(.constdata)
    asc2_1206                                0x0800643c   Data        1140  lcd.o(.constdata)
    asc2_1608                                0x080068b0   Data        1520  lcd.o(.constdata)
    asc2_2412                                0x08006ea0   Data        3420  lcd.o(.constdata)
    asc2_3216                                0x08007bfc   Data       12160  lcd.o(.constdata)
    Region$$Table$$Base                      0x0800ac4c   Number         0  anon$$obj.o(Region$$Table)
    Region$$Table$$Limit                     0x0800ac6c   Number         0  anon$$obj.o(Region$$Table)
    SystemCoreClock                          0x20000000   Data           4  system_stm32f4xx.o(.data)
    uwTick                                   0x20000004   Data           4  stm32f4xx_hal.o(.data)
    aRxBuffer                                0x2000000c   Data           1  usart.o(.data)
    USART_RX_STA                             0x2000000e   Data           2  usart.o(.data)
    __stdout                                 0x20000010   Data           4  usart.o(.data)
    POINT_COLOR                              0x20000014   Data           4  lcd.o(.data)
    BACK_COLOR                               0x20000018   Data           4  lcd.o(.data)
    W25QXX_TYPE                              0x2000001e   Data           2  w25qxx.o(.data)
    sys_cmd_tab                              0x20000020   Data          28  usmart.o(.data)
    usmart_nametab                           0x2000003c   Data          32  usmart_config.o(.data)
    usmart_dev                               0x2000005c   Data         244  usmart_config.o(.data)
    USART_RX_BUF                             0x20000150   Data         200  usart.o(.bss)
    UART1_Handler                            0x20000218   Data          64  usart.o(.bss)
    TFTSRAM_Handler                          0x20000258   Data          80  lcd.o(.bss)
    lcddev                                   0x200002a8   Data          14  lcd.o(.bss)
    SPI1_Handler                             0x200002b8   Data          88  spi.o(.bss)
    W25QXX_BUFFER                            0x20000310   Data        4096  w25qxx.o(.bss)
    TIM4_Handler                             0x20001310   Data          60  usmart.o(.bss)
    __libspace_start                         0x2000134c   Data          96  libspace.o(.bss)
    __temporary_stack_top$libspace           0x200013ac   Data           0  libspace.o(.bss)



==============================================================================

Memory Map of the image

  Image Entry point : 0x08000189

  Load Region LR_IROM1 (Base: 0x08000000, Size: 0x0000adbc, Max: 0x00100000, ABSOLUTE, COMPRESSED[0x0000acc0])

    Execution Region ER_IROM1 (Exec base: 0x08000000, Load base: 0x08000000, Size: 0x0000ac6c, Max: 0x00100000, ABSOLUTE)

    Exec Addr    Load Addr    Size         Type   Attr      Idx    E Section Name        Object

    0x08000000   0x08000000   0x00000188   Data   RO          499    RESET               startup_stm32f407xx.o
    0x08000188   0x08000188   0x00000008   Code   RO         4688  * !!!main             c_w.l(__main.o)
    0x08000190   0x08000190   0x00000034   Code   RO         4877    !!!scatter          c_w.l(__scatter.o)
    0x080001c4   0x080001c4   0x0000005a   Code   RO         4875    !!dczerorl2         c_w.l(__dczerorl2.o)
    0x0800021e   0x0800021e   0x00000002   PAD
    0x08000220   0x08000220   0x0000001c   Code   RO         4879    !!handler_zi        c_w.l(__scatter_zi.o)
    0x0800023c   0x0800023c   0x00000000   Code   RO         4685    .ARM.Collect$$_printf_percent$$00000000  c_w.l(_printf_percent.o)
    0x0800023c   0x0800023c   0x00000006   Code   RO         4683    .ARM.Collect$$_printf_percent$$00000009  c_w.l(_printf_d.o)
    0x08000242   0x08000242   0x00000006   Code   RO         4684    .ARM.Collect$$_printf_percent$$0000000A  c_w.l(_printf_u.o)
    0x08000248   0x08000248   0x00000006   Code   RO         4682    .ARM.Collect$$_printf_percent$$0000000C  c_w.l(_printf_x.o)
    0x0800024e   0x0800024e   0x00000006   Code   RO         4680    .ARM.Collect$$_printf_percent$$00000013  c_w.l(_printf_c.o)
    0x08000254   0x08000254   0x00000006   Code   RO         4681    .ARM.Collect$$_printf_percent$$00000014  c_w.l(_printf_s.o)
    0x0800025a   0x0800025a   0x00000004   Code   RO         4711    .ARM.Collect$$_printf_percent$$00000017  c_w.l(_printf_percent_end.o)
    0x0800025e   0x0800025e   0x00000002   Code   RO         4749    .ARM.Collect$$libinit$$00000000  c_w.l(libinit.o)
    0x08000260   0x08000260   0x00000004   Code   RO         4755    .ARM.Collect$$libinit$$00000001  c_w.l(libinit2.o)
    0x08000264   0x08000264   0x00000000   Code   RO         4758    .ARM.Collect$$libinit$$00000004  c_w.l(libinit2.o)
    0x08000264   0x08000264   0x00000000   Code   RO         4761    .ARM.Collect$$libinit$$0000000A  c_w.l(libinit2.o)
    0x08000264   0x08000264   0x00000000   Code   RO         4763    .ARM.Collect$$libinit$$0000000C  c_w.l(libinit2.o)
    0x08000264   0x08000264   0x00000000   Code   RO         4765    .ARM.Collect$$libinit$$0000000E  c_w.l(libinit2.o)
    0x08000264   0x08000264   0x00000000   Code   RO         4768    .ARM.Collect$$libinit$$00000011  c_w.l(libinit2.o)
    0x08000264   0x08000264   0x00000000   Code   RO         4770    .ARM.Collect$$libinit$$00000013  c_w.l(libinit2.o)
    0x08000264   0x08000264   0x00000000   Code   RO         4772    .ARM.Collect$$libinit$$00000015  c_w.l(libinit2.o)
    0x08000264   0x08000264   0x00000000   Code   RO         4774    .ARM.Collect$$libinit$$00000017  c_w.l(libinit2.o)
    0x08000264   0x08000264   0x00000000   Code   RO         4776    .ARM.Collect$$libinit$$00000019  c_w.l(libinit2.o)
    0x08000264   0x08000264   0x00000000   Code   RO         4778    .ARM.Collect$$libinit$$0000001B  c_w.l(libinit2.o)
    0x08000264   0x08000264   0x00000000   Code   RO         4780    .ARM.Collect$$libinit$$0000001D  c_w.l(libinit2.o)
    0x08000264   0x08000264   0x00000000   Code   RO         4782    .ARM.Collect$$libinit$$0000001F  c_w.l(libinit2.o)
    0x08000264   0x08000264   0x00000000   Code   RO         4784    .ARM.Collect$$libinit$$00000021  c_w.l(libinit2.o)
    0x08000264   0x08000264   0x00000000   Code   RO         4786    .ARM.Collect$$libinit$$00000023  c_w.l(libinit2.o)
    0x08000264   0x08000264   0x00000000   Code   RO         4788    .ARM.Collect$$libinit$$00000025  c_w.l(libinit2.o)
    0x08000264   0x08000264   0x00000000   Code   RO         4792    .ARM.Collect$$libinit$$0000002C  c_w.l(libinit2.o)
    0x08000264   0x08000264   0x00000000   Code   RO         4794    .ARM.Collect$$libinit$$0000002E  c_w.l(libinit2.o)
    0x08000264   0x08000264   0x00000000   Code   RO         4796    .ARM.Collect$$libinit$$00000030  c_w.l(libinit2.o)
    0x08000264   0x08000264   0x00000000   Code   RO         4798    .ARM.Collect$$libinit$$00000032  c_w.l(libinit2.o)
    0x08000264   0x08000264   0x00000002   Code   RO         4799    .ARM.Collect$$libinit$$00000033  c_w.l(libinit2.o)
    0x08000266   0x08000266   0x00000002   Code   RO         4817    .ARM.Collect$$libshutdown$$00000000  c_w.l(libshutdown.o)
    0x08000268   0x08000268   0x00000000   Code   RO         4827    .ARM.Collect$$libshutdown$$00000002  c_w.l(libshutdown2.o)
    0x08000268   0x08000268   0x00000000   Code   RO         4829    .ARM.Collect$$libshutdown$$00000004  c_w.l(libshutdown2.o)
    0x08000268   0x08000268   0x00000000   Code   RO         4832    .ARM.Collect$$libshutdown$$00000007  c_w.l(libshutdown2.o)
    0x08000268   0x08000268   0x00000000   Code   RO         4835    .ARM.Collect$$libshutdown$$0000000A  c_w.l(libshutdown2.o)
    0x08000268   0x08000268   0x00000000   Code   RO         4837    .ARM.Collect$$libshutdown$$0000000C  c_w.l(libshutdown2.o)
    0x08000268   0x08000268   0x00000000   Code   RO         4840    .ARM.Collect$$libshutdown$$0000000F  c_w.l(libshutdown2.o)
    0x08000268   0x08000268   0x00000002   Code   RO         4841    .ARM.Collect$$libshutdown$$00000010  c_w.l(libshutdown2.o)
    0x0800026a   0x0800026a   0x00000000   Code   RO         4704    .ARM.Collect$$rtentry$$00000000  c_w.l(__rtentry.o)
    0x0800026a   0x0800026a   0x00000000   Code   RO         4718    .ARM.Collect$$rtentry$$00000002  c_w.l(__rtentry2.o)
    0x0800026a   0x0800026a   0x00000006   Code   RO         4730    .ARM.Collect$$rtentry$$00000004  c_w.l(__rtentry4.o)
    0x08000270   0x08000270   0x00000000   Code   RO         4720    .ARM.Collect$$rtentry$$00000009  c_w.l(__rtentry2.o)
    0x08000270   0x08000270   0x00000004   Code   RO         4721    .ARM.Collect$$rtentry$$0000000A  c_w.l(__rtentry2.o)
    0x08000274   0x08000274   0x00000000   Code   RO         4723    .ARM.Collect$$rtentry$$0000000C  c_w.l(__rtentry2.o)
    0x08000274   0x08000274   0x00000008   Code   RO         4724    .ARM.Collect$$rtentry$$0000000D  c_w.l(__rtentry2.o)
    0x0800027c   0x0800027c   0x00000002   Code   RO         4753    .ARM.Collect$$rtexit$$00000000  c_w.l(rtexit.o)
    0x0800027e   0x0800027e   0x00000000   Code   RO         4801    .ARM.Collect$$rtexit$$00000002  c_w.l(rtexit2.o)
    0x0800027e   0x0800027e   0x00000004   Code   RO         4802    .ARM.Collect$$rtexit$$00000003  c_w.l(rtexit2.o)
    0x08000282   0x08000282   0x00000006   Code   RO         4803    .ARM.Collect$$rtexit$$00000004  c_w.l(rtexit2.o)
    0x08000288   0x08000288   0x00000040   Code   RO          500    .text               startup_stm32f407xx.o
    0x080002c8   0x080002c8   0x00000002   Code   RO         4625    .text               c_w.l(use_no_semi_2.o)
    0x080002ca   0x080002ca   0x00000002   PAD
    0x080002cc   0x080002cc   0x00000018   Code   RO         4629    .text               c_w.l(noretval__2printf.o)
    0x080002e4   0x080002e4   0x0000004e   Code   RO         4633    .text               c_w.l(_printf_pad.o)
    0x08000332   0x08000332   0x00000052   Code   RO         4635    .text               c_w.l(_printf_str.o)
    0x08000384   0x08000384   0x00000078   Code   RO         4637    .text               c_w.l(_printf_dec.o)
    0x080003fc   0x080003fc   0x00000058   Code   RO         4642    .text               c_w.l(_printf_hex_int.o)
    0x08000454   0x08000454   0x00000188   Code   RO         4677    .text               c_w.l(__printf_flags_ss_wp.o)
    0x080005dc   0x080005dc   0x00000006   Code   RO         4686    .text               c_w.l(heapauxi.o)
    0x080005e2   0x080005e2   0x00000002   Code   RO         4702    .text               c_w.l(use_no_semi.o)
    0x080005e4   0x080005e4   0x000000b2   Code   RO         4705    .text               c_w.l(_printf_intcommon.o)
    0x08000696   0x08000696   0x0000002c   Code   RO         4707    .text               c_w.l(_printf_char.o)
    0x080006c2   0x080006c2   0x00000002   PAD
    0x080006c4   0x080006c4   0x00000024   Code   RO         4709    .text               c_w.l(_printf_char_file.o)
    0x080006e8   0x080006e8   0x00000030   Code   RO         4732    .text               c_w.l(_printf_char_common.o)
    0x08000718   0x08000718   0x00000008   Code   RO         4734    .text               c_w.l(ferror.o)
    0x08000720   0x08000720   0x0000004a   Code   RO         4738    .text               c_w.l(sys_stackheap_outer.o)
    0x0800076a   0x0800076a   0x00000012   Code   RO         4742    .text               c_w.l(exit.o)
    0x0800077c   0x0800077c   0x00000008   Code   RO         4750    .text               c_w.l(libspace.o)
    0x08000784   0x08000784   0x00000002   Code   RO          266    i.BusFault_Handler  stm32f4xx_it.o
    0x08000786   0x08000786   0x00000002   Code   RO          267    i.DebugMon_Handler  stm32f4xx_it.o
    0x08000788   0x08000788   0x00000040   Code   RO         3248    i.FSMC_NORSRAM_Extended_Timing_Init  stm32f4xx_ll_fsmc.o
    0x080007c8   0x080007c8   0x00000054   Code   RO         3249    i.FSMC_NORSRAM_Init  stm32f4xx_ll_fsmc.o
    0x0800081c   0x0800081c   0x00000044   Code   RO         3250    i.FSMC_NORSRAM_Timing_Init  stm32f4xx_ll_fsmc.o
    0x08000860   0x08000860   0x00000024   Code   RO         1770    i.HAL_DMA_Abort_IT  stm32f4xx_hal_dma.o
    0x08000884   0x08000884   0x000001c0   Code   RO          798    i.HAL_GPIO_Init     stm32f4xx_hal_gpio.o
    0x08000a44   0x08000a44   0x0000000a   Code   RO          800    i.HAL_GPIO_ReadPin  stm32f4xx_hal_gpio.o
    0x08000a4e   0x08000a4e   0x0000000a   Code   RO          802    i.HAL_GPIO_WritePin  stm32f4xx_hal_gpio.o
    0x08000a58   0x08000a58   0x0000000c   Code   RO          519    i.HAL_GetREVID      stm32f4xx_hal.o
    0x08000a64   0x08000a64   0x0000000c   Code   RO          520    i.HAL_GetTick       stm32f4xx_hal.o
    0x08000a70   0x08000a70   0x00000010   Code   RO          522    i.HAL_IncTick       stm32f4xx_hal.o
    0x08000a80   0x08000a80   0x0000002c   Code   RO          523    i.HAL_Init          stm32f4xx_hal.o
    0x08000aac   0x08000aac   0x00000028   Code   RO          524    i.HAL_InitTick      stm32f4xx_hal.o
    0x08000ad4   0x08000ad4   0x00000002   Code   RO          471    i.HAL_MspInit       stm32f4xx_hal_msp.o
    0x08000ad6   0x08000ad6   0x00000016   Code   RO          665    i.HAL_NVIC_EnableIRQ  stm32f4xx_hal_cortex.o
    0x08000aec   0x08000aec   0x00000040   Code   RO          671    i.HAL_NVIC_SetPriority  stm32f4xx_hal_cortex.o
    0x08000b2c   0x08000b2c   0x00000024   Code   RO          672    i.HAL_NVIC_SetPriorityGrouping  stm32f4xx_hal_cortex.o
    0x08000b50   0x08000b50   0x00000174   Code   RO         1036    i.HAL_RCC_ClockConfig  stm32f4xx_hal_rcc.o
    0x08000cc4   0x08000cc4   0x00000030   Code   RO         1043    i.HAL_RCC_GetPCLK1Freq  stm32f4xx_hal_rcc.o
    0x08000cf4   0x08000cf4   0x00000030   Code   RO         1044    i.HAL_RCC_GetPCLK2Freq  stm32f4xx_hal_rcc.o
    0x08000d24   0x08000d24   0x00000070   Code   RO         1045    i.HAL_RCC_GetSysClockFreq  stm32f4xx_hal_rcc.o
    0x08000d94   0x08000d94   0x00000314   Code   RO         1048    i.HAL_RCC_OscConfig  stm32f4xx_hal_rcc.o
    0x080010a8   0x080010a8   0x0000008c   Code   RO         2794    i.HAL_SPI_Init      stm32f4xx_hal_spi.o
    0x08001134   0x08001134   0x00000050   Code   RO         4267    i.HAL_SPI_MspInit   spi.o
    0x08001184   0x08001184   0x00000260   Code   RO         2803    i.HAL_SPI_TransmitReceive  stm32f4xx_hal_spi.o
    0x080013e4   0x080013e4   0x00000056   Code   RO         3124    i.HAL_SRAM_Init     stm32f4xx_hal_sram.o
    0x0800143a   0x0800143a   0x00000002   PAD
    0x0800143c   0x0800143c   0x000000b8   Code   RO         4022    i.HAL_SRAM_MspInit  lcd.o
    0x080014f4   0x080014f4   0x00000018   Code   RO          674    i.HAL_SYSTICK_CLKSourceConfig  stm32f4xx_hal_cortex.o
    0x0800150c   0x0800150c   0x00000028   Code   RO          676    i.HAL_SYSTICK_Config  stm32f4xx_hal_cortex.o
    0x08001534   0x08001534   0x00000036   Code   RO         1915    i.HAL_TIM_Base_Init  stm32f4xx_hal_tim.o
    0x0800156a   0x0800156a   0x00000002   Code   RO         1917    i.HAL_TIM_Base_MspInit  stm32f4xx_hal_tim.o
    0x0800156c   0x0800156c   0x00000018   Code   RO         1920    i.HAL_TIM_Base_Start_IT  stm32f4xx_hal_tim.o
    0x08001584   0x08001584   0x00000002   Code   RO         1200    i.HAL_UART_ErrorCallback  stm32f4xx_hal_uart.o
    0x08001586   0x08001586   0x0000000a   Code   RO         1202    i.HAL_UART_GetState  stm32f4xx_hal_uart.o
    0x08001590   0x08001590   0x00000110   Code   RO         1203    i.HAL_UART_IRQHandler  stm32f4xx_hal_uart.o
    0x080016a0   0x080016a0   0x00000062   Code   RO         1204    i.HAL_UART_Init     stm32f4xx_hal_uart.o
    0x08001702   0x08001702   0x00000002   PAD
    0x08001704   0x08001704   0x0000007c   Code   RO         3932    i.HAL_UART_MspInit  usart.o
    0x08001780   0x08001780   0x00000048   Code   RO         1209    i.HAL_UART_Receive_IT  stm32f4xx_hal_uart.o
    0x080017c8   0x080017c8   0x00000058   Code   RO         3933    i.HAL_UART_RxCpltCallback  usart.o
    0x08001820   0x08001820   0x00000002   Code   RO         1215    i.HAL_UART_TxCpltCallback  stm32f4xx_hal_uart.o
    0x08001822   0x08001822   0x00000002   Code   RO          268    i.HardFault_Handler  stm32f4xx_it.o
    0x08001824   0x08001824   0x00000060   Code   RO         4236    i.KEY_Init          key.o
    0x08001884   0x08001884   0x000000cc   Code   RO         4237    i.KEY_Scan          key.o
    0x08001950   0x08001950   0x00000034   Code   RO         4024    i.LCD_Clear         lcd.o
    0x08001984   0x08001984   0x000000d8   Code   RO         4028    i.LCD_Display_Dir   lcd.o
    0x08001a5c   0x08001a5c   0x000000e8   Code   RO         4033    i.LCD_Fast_DrawPoint  lcd.o
    0x08001b44   0x08001b44   0x00000046   Code   RO         4034    i.LCD_Fill          lcd.o
    0x08001b8a   0x08001b8a   0x00000002   PAD
    0x08001b8c   0x08001b8c   0x000023a0   Code   RO         4035    i.LCD_Init          lcd.o
    0x08003f2c   0x08003f2c   0x00000014   Code   RO         4037    i.LCD_RD_DATA       lcd.o
    0x08003f40   0x08003f40   0x00000050   Code   RO         4040    i.LCD_SSD_BackLightSet  lcd.o
    0x08003f90   0x08003f90   0x000001b8   Code   RO         4041    i.LCD_Scan_Dir      lcd.o
    0x08004148   0x08004148   0x00000104   Code   RO         4042    i.LCD_SetCursor     lcd.o
    0x0800424c   0x0800424c   0x000000dc   Code   RO         4044    i.LCD_ShowChar      lcd.o
    0x08004328   0x08004328   0x00000054   Code   RO         4046    i.LCD_ShowString    lcd.o
    0x0800437c   0x0800437c   0x00000018   Code   RO         4048    i.LCD_WR_DATA       lcd.o
    0x08004394   0x08004394   0x00000018   Code   RO         4049    i.LCD_WR_REG        lcd.o
    0x080043ac   0x080043ac   0x00000014   Code   RO         4051    i.LCD_WriteRAM_Prepare  lcd.o
    0x080043c0   0x080043c0   0x0000000c   Code   RO         4052    i.LCD_WriteReg      lcd.o
    0x080043cc   0x080043cc   0x0000004c   Code   RO         3998    i.LED_Init          led.o
    0x08004418   0x08004418   0x00000002   Code   RO          269    i.MemManage_Handler  stm32f4xx_it.o
    0x0800441a   0x0800441a   0x00000002   Code   RO          270    i.NMI_Handler       stm32f4xx_it.o
    0x0800441c   0x0800441c   0x00000020   Code   RO          678    i.NVIC_SetPriority  stm32f4xx_hal_cortex.o
    0x0800443c   0x0800443c   0x00000002   Code   RO          271    i.PendSV_Handler    stm32f4xx_it.o
    0x0800443e   0x0800443e   0x00000002   PAD
    0x08004440   0x08004440   0x00000050   Code   RO         4268    i.SPI1_Init         spi.o
    0x08004490   0x08004490   0x00000020   Code   RO         4269    i.SPI1_ReadWriteByte  spi.o
    0x080044b0   0x080044b0   0x00000034   Code   RO         4270    i.SPI1_SetSpeed     spi.o
    0x080044e4   0x080044e4   0x00000020   Code   RO         2820    i.SPI_CheckFlag_BSY  stm32f4xx_hal_spi.o
    0x08004504   0x08004504   0x00000096   Code   RO         2840    i.SPI_WaitFlagStateUntilTimeout  stm32f4xx_hal_spi.o
    0x0800459a   0x0800459a   0x00000002   Code   RO          272    i.SVC_Handler       stm32f4xx_it.o
    0x0800459c   0x0800459c   0x00000094   Code   RO         3905    i.Stm32_Clock_Init  sys.o
    0x08004630   0x08004630   0x00000004   Code   RO          273    i.SysTick_Handler   stm32f4xx_it.o
    0x08004634   0x08004634   0x00000054   Code   RO          345    i.SystemInit        system_stm32f4xx.o
    0x08004688   0x08004688   0x00000034   Code   RO         4432    i.TIM4_IRQHandler   usmart.o
    0x080046bc   0x080046bc   0x000000c0   Code   RO         1999    i.TIM_Base_SetConfig  stm32f4xx_hal_tim.o
    0x0800477c   0x0800477c   0x00000054   Code   RO         4433    i.Timer4_Init       usmart.o
    0x080047d0   0x080047d0   0x00000010   Code   RO         1217    i.UART_DMAAbortOnError  stm32f4xx_hal_uart.o
    0x080047e0   0x080047e0   0x0000001c   Code   RO         1227    i.UART_EndRxTransfer  stm32f4xx_hal_uart.o
    0x080047fc   0x080047fc   0x0000008c   Code   RO         1229    i.UART_Receive_IT   stm32f4xx_hal_uart.o
    0x08004888   0x08004888   0x000002ac   Code   RO         1230    i.UART_SetConfig    stm32f4xx_hal_uart.o
    0x08004b34   0x08004b34   0x00000062   Code   RO         1231    i.UART_Transmit_IT  stm32f4xx_hal_uart.o
    0x08004b96   0x08004b96   0x00000002   PAD
    0x08004b98   0x08004b98   0x0000002c   Code   RO         3934    i.USART1_IRQHandler  usart.o
    0x08004bc4   0x08004bc4   0x00000002   Code   RO          274    i.UsageFault_Handler  stm32f4xx_it.o
    0x08004bc6   0x08004bc6   0x00000002   PAD
    0x08004bc8   0x08004bc8   0x00000058   Code   RO         4316    i.W25QXX_Erase_Sector  w25qxx.o
    0x08004c20   0x08004c20   0x0000007c   Code   RO         4317    i.W25QXX_Init       w25qxx.o
    0x08004c9c   0x08004c9c   0x00000068   Code   RO         4319    i.W25QXX_Read       w25qxx.o
    0x08004d04   0x08004d04   0x00000044   Code   RO         4320    i.W25QXX_ReadID     w25qxx.o
    0x08004d48   0x08004d48   0x00000038   Code   RO         4321    i.W25QXX_ReadSR     w25qxx.o
    0x08004d80   0x08004d80   0x0000000e   Code   RO         4323    i.W25QXX_Wait_Busy  w25qxx.o
    0x08004d8e   0x08004d8e   0x00000002   PAD
    0x08004d90   0x08004d90   0x0000009c   Code   RO         4324    i.W25QXX_Write      w25qxx.o
    0x08004e2c   0x08004e2c   0x00000020   Code   RO         4326    i.W25QXX_Write_Enable  w25qxx.o
    0x08004e4c   0x08004e4c   0x0000003e   Code   RO         4327    i.W25QXX_Write_NoCheck  w25qxx.o
    0x08004e8a   0x08004e8a   0x00000002   PAD
    0x08004e8c   0x08004e8c   0x0000006c   Code   RO         4328    i.W25QXX_Write_Page  w25qxx.o
    0x08004ef8   0x08004ef8   0x0000000e   Code   RO         4670    i._is_digit         c_w.l(__printf_wp.o)
    0x08004f06   0x08004f06   0x00000002   Code   RO         3935    i._sys_exit         usart.o
    0x08004f08   0x08004f08   0x00000014   Code   RO         3866    i.delay_init        delay.o
    0x08004f1c   0x08004f1c   0x0000001a   Code   RO         3867    i.delay_ms          delay.o
    0x08004f36   0x08004f36   0x00000002   PAD
    0x08004f38   0x08004f38   0x00000034   Code   RO         3868    i.delay_us          delay.o
    0x08004f6c   0x08004f6c   0x00000014   Code   RO         3936    i.fputc             usart.o
    0x08004f80   0x08004f80   0x000002c8   Code   RO            4    i.main              main.o
    0x08005248   0x08005248   0x00000004   Code   RO         4434    i.read_addr         usmart.o
    0x0800524c   0x0800524c   0x00000038   Code   RO         3937    i.uart_init         usart.o
    0x08005284   0x08005284   0x00000094   Code   RO         4435    i.usmart_cmd_rec    usmart.o
    0x08005318   0x08005318   0x00000260   Code   RO         4436    i.usmart_exe        usmart.o
    0x08005578   0x08005578   0x000000a4   Code   RO         4521    i.usmart_get_aparm  usmart_str.o
    0x0800561c   0x0800561c   0x0000002e   Code   RO         4522    i.usmart_get_cmdname  usmart_str.o
    0x0800564a   0x0800564a   0x00000002   PAD
    0x0800564c   0x0800564c   0x00000168   Code   RO         4523    i.usmart_get_fname  usmart_str.o
    0x080057b4   0x080057b4   0x000000d0   Code   RO         4524    i.usmart_get_fparam  usmart_str.o
    0x08005884   0x08005884   0x00000024   Code   RO         4525    i.usmart_get_parmpos  usmart_str.o
    0x080058a8   0x080058a8   0x00000030   Code   RO         4437    i.usmart_get_runtime  usmart.o
    0x080058d8   0x080058d8   0x00000028   Code   RO         4438    i.usmart_init       usmart.o
    0x08005900   0x08005900   0x00000010   Code   RO         4526    i.usmart_pow        usmart_str.o
    0x08005910   0x08005910   0x00000028   Code   RO         4439    i.usmart_reset_runtime  usmart.o
    0x08005938   0x08005938   0x000000a4   Code   RO         4440    i.usmart_scan       usmart.o
    0x080059dc   0x080059dc   0x00000010   Code   RO         4527    i.usmart_search_nextc  usmart_str.o
    0x080059ec   0x080059ec   0x000000d6   Code   RO         4528    i.usmart_str2num    usmart_str.o
    0x08005ac2   0x08005ac2   0x00000018   Code   RO         4529    i.usmart_strcmp     usmart_str.o
    0x08005ada   0x08005ada   0x00000012   Code   RO         4530    i.usmart_strcopy    usmart_str.o
    0x08005aec   0x08005aec   0x00000012   Code   RO         4531    i.usmart_strlen     usmart_str.o
    0x08005afe   0x08005afe   0x00000002   PAD
    0x08005b00   0x08005b00   0x00000680   Code   RO         4441    i.usmart_sys_cmd_exe  usmart.o
    0x08006180   0x08006180   0x00000004   Code   RO         4442    i.write_addr        usmart.o
    0x08006184   0x08006184   0x0000005a   Code   RO         4690    x$fpl$dfixu         fz_wm.l(dfixu.o)
    0x080061de   0x080061de   0x00000026   Code   RO         4694    x$fpl$dfltu         fz_wm.l(dflt_clz.o)
    0x08006204   0x08006204   0x00000154   Code   RO         4700    x$fpl$dmul          fz_wm.l(dmul.o)
    0x08006358   0x08006358   0x0000009c   Code   RO         4712    x$fpl$dnaninf       fz_wm.l(dnaninf.o)
    0x080063f4   0x080063f4   0x0000000c   Code   RO         4714    x$fpl$dretinf       fz_wm.l(dretinf.o)
    0x08006400   0x08006400   0x0000000a   Code   RO         4809    x$fpl$fpinit        fz_wm.l(fpinit.o)
    0x0800640a   0x0800640a   0x00000000   Code   RO         4716    x$fpl$usenofp       fz_wm.l(usenofp.o)
    0x0800640a   0x0800640a   0x0000001a   Data   RO            5    .constdata          main.o
    0x08006424   0x08006424   0x00000010   Data   RO          346    .constdata          system_stm32f4xx.o
    0x08006434   0x08006434   0x00000008   Data   RO          347    .constdata          system_stm32f4xx.o
    0x0800643c   0x0800643c   0x00004740   Data   RO         4055    .constdata          lcd.o
    0x0800ab7c   0x0800ab7c   0x00000028   Data   RO         4643    .constdata          c_w.l(_printf_hex_int.o)
    0x0800aba4   0x0800aba4   0x00000011   Data   RO         4678    .constdata          c_w.l(__printf_flags_ss_wp.o)
    0x0800abb5   0x0800abb5   0x00000003   PAD
    0x0800abb8   0x0800abb8   0x00000028   Data   RO         4444    .conststring        usmart.o
    0x0800abe0   0x0800abe0   0x0000006b   Data   RO         4600    .conststring        usmart_config.o
    0x0800ac4b   0x0800ac4b   0x00000001   PAD
    0x0800ac4c   0x0800ac4c   0x00000020   Data   RO         4873    Region$$Table       anon$$obj.o


    Execution Region RW_IRAM1 (Exec base: 0x20000000, Load base: 0x0800ac6c, Size: 0x000019b0, Max: 0x00020000, ABSOLUTE, COMPRESSED[0x00000054])

    Exec Addr    Load Addr    Size         Type   Attr      Idx    E Section Name        Object

    0x20000000   COMPRESSED   0x00000004   Data   RW          348    .data               system_stm32f4xx.o
    0x20000004   COMPRESSED   0x00000004   Data   RW          529    .data               stm32f4xx_hal.o
    0x20000008   COMPRESSED   0x00000004   Data   RW         3869    .data               delay.o
    0x2000000c   COMPRESSED   0x00000004   Data   RW         3939    .data               usart.o
    0x20000010   COMPRESSED   0x00000004   Data   RW         3940    .data               usart.o
    0x20000014   COMPRESSED   0x00000008   Data   RW         4056    .data               lcd.o
    0x2000001c   COMPRESSED   0x00000001   Data   RW         4238    .data               key.o
    0x2000001d   COMPRESSED   0x00000001   PAD
    0x2000001e   COMPRESSED   0x00000002   Data   RW         4331    .data               w25qxx.o
    0x20000020   COMPRESSED   0x0000001c   Data   RW         4445    .data               usmart.o
    0x2000003c   COMPRESSED   0x00000020   Data   RW         4601    .data               usmart_config.o
    0x2000005c   COMPRESSED   0x000000f4   Data   RW         4602    .data               usmart_config.o
    0x20000150        -       0x00000108   Zero   RW         3938    .bss                usart.o
    0x20000258        -       0x0000005e   Zero   RW         4054    .bss                lcd.o
    0x200002b6   COMPRESSED   0x00000002   PAD
    0x200002b8        -       0x00000058   Zero   RW         4271    .bss                spi.o
    0x20000310        -       0x00001000   Zero   RW         4330    .bss                w25qxx.o
    0x20001310        -       0x0000003c   Zero   RW         4443    .bss                usmart.o
    0x2000134c        -       0x00000060   Zero   RW         4751    .bss                c_w.l(libspace.o)
    0x200013ac   COMPRESSED   0x00000004   PAD
    0x200013b0        -       0x00000200   Zero   RW          498    HEAP                startup_stm32f407xx.o
    0x200015b0        -       0x00000400   Zero   RW          497    STACK               startup_stm32f407xx.o


==============================================================================

Image component sizes


      Code (inc. data)   RO Data    RW Data    ZI Data      Debug   Object Name

        98          8          0          4          0       2107   delay.o
       300         26          0          1          0       1846   key.o
     11058        142      18240          8         94      20185   lcd.o
        76          8          0          0          0        947   led.o
       712        260         26          0          0     696417   main.o
       244         26          0          0         88       3098   spi.o
        64         26        392          0       1536        852   startup_stm32f407xx.o
       124         26          0          4          0       4658   stm32f4xx_hal.o
       218         14          0          0          0      31181   stm32f4xx_hal_cortex.o
        36          0          0          0          0       1299   stm32f4xx_hal_dma.o
       468         46          0          0          0       3367   stm32f4xx_hal_gpio.o
         2          0          0          0          0        486   stm32f4xx_hal_msp.o
      1368         74          0          0          0       5568   stm32f4xx_hal_rcc.o
       930          0          0          0          0       4769   stm32f4xx_hal_spi.o
        86          0          0          0          0       1300   stm32f4xx_hal_sram.o
       272         44          0          0          0       4172   stm32f4xx_hal_tim.o
      1422         14          0          0          0       8887   stm32f4xx_hal_uart.o
        20          0          0          0          0       4358   stm32f4xx_it.o
       216         12          0          0          0       2871   stm32f4xx_ll_fsmc.o
       148         12          0          0          0       1227   sys.o
        84         18         24          4          0       1207   system_stm32f4xx.o
       334         52          0          8        264       5725   usart.o
      2856       1354         40         28         60       8515   usmart.o
         0          0        107        276          0       1620   usmart_config.o
      1120         20          0          0          0      10035   usmart_str.o
       812         66          0          2       4096       8097   w25qxx.o

    ----------------------------------------------------------------------
     23090       2248      18862        336       6140     834794   Object Totals
         0          0         32          0          0          0   (incl. Generated)
        22          0          1          1          2          0   (incl. Padding)

    ----------------------------------------------------------------------

      Code (inc. data)   RO Data    RW Data    ZI Data      Debug   Library Member Name

        90          0          0          0          0          0   __dczerorl2.o
         8          0          0          0          0         68   __main.o
       392          4         17          0          0         92   __printf_flags_ss_wp.o
        14          0          0          0          0         68   __printf_wp.o
         0          0          0          0          0          0   __rtentry.o
        12          0          0          0          0          0   __rtentry2.o
         6          0          0          0          0          0   __rtentry4.o
        52          8          0          0          0          0   __scatter.o
        28          0          0          0          0          0   __scatter_zi.o
         6          0          0          0          0          0   _printf_c.o
        44          0          0          0          0        108   _printf_char.o
        48          6          0          0          0         96   _printf_char_common.o
        36          4          0          0          0         80   _printf_char_file.o
         6          0          0          0          0          0   _printf_d.o
       120         16          0          0          0         92   _printf_dec.o
        88          4         40          0          0         88   _printf_hex_int.o
       178          0          0          0          0         88   _printf_intcommon.o
        78          0          0          0          0        108   _printf_pad.o
         0          0          0          0          0          0   _printf_percent.o
         4          0          0          0          0          0   _printf_percent_end.o
         6          0          0          0          0          0   _printf_s.o
        82          0          0          0          0         80   _printf_str.o
         6          0          0          0          0          0   _printf_u.o
         6          0          0          0          0          0   _printf_x.o
        18          0          0          0          0         80   exit.o
         8          0          0          0          0         68   ferror.o
         6          0          0          0          0        152   heapauxi.o
         2          0          0          0          0          0   libinit.o
         6          0          0          0          0          0   libinit2.o
         2          0          0          0          0          0   libshutdown.o
         2          0          0          0          0          0   libshutdown2.o
         8          4          0          0         96         68   libspace.o
        24          4          0          0          0         84   noretval__2printf.o
         2          0          0          0          0          0   rtexit.o
        10          0          0          0          0          0   rtexit2.o
        74          0          0          0          0         80   sys_stackheap_outer.o
         2          0          0          0          0         68   use_no_semi.o
         2          0          0          0          0         68   use_no_semi_2.o
        90          4          0          0          0        140   dfixu.o
        38          0          0          0          0        116   dflt_clz.o
       340         12          0          0          0        152   dmul.o
       156          4          0          0          0        140   dnaninf.o
        12          0          0          0          0        116   dretinf.o
        10          0          0          0          0        116   fpinit.o
         0          0          0          0          0          0   usenofp.o

    ----------------------------------------------------------------------
      2128         70         60          0        100       2416   Library Totals
         6          0          3          0          4          0   (incl. Padding)

    ----------------------------------------------------------------------

      Code (inc. data)   RO Data    RW Data    ZI Data      Debug   Library Name

      1476         50         57          0         96       1636   c_w.l
       646         20          0          0          0        780   fz_wm.l

    ----------------------------------------------------------------------
      2128         70         60          0        100       2416   Library Totals

    ----------------------------------------------------------------------

==============================================================================


      Code (inc. data)   RO Data    RW Data    ZI Data      Debug   

     25218       2318      18922        336       6240     824830   Grand Totals
     25218       2318      18922         84       6240     824830   ELF Image Totals (compressed)
     25218       2318      18922         84          0          0   ROM Totals

==============================================================================

    Total RO  Size (Code + RO Data)                44140 (  43.11kB)
    Total RW  Size (RW Data + ZI Data)              6576 (   6.42kB)
    Total ROM Size (Code + RO Data + RW Data)      44224 (  43.19kB)

==============================================================================

