Component: ARM Compiler 5.06 update 7 (build 960) Tool: armlink [4d3601]

==============================================================================

Section Cross References

    main.o(i.gfx_draw_pixel) refers to oled.o(i.OLED_DrawPoint) for OLED_DrawPoint
    main.o(i.main) refers to stm32f4xx_hal.o(i.HAL_Init) for HAL_Init
    main.o(i.main) refers to sys.o(i.Stm32_Clock_Init) for Stm32_Clock_Init
    main.o(i.main) refers to delay.o(i.delay_init) for delay_init
    main.o(i.main) refers to usart.o(i.uart_init) for uart_init
    main.o(i.main) refers to led.o(i.LED_Init) for LED_Init
    main.o(i.main) refers to oled.o(i.OLED_Init) for OLED_Init
    main.o(i.main) refers to key.o(i.KEY_Init) for KEY_Init
    main.o(i.main) refers to uicode.o(i.startHelloCircle) for startHelloCircle
    main.o(i.main) refers to oled.o(i.OLED_ShowPicture) for OLED_ShowPicture
    main.o(i.main) refers to oled.o(i.OLED_Refresh_Gram) for OLED_Refresh_Gram
    main.o(i.main) refers to main.o(i.gfx_draw_pixel) for gfx_draw_pixel
    main.o(i.main) refers to main.o(.data) for .data
    stm32f4xx_it.o(i.SysTick_Handler) refers to stm32f4xx_hal.o(i.HAL_IncTick) for HAL_IncTick
    system_stm32f4xx.o(i.SystemCoreClockUpdate) refers to system_stm32f4xx.o(.data) for .data
    system_stm32f4xx.o(i.SystemCoreClockUpdate) refers to system_stm32f4xx.o(.constdata) for .constdata
    startup_stm32f407xx.o(STACK) refers (Special) to heapauxi.o(.text) for __use_two_region_memory
    startup_stm32f407xx.o(HEAP) refers (Special) to heapauxi.o(.text) for __use_two_region_memory
    startup_stm32f407xx.o(RESET) refers (Special) to heapauxi.o(.text) for __use_two_region_memory
    startup_stm32f407xx.o(RESET) refers to startup_stm32f407xx.o(STACK) for __initial_sp
    startup_stm32f407xx.o(RESET) refers to startup_stm32f407xx.o(.text) for Reset_Handler
    startup_stm32f407xx.o(RESET) refers to stm32f4xx_it.o(i.NMI_Handler) for NMI_Handler
    startup_stm32f407xx.o(RESET) refers to stm32f4xx_it.o(i.HardFault_Handler) for HardFault_Handler
    startup_stm32f407xx.o(RESET) refers to stm32f4xx_it.o(i.MemManage_Handler) for MemManage_Handler
    startup_stm32f407xx.o(RESET) refers to stm32f4xx_it.o(i.BusFault_Handler) for BusFault_Handler
    startup_stm32f407xx.o(RESET) refers to stm32f4xx_it.o(i.UsageFault_Handler) for UsageFault_Handler
    startup_stm32f407xx.o(RESET) refers to stm32f4xx_it.o(i.SVC_Handler) for SVC_Handler
    startup_stm32f407xx.o(RESET) refers to stm32f4xx_it.o(i.DebugMon_Handler) for DebugMon_Handler
    startup_stm32f407xx.o(RESET) refers to stm32f4xx_it.o(i.PendSV_Handler) for PendSV_Handler
    startup_stm32f407xx.o(RESET) refers to stm32f4xx_it.o(i.SysTick_Handler) for SysTick_Handler
    startup_stm32f407xx.o(RESET) refers to usart.o(i.USART1_IRQHandler) for USART1_IRQHandler
    startup_stm32f407xx.o(.text) refers (Special) to heapauxi.o(.text) for __use_two_region_memory
    startup_stm32f407xx.o(.text) refers to system_stm32f4xx.o(i.SystemInit) for SystemInit
    startup_stm32f407xx.o(.text) refers to __main.o(!!!main) for __main
    startup_stm32f407xx.o(.text) refers to startup_stm32f407xx.o(HEAP) for Heap_Mem
    startup_stm32f407xx.o(.text) refers to startup_stm32f407xx.o(STACK) for Stack_Mem
    stm32f4xx_hal.o(i.HAL_DeInit) refers to stm32f4xx_hal_msp.o(i.HAL_MspDeInit) for HAL_MspDeInit
    stm32f4xx_hal.o(i.HAL_Delay) refers to stm32f4xx_hal.o(i.HAL_GetTick) for HAL_GetTick
    stm32f4xx_hal.o(i.HAL_GetTick) refers to stm32f4xx_hal.o(.data) for .data
    stm32f4xx_hal.o(i.HAL_IncTick) refers to stm32f4xx_hal.o(.data) for .data
    stm32f4xx_hal.o(i.HAL_Init) refers to stm32f4xx_hal_cortex.o(i.HAL_NVIC_SetPriorityGrouping) for HAL_NVIC_SetPriorityGrouping
    stm32f4xx_hal.o(i.HAL_Init) refers to stm32f4xx_hal.o(i.HAL_InitTick) for HAL_InitTick
    stm32f4xx_hal.o(i.HAL_Init) refers to stm32f4xx_hal_msp.o(i.HAL_MspInit) for HAL_MspInit
    stm32f4xx_hal.o(i.HAL_InitTick) refers to stm32f4xx_hal_cortex.o(i.HAL_SYSTICK_Config) for HAL_SYSTICK_Config
    stm32f4xx_hal.o(i.HAL_InitTick) refers to stm32f4xx_hal_cortex.o(i.HAL_NVIC_SetPriority) for HAL_NVIC_SetPriority
    stm32f4xx_hal.o(i.HAL_InitTick) refers to system_stm32f4xx.o(.data) for SystemCoreClock
    stm32f4xx_hal_cortex.o(i.HAL_NVIC_SetPriority) refers to stm32f4xx_hal_cortex.o(i.NVIC_SetPriority) for NVIC_SetPriority
    stm32f4xx_hal_cortex.o(i.HAL_SYSTICK_Config) refers to stm32f4xx_hal_cortex.o(i.NVIC_SetPriority) for NVIC_SetPriority
    stm32f4xx_hal_cortex.o(i.HAL_SYSTICK_IRQHandler) refers to stm32f4xx_hal_cortex.o(i.HAL_SYSTICK_Callback) for HAL_SYSTICK_Callback
    stm32f4xx_hal_gpio.o(i.HAL_GPIO_EXTI_IRQHandler) refers to stm32f4xx_hal_gpio.o(i.HAL_GPIO_EXTI_Callback) for HAL_GPIO_EXTI_Callback
    stm32f4xx_hal_pwr.o(i.HAL_PWR_PVD_IRQHandler) refers to stm32f4xx_hal_pwr.o(i.HAL_PWR_PVDCallback) for HAL_PWR_PVDCallback
    stm32f4xx_hal_pwr_ex.o(i.HAL_PWREx_ControlVoltageScaling) refers to stm32f4xx_hal.o(i.HAL_GetTick) for HAL_GetTick
[...]
    i._ZN7c_layerC1Ev                        0x0800249e   Section        0  uicode.o(i._ZN7c_layerC1Ev)
    i._ZN9c_display10draw_pixelEiij          0x080024ae   Section        0  uicode.o(i._ZN9c_display10draw_pixelEiij)
    i._ZN9c_display9fill_rectEiiiij          0x0800250c   Section        0  uicode.o(i._ZN9c_display9fill_rectEiiiij)
    i._ZN9c_surface10draw_hlineEiiijj        0x080025d6   Section        0  uicode.o(i._ZN9c_surface10draw_hlineEiiijj)
    i._ZN9c_surface10draw_pixelEiijj         0x08002604   Section        0  uicode.o(i._ZN9c_surface10draw_pixelEiijj)
    i._ZN9c_surface11set_surfaceE13Z_ORDER_LEVEL6c_rect 0x08002700   Section        0  uicode.o(i._ZN9c_surface11set_surfaceE13Z_ORDER_LEVEL6c_rect)
    i._ZN9c_surface19fill_rect_low_levelEiiiij 0x08002774   Section        0  uicode.o(i._ZN9c_surface19fill_rect_low_levelEiiiij)
    i._ZN9c_surface20draw_pixel_low_levelEiij 0x08002810   Section        0  uicode.o(i._ZN9c_surface20draw_pixel_low_levelEiij)
    i._ZN9c_surface9fill_rectEiiiijj         0x08002866   Section        0  uicode.o(i._ZN9c_surface9fill_rectEiiiijj)
    i._ZN9c_surfaceC1Ejjj13Z_ORDER_LEVEL6c_rect 0x08002974   Section        0  uicode.o(i._ZN9c_surfaceC1Ejjj13Z_ORDER_LEVEL6c_rect)
    i._ZNK6c_rect10pt_in_rectEii             0x08002a10   Section        0  uicode.o(i._ZNK6c_rect10pt_in_rectEii)
    i.__ARM_fpclassify                       0x08002a30   Section        0  fpclassify.o(i.__ARM_fpclassify)
    i.__aeabi_vec_ctor_nocookie_nodtor       0x08002a60   Section        0  aeabi_vec_ctor_nocookie_nodtor.o(i.__aeabi_vec_ctor_nocookie_nodtor)
    i.__cxa_guard_acquire                    0x08002a84   Section        0  cxa_guard_acquire.o(i.__cxa_guard_acquire)
    i.__hardfp_cos                           0x08002a98   Section        0  cos.o(i.__hardfp_cos)
    i.__hardfp_sin                           0x08002b60   Section        0  sin.o(i.__hardfp_sin)
    i.__ieee754_rem_pio2                     0x08002c28   Section        0  rred.o(i.__ieee754_rem_pio2)
    i.__kernel_cos                           0x08003060   Section        0  cos_i.o(i.__kernel_cos)
    i.__kernel_poly                          0x080031d0   Section        0  poly.o(i.__kernel_poly)
    i.__kernel_sin                           0x080032c8   Section        0  sin_i.o(i.__kernel_sin)
    i.__mathlib_dbl_infnan                   0x080033f8   Section        0  dunder.o(i.__mathlib_dbl_infnan)
    i.__mathlib_dbl_invalid                  0x08003410   Section        0  dunder.o(i.__mathlib_dbl_invalid)
    i.__mathlib_dbl_underflow                0x08003430   Section        0  dunder.o(i.__mathlib_dbl_underflow)
    i.__sti___10_UIcode_cpp_396ac66f         0x08003450   Section        0  uicode.o(i.__sti___10_UIcode_cpp_396ac66f)
    __sti___10_UIcode_cpp_396ac66f           0x08003451   Thumb Code   748  uicode.o(i.__sti___10_UIcode_cpp_396ac66f)
    i._sys_exit                              0x08003794   Section        0  usart.o(i._sys_exit)
    i._ttywrch                               0x08003796   Section        0  usart.o(i._ttywrch)
    i.delay_init                             0x08003798   Section        0  delay.o(i.delay_init)
    i.delay_ms                               0x080037ac   Section        0  delay.o(i.delay_ms)
    i.delay_us                               0x080037c8   Section        0  delay.o(i.delay_us)
    i.fabs                                   0x080037fc   Section        0  fabs.o(i.fabs)
    i.gfx_draw_pixel                         0x08003814   Section        0  main.o(i.gfx_draw_pixel)
    i.main                                   0x08003820   Section        0  main.o(i.main)
    i.startHelloCircle                       0x080038b0   Section        0  uicode.o(i.startHelloCircle)
    i.uart_init                              0x080038bc   Section        0  usart.o(i.uart_init)
    x$fpl$basic                              0x080038f4   Section       24  basic.o(x$fpl$basic)
    $v0                                      0x080038f4   Number         0  basic.o(x$fpl$basic)
    x$fpl$dadd                               0x0800390c   Section      336  daddsub_clz.o(x$fpl$dadd)
    $v0                                      0x0800390c   Number         0  daddsub_clz.o(x$fpl$dadd)
    _dadd1                                   0x0800391d   Thumb Code     0  daddsub_clz.o(x$fpl$dadd)
    x$fpl$dcmpinf                            0x08003a5c   Section       24  dcmpi.o(x$fpl$dcmpinf)
    $v0                                      0x08003a5c   Number         0  dcmpi.o(x$fpl$dcmpinf)
    x$fpl$ddiv                               0x08003a74   Section      688  ddiv.o(x$fpl$ddiv)
    $v0                                      0x08003a74   Number         0  ddiv.o(x$fpl$ddiv)
    ddiv_entry                               0x08003a7b   Thumb Code     0  ddiv.o(x$fpl$ddiv)
    x$fpl$dfix                               0x08003d24   Section       94  dfix.o(x$fpl$dfix)
    $v0                                      0x08003d24   Number         0  dfix.o(x$fpl$dfix)
    x$fpl$dflt                               0x08003d82   Section       46  dflt_clz.o(x$fpl$dflt)
    $v0                                      0x08003d82   Number         0  dflt_clz.o(x$fpl$dflt)
    x$fpl$dfltu                              0x08003db0   Section       38  dflt_clz.o(x$fpl$dfltu)
    $v0                                      0x08003db0   Number         0  dflt_clz.o(x$fpl$dfltu)
    x$fpl$dleqf                              0x08003dd8   Section      120  dleqf.o(x$fpl$dleqf)
    $v0                                      0x08003dd8   Number         0  dleqf.o(x$fpl$dleqf)
    x$fpl$dmul                               0x08003e50   Section      340  dmul.o(x$fpl$dmul)
    $v0                                      0x08003e50   Number         0  dmul.o(x$fpl$dmul)
    x$fpl$dnaninf                            0x08003fa4   Section      156  dnaninf.o(x$fpl$dnaninf)
    $v0                                      0x08003fa4   Number         0  dnaninf.o(x$fpl$dnaninf)
    x$fpl$dretinf                            0x08004040   Section       12  dretinf.o(x$fpl$dretinf)
    $v0                                      0x08004040   Number         0  dretinf.o(x$fpl$dretinf)
    x$fpl$drleqf                             0x0800404c   Section      108  drleqf.o(x$fpl$drleqf)
    $v0                                      0x0800404c   Number         0  drleqf.o(x$fpl$drleqf)
    x$fpl$drsb                               0x080040b8   Section       22  daddsub_clz.o(x$fpl$drsb)
    $v0                                      0x080040b8   Number         0  daddsub_clz.o(x$fpl$drsb)
    x$fpl$dsub                               0x080040d0   Section      468  daddsub_clz.o(x$fpl$dsub)
    $v0                                      0x080040d0   Number         0  daddsub_clz.o(x$fpl$dsub)
    _dsub1                                   0x080040e1   Thumb Code     0  daddsub_clz.o(x$fpl$dsub)
    x$fpl$fpinit                             0x080042a4   Section       10  fpinit.o(x$fpl$fpinit)
    $v0                                      0x080042a4   Number         0  fpinit.o(x$fpl$fpinit)
    .constdata                               0x080042ae   Section       16  system_stm32f4xx.o(.constdata)
    x$fpl$usenofp                            0x080042ae   Section        0  usenofp.o(x$fpl$usenofp)
    .constdata                               0x080042be   Section        8  system_stm32f4xx.o(.constdata)
    .constdata                               0x080042c8   Section       48  cos_i.o(.constdata)
    C                                        0x080042c8   Data          48  cos_i.o(.constdata)
    .constdata                               0x080042f8   Section      200  rred.o(.constdata)
    pio2s                                    0x080042f8   Data          48  rred.o(.constdata)
    twooverpi                                0x08004328   Data         152  rred.o(.constdata)
    .constdata                               0x080043c0   Section       40  sin_i.o(.constdata)
    S                                        0x080043c0   Data          40  sin_i.o(.constdata)
    .constdata__ZTV10c_keyboard              0x080043e8   Section       56  uicode.o(.constdata__ZTV10c_keyboard)
    .constdata__ZTV17c_bitmap_operator       0x08004420   Section       16  uicode.o(.constdata__ZTV17c_bitmap_operator)
    .constdata__ZTV17c_keyboard_button       0x08004430   Section       52  uicode.o(.constdata__ZTV17c_keyboard_button)
    .constdata__ZTV17c_lattice_font_op       0x08004464   Section       28  uicode.o(.constdata__ZTV17c_lattice_font_op)
    .constdata__ZTV5c_wnd                    0x08004480   Section       52  uicode.o(.constdata__ZTV5c_wnd)
    .constdata__ZTV9c_display                0x080044b4   Section       20  uicode.o(.constdata__ZTV9c_display)
    .constdata__ZTV9c_surface                0x080044c8   Section       24  uicode.o(.constdata__ZTV9c_surface)
    .constdata__ZZN6c_rect8set_rectEiiiiEs   0x080044e0   Section       26  uicode.o(.constdata__ZZN6c_rect8set_rectEiiiiEs)
    .constdata__ZZN9c_surface10draw_pixelEiijjEs 0x080044fa   Section       26  uicode.o(.constdata__ZZN9c_surface10draw_pixelEiijjEs)
    .constdata__ZZN9c_surface11set_surfaceE13Z_ORDER_LEVEL6c_rectEs 0x08004514   Section       26  uicode.o(.constdata__ZZN9c_surface11set_surfaceE13Z_ORDER_LEVEL6c_rectEs)
    .init_array                              0x08004550   Section        4  uicode.o(.init_array)
    .init_array                              0x08004554   Section        0  init_aeabi.o(.init_array)
    .data                                    0x20000000   Section     1288  main.o(.data)
    .data                                    0x20000508   Section        4  system_stm32f4xx.o(.data)
    .data                                    0x2000050c   Section        4  stm32f4xx_hal.o(.data)
    .data                                    0x20000510   Section        4  delay.o(.data)
    fac_us                                   0x20000510   Data           4  delay.o(.data)
    .data                                    0x20000514   Section        4  usart.o(.data)
    .data                                    0x20000518   Section     1212  uicode.o(.data)
    _ZGVdisplay                              0x2000051c   Data           4  uicode.o(.data)
    _ZGVsurface                              0x20000520   Data           4  uicode.o(.data)
    do_assert                                0x2000052c   Data           4  uicode.o(.data)
    do_log_out                               0x20000530   Data           4  uicode.o(.data)
    s_surface                                0x20000534   Data           4  uicode.o(.data)
    s_display                                0x20000538   Data           4  uicode.o(.data)
    .bss                                     0x200009d4   Section      264  usart.o(.bss)
    .bss                                     0x20000adc   Section     1024  oled.o(.bss)
    .bss                                     0x20000ee0   Section    33172  uicode.o(.bss)
    rotation                                 0x20000ee0   Data          72  uicode.o(.bss)
    rotation                                 0x20000f28   Data          72  uicode.o(.bss)
    projection                               0x20000f70   Data          48  uicode.o(.bss)
    surface                                  0x20000fa0   Data          92  uicode.o(.bss)
    display                                  0x20000ffc   Data          64  uicode.o(.bss)
    s_key_0                                  0x2000103c   Data          80  uicode.o(.bss)
    s_key_1                                  0x2000108c   Data          80  uicode.o(.bss)
    s_key_2                                  0x200010dc   Data          80  uicode.o(.bss)
    s_key_3                                  0x2000112c   Data          80  uicode.o(.bss)
    s_key_4                                  0x2000117c   Data          80  uicode.o(.bss)
    s_key_5                                  0x200011cc   Data          80  uicode.o(.bss)
    s_key_6                                  0x2000121c   Data          80  uicode.o(.bss)
    s_key_7                                  0x2000126c   Data          80  uicode.o(.bss)
    s_key_8                                  0x200012bc   Data          80  uicode.o(.bss)
    s_key_9                                  0x2000130c   Data          80  uicode.o(.bss)
    s_key_A                                  0x2000135c   Data          80  uicode.o(.bss)
    s_key_B                                  0x200013ac   Data          80  uicode.o(.bss)
    s_key_C                                  0x200013fc   Data          80  uicode.o(.bss)
    s_key_D                                  0x2000144c   Data          80  uicode.o(.bss)
    s_key_E                                  0x2000149c   Data          80  uicode.o(.bss)
    s_key_F                                  0x200014ec   Data          80  uicode.o(.bss)
    s_key_G                                  0x2000153c   Data          80  uicode.o(.bss)
    s_key_H                                  0x2000158c   Data          80  uicode.o(.bss)
    s_key_I                                  0x200015dc   Data          80  uicode.o(.bss)
    s_key_J                                  0x2000162c   Data          80  uicode.o(.bss)
    s_key_K                                  0x2000167c   Data          80  uicode.o(.bss)
    s_key_L                                  0x200016cc   Data          80  uicode.o(.bss)
    s_key_M                                  0x2000171c   Data          80  uicode.o(.bss)
    s_key_N                                  0x2000176c   Data          80  uicode.o(.bss)
    s_key_O                                  0x200017bc   Data          80  uicode.o(.bss)
    s_key_P                                  0x2000180c   Data          80  uicode.o(.bss)
    s_key_Q                                  0x2000185c   Data          80  uicode.o(.bss)
    s_key_R                                  0x200018ac   Data          80  uicode.o(.bss)
    s_key_S                                  0x200018fc   Data          80  uicode.o(.bss)
    s_key_T                                  0x2000194c   Data          80  uicode.o(.bss)
    s_key_U                                  0x2000199c   Data          80  uicode.o(.bss)
    s_key_V                                  0x200019ec   Data          80  uicode.o(.bss)
    s_key_W                                  0x20001a3c   Data          80  uicode.o(.bss)
    s_key_X                                  0x20001a8c   Data          80  uicode.o(.bss)
    s_key_Y                                  0x20001adc   Data          80  uicode.o(.bss)
    s_key_Z                                  0x20001b2c   Data          80  uicode.o(.bss)
    s_key_dot                                0x20001b7c   Data          80  uicode.o(.bss)
    s_key_caps                               0x20001bcc   Data          80  uicode.o(.bss)
    s_key_space                              0x20001c1c   Data          80  uicode.o(.bss)
    s_key_enter                              0x20001c6c   Data          80  uicode.o(.bss)
    s_key_del                                0x20001cbc   Data          80  uicode.o(.bss)
    s_key_esc                                0x20001d0c   Data          80  uicode.o(.bss)
    s_key_num_switch                         0x20001d5c   Data          80  uicode.o(.bss)
    .bss                                     0x20009074   Section       96  libspace.o(.bss)
    HEAP                                     0x200090d8   Section      512  startup_stm32f407xx.o(HEAP)
    Heap_Mem                                 0x200090d8   Data         512  startup_stm32f407xx.o(HEAP)
    STACK                                    0x200092d8   Section     1024  startup_stm32f407xx.o(STACK)
    Stack_Mem                                0x200092d8   Data        1024  startup_stm32f407xx.o(STACK)
    __initial_sp                             0x200096d8   Data           0  startup_stm32f407xx.o(STACK)

    Global Symbols

    Symbol Name                              Value     Ov Type        Size  Object(Section)

    BuildAttributes$$THM_ISAv4$E$P$D$K$B$S$7EM$VFPi3$EXTD16$VFPS$VFMA$PE$A:L22UL41UL21$X:L11$S22US41US21$IEEE1$IW$USESV6$~STKCKD$USESV7$~SHL$OTIME$ROPI$IEEEX$EBA8$UX$STANDARDLIB$REQ8$PRES8$EABIv2 0x00000000   Number         0  anon$$obj.o ABSOLUTE
    __ARM_use_no_argv                        0x00000000   Number         0  main.o ABSOLUTE
    _printf_flags                            0x00000000   Number         0  printf_stubs.o ABSOLUTE
    _printf_return_value                     0x00000000   Number         0  printf_stubs.o ABSOLUTE
    _printf_sizespec                         0x00000000   Number         0  printf_stubs.o ABSOLUTE
    _printf_widthprec                        0x00000000   Number         0  printf_stubs.o ABSOLUTE
    SHT$$ARM_EXIDX$$Base                      - Undefined Reference
    SHT$$ARM_EXIDX$$Limit                     - Undefined Reference
    __ARM::default_unexpected_handler()       - Undefined Weak Reference
    __ARM_exceptions_buffer_required          - Undefined Weak Reference
    __ARM_exceptions_init                     - Undefined Weak Reference
    __aeabi_unwind_cpp_pr1                    - Undefined Weak Reference
    __aeabi_unwind_cpp_pr2                    - Undefined Weak Reference
    __alloca_initialize                       - Undefined Weak Reference
    __arm_fini_                               - Undefined Weak Reference
    __arm_preinit_                            - Undefined Weak Reference
    __cxa_begin_cleanup                       - Undefined Weak Reference
    __cxa_call_unexpected                     - Undefined Weak Reference
    __cxa_type_match                          - Undefined Weak Reference
    __sigvec_lookup                           - Undefined Weak Reference
    __user_heap_extent                        - Undefined Weak Reference
    _atexit_init                              - Undefined Weak Reference
    _call_atexit_fns                          - Undefined Weak Reference
    _clock_init                               - Undefined Weak Reference
    _fp_trap_init                             - Undefined Weak Reference
    _fp_trap_shutdown                         - Undefined Weak Reference
    _get_lc_collate                           - Undefined Weak Reference
    _get_lc_ctype                             - Undefined Weak Reference
    _get_lc_monetary                          - Undefined Weak Reference
    _get_lc_time                              - Undefined Weak Reference
    _getenv_init                              - Undefined Weak Reference
    _handle_redirection                       - Undefined Weak Reference
    _initio                                   - Undefined Weak Reference
    _mutex_acquire                            - Undefined Weak Reference
    _mutex_free                               - Undefined Weak Reference
    _mutex_release                            - Undefined Weak Reference
    _printf_post_padding                      - Undefined Weak Reference
    _printf_pre_padding                       - Undefined Weak Reference
    _printf_truncate_signed                   - Undefined Weak Reference
    _printf_truncate_unsigned                 - Undefined Weak Reference
    _rand_init                                - Undefined Weak Reference
    _signal_finish                            - Undefined Weak Reference
    _signal_init                              - Undefined Weak Reference
    _terminateio                              - Undefined Weak Reference
    __Vectors_Size                           0x00000188   Number         0  startup_stm32f407xx.o ABSOLUTE
    __Vectors                                0x08000000   Data           4  startup_stm32f407xx.o(RESET)
    __dso_handle                             0x08000000   Number         0  startup_stm32f407xx.o(RESET)
    __Vectors_End                            0x08000188   Data           0  startup_stm32f407xx.o(RESET)
    __main                                   0x08000189   Thumb Code     8  __main.o(!!!main)
    __scatterload                            0x08000191   Thumb Code     0  __scatter.o(!!!scatter)
    __scatterload_rt2                        0x08000191   Thumb Code    44  __scatter.o(!!!scatter)
    __scatterload_rt2_thumb_only             0x08000191   Thumb Code     0  __scatter.o(!!!scatter)
    __scatterload_null                       0x0800019f   Thumb Code     0  __scatter.o(!!!scatter)
    __decompress                             0x080001c5   Thumb Code    90  __dczerorl2.o(!!dczerorl2)
    __decompress1                            0x080001c5   Thumb Code     0  __dczerorl2.o(!!dczerorl2)
    __scatterload_zeroinit                   0x08000221   Thumb Code    28  __scatter_zi.o(!!handler_zi)
    __rt_lib_init                            0x0800023d   Thumb Code     0  libinit.o(.ARM.Collect$$libinit$$00000000)
    __rt_lib_init_fp_1                       0x0800023f   Thumb Code     0  libinit2.o(.ARM.Collect$$libinit$$00000001)
    __rt_lib_init_heap_2                     0x08000243   Thumb Code     0  libinit2.o(.ARM.Collect$$libinit$$00000005)
    __rt_lib_init_preinit_1                  0x08000243   Thumb Code     0  libinit2.o(.ARM.Collect$$libinit$$00000004)
    __rt_lib_init_alloca_1                   0x0800024b   Thumb Code     0  libinit2.o(.ARM.Collect$$libinit$$0000002E)
    __rt_lib_init_argv_1                     0x0800024b   Thumb Code     0  libinit2.o(.ARM.Collect$$libinit$$0000002C)
    __rt_lib_init_atexit_1                   0x0800024b   Thumb Code     0  libinit2.o(.ARM.Collect$$libinit$$0000001B)
    __rt_lib_init_clock_1                    0x0800024b   Thumb Code     0  libinit2.o(.ARM.Collect$$libinit$$00000021)
    __rt_lib_init_cpp_2                      0x0800024b   Thumb Code     0  libinit2.o(.ARM.Collect$$libinit$$00000031)
    __rt_lib_init_exceptions_1               0x0800024b   Thumb Code     0  libinit2.o(.ARM.Collect$$libinit$$00000030)
    __rt_lib_init_fp_trap_1                  0x0800024b   Thumb Code     0  libinit2.o(.ARM.Collect$$libinit$$0000001F)
    __rt_lib_init_getenv_1                   0x0800024b   Thumb Code     0  libinit2.o(.ARM.Collect$$libinit$$00000023)
    __rt_lib_init_heap_1                     0x0800024b   Thumb Code     0  libinit2.o(.ARM.Collect$$libinit$$0000000A)
    __rt_lib_init_lc_collate_1               0x0800024b   Thumb Code     0  libinit2.o(.ARM.Collect$$libinit$$00000011)
    __rt_lib_init_lc_ctype_1                 0x0800024b   Thumb Code     0  libinit2.o(.ARM.Collect$$libinit$$00000013)
    __rt_lib_init_lc_monetary_1              0x0800024b   Thumb Code     0  libinit2.o(.ARM.Collect$$libinit$$00000015)
    __rt_lib_init_lc_numeric_1               0x0800024b   Thumb Code     0  libinit2.o(.ARM.Collect$$libinit$$00000017)
    __rt_lib_init_lc_time_1                  0x0800024b   Thumb Code     0  libinit2.o(.ARM.Collect$$libinit$$00000019)
    __rt_lib_init_rand_1                     0x0800024b   Thumb Code     0  libinit2.o(.ARM.Collect$$libinit$$0000000E)
    __rt_lib_init_signal_1                   0x0800024b   Thumb Code     0  libinit2.o(.ARM.Collect$$libinit$$0000001D)
    __rt_lib_init_stdio_1                    0x0800024b   Thumb Code     0  libinit2.o(.ARM.Collect$$libinit$$00000025)
    __rt_lib_init_user_alloc_1               0x0800024b   Thumb Code     0  libinit2.o(.ARM.Collect$$libinit$$0000000C)
    __rt_lib_init_cpp_1                      0x0800024f   Thumb Code     0  libinit2.o(.ARM.Collect$$libinit$$00000032)
    __rt_lib_init_return                     0x0800024f   Thumb Code     0  libinit2.o(.ARM.Collect$$libinit$$00000033)
    __rt_lib_shutdown                        0x08000251   Thumb Code     0  libshutdown.o(.ARM.Collect$$libshutdown$$00000000)
    __rt_lib_shutdown_cpp_2                  0x08000253   Thumb Code     0  libshutdown2.o(.ARM.Collect$$libshutdown$$00000003)
    __rt_lib_shutdown_fini_1                 0x08000253   Thumb Code     0  libshutdown2.o(.ARM.Collect$$libshutdown$$00000002)
    __rt_lib_shutdown_cpp_1                  0x08000259   Thumb Code     0  libshutdown2.o(.ARM.Collect$$libshutdown$$00000004)
    __rt_lib_shutdown_fp_trap_1              0x08000259   Thumb Code     0  libshutdown2.o(.ARM.Collect$$libshutdown$$00000009)
    __rt_lib_shutdown_heap_1                 0x08000259   Thumb Code     0  libshutdown2.o(.ARM.Collect$$libshutdown$$00000011)
    __rt_lib_shutdown_return                 0x08000259   Thumb Code     0  libshutdown2.o(.ARM.Collect$$libshutdown$$00000012)
    __rt_lib_shutdown_signal_1               0x08000259   Thumb Code     0  libshutdown2.o(.ARM.Collect$$libshutdown$$0000000C)
    __rt_lib_shutdown_stdio_1                0x08000259   Thumb Code     0  libshutdown2.o(.ARM.Collect$$libshutdown$$00000006)
    __rt_lib_shutdown_user_alloc_1           0x08000259   Thumb Code     0  libshutdown2.o(.ARM.Collect$$libshutdown$$0000000E)
    __rt_entry                               0x0800025b   Thumb Code     0  __rtentry.o(.ARM.Collect$$rtentry$$00000000)
    __rt_entry_presh_1                       0x0800025b   Thumb Code     0  __rtentry2.o(.ARM.Collect$$rtentry$$00000002)
    __rt_entry_sh                            0x0800025b   Thumb Code     0  __rtentry4.o(.ARM.Collect$$rtentry$$00000004)
    __rt_entry_li                            0x08000261   Thumb Code     0  __rtentry2.o(.ARM.Collect$$rtentry$$0000000A)
    __rt_entry_postsh_1                      0x08000261   Thumb Code     0  __rtentry2.o(.ARM.Collect$$rtentry$$00000009)
    __rt_entry_main                          0x08000265   Thumb Code     0  __rtentry2.o(.ARM.Collect$$rtentry$$0000000D)
    __rt_entry_postli_1                      0x08000265   Thumb Code     0  __rtentry2.o(.ARM.Collect$$rtentry$$0000000C)
    __rt_exit                                0x0800026d   Thumb Code     0  rtexit.o(.ARM.Collect$$rtexit$$00000000)
    __rt_exit_ls                             0x0800026f   Thumb Code     0  rtexit2.o(.ARM.Collect$$rtexit$$00000003)
    __rt_exit_prels_1                        0x0800026f   Thumb Code     0  rtexit2.o(.ARM.Collect$$rtexit$$00000002)
    __rt_exit_exit                           0x08000273   Thumb Code     0  rtexit2.o(.ARM.Collect$$rtexit$$00000004)
    Reset_Handler                            0x08000279   Thumb Code     8  startup_stm32f407xx.o(.text)
    _maybe_terminate_alloc                   0x08000279   Thumb Code     0  maybetermalloc1.o(.emb_text)
    ADC_IRQHandler                           0x08000293   Thumb Code     0  startup_stm32f407xx.o(.text)
    CAN1_RX0_IRQHandler                      0x08000293   Thumb Code     0  startup_stm32f407xx.o(.text)
    CAN1_RX1_IRQHandler                      0x08000293   Thumb Code     0  startup_stm32f407xx.o(.text)
    CAN1_SCE_IRQHandler                      0x08000293   Thumb Code     0  startup_stm32f407xx.o(.text)
    CAN1_TX_IRQHandler                       0x08000293   Thumb Code     0  startup_stm32f407xx.o(.text)
    CAN2_RX0_IRQHandler                      0x08000293   Thumb Code     0  startup_stm32f407xx.o(.text)
    CAN2_RX1_IRQHandler                      0x08000293   Thumb Code     0  startup_stm32f407xx.o(.text)
    CAN2_SCE_IRQHandler                      0x08000293   Thumb Code     0  startup_stm32f407xx.o(.text)
    CAN2_TX_IRQHandler                       0x08000293   Thumb Code     0  startup_stm32f407xx.o(.text)
    DCMI_IRQHandler                          0x08000293   Thumb Code     0  startup_stm32f407xx.o(.text)
    DMA1_Stream0_IRQHandler                  0x08000293   Thumb Code     0  startup_stm32f407xx.o(.text)
    DMA1_Stream1_IRQHandler                  0x08000293   Thumb Code     0  startup_stm32f407xx.o(.text)
    DMA1_Stream2_IRQHandler                  0x08000293   Thumb Code     0  startup_stm32f407xx.o(.text)
    DMA1_Stream3_IRQHandler                  0x08000293   Thumb Code     0  startup_stm32f407xx.o(.text)
    DMA1_Stream4_IRQHandler                  0x08000293   Thumb Code     0  startup_stm32f407xx.o(.text)
    DMA1_Stream5_IRQHandler                  0x08000293   Thumb Code     0  startup_stm32f407xx.o(.text)
    DMA1_Stream6_IRQHandler                  0x08000293   Thumb Code     0  startup_stm32f407xx.o(.text)
    DMA1_Stream7_IRQHandler                  0x08000293   Thumb Code     0  startup_stm32f407xx.o(.text)
    DMA2_Stream0_IRQHandler                  0x08000293   Thumb Code     0  startup_stm32f407xx.o(.text)
    DMA2_Stream1_IRQHandler                  0x08000293   Thumb Code     0  startup_stm32f407xx.o(.text)
    DMA2_Stream2_IRQHandler                  0x08000293   Thumb Code     0  startup_stm32f407xx.o(.text)
    DMA2_Stream3_IRQHandler                  0x08000293   Thumb Code     0  startup_stm32f407xx.o(.text)
    DMA2_Stream4_IRQHandler                  0x08000293   Thumb Code     0  startup_stm32f407xx.o(.text)
    DMA2_Stream5_IRQHandler                  0x08000293   Thumb Code     0  startup_stm32f407xx.o(.text)
    DMA2_Stream6_IRQHandler                  0x08000293   Thumb Code     0  startup_stm32f407xx.o(.text)
    DMA2_Stream7_IRQHandler                  0x08000293   Thumb Code     0  startup_stm32f407xx.o(.text)
    ETH_IRQHandler                           0x08000293   Thumb Code     0  startup_stm32f407xx.o(.text)
    ETH_WKUP_IRQHandler                      0x08000293   Thumb Code     0  startup_stm32f407xx.o(.text)
    EXTI0_IRQHandler                         0x08000293   Thumb Code     0  startup_stm32f407xx.o(.text)
    EXTI15_10_IRQHandler                     0x08000293   Thumb Code     0  startup_stm32f407xx.o(.text)
    EXTI1_IRQHandler                         0x08000293   Thumb Code     0  startup_stm32f407xx.o(.text)
    EXTI2_IRQHandler                         0x08000293   Thumb Code     0  startup_stm32f407xx.o(.text)
    EXTI3_IRQHandler                         0x08000293   Thumb Code     0  startup_stm32f407xx.o(.text)
    EXTI4_IRQHandler                         0x08000293   Thumb Code     0  startup_stm32f407xx.o(.text)
    EXTI9_5_IRQHandler                       0x08000293   Thumb Code     0  startup_stm32f407xx.o(.text)
    FLASH_IRQHandler                         0x08000293   Thumb Code     0  startup_stm32f407xx.o(.text)
    FMC_IRQHandler                           0x08000293   Thumb Code     0  startup_stm32f407xx.o(.text)
    FPU_IRQHandler                           0x08000293   Thumb Code     0  startup_stm32f407xx.o(.text)
    HASH_RNG_IRQHandler                      0x08000293   Thumb Code     0  startup_stm32f407xx.o(.text)
    I2C1_ER_IRQHandler                       0x08000293   Thumb Code     0  startup_stm32f407xx.o(.text)
    I2C1_EV_IRQHandler                       0x08000293   Thumb Code     0  startup_stm32f407xx.o(.text)
    I2C2_ER_IRQHandler                       0x08000293   Thumb Code     0  startup_stm32f407xx.o(.text)
    I2C2_EV_IRQHandler                       0x08000293   Thumb Code     0  startup_stm32f407xx.o(.text)
    I2C3_ER_IRQHandler                       0x08000293   Thumb Code     0  startup_stm32f407xx.o(.text)
    I2C3_EV_IRQHandler                       0x08000293   Thumb Code     0  startup_stm32f407xx.o(.text)
    OTG_FS_IRQHandler                        0x08000293   Thumb Code     0  startup_stm32f407xx.o(.text)
    OTG_FS_WKUP_IRQHandler                   0x08000293   Thumb Code     0  startup_stm32f407xx.o(.text)
    OTG_HS_EP1_IN_IRQHandler                 0x08000293   Thumb Code     0  startup_stm32f407xx.o(.text)
    OTG_HS_EP1_OUT_IRQHandler                0x08000293   Thumb Code     0  startup_stm32f407xx.o(.text)
    OTG_HS_IRQHandler                        0x08000293   Thumb Code     0  startup_stm32f407xx.o(.text)
    OTG_HS_WKUP_IRQHandler                   0x08000293   Thumb Code     0  startup_stm32f407xx.o(.text)
    PVD_IRQHandler                           0x08000293   Thumb Code     0  startup_stm32f407xx.o(.text)
    RCC_IRQHandler                           0x08000293   Thumb Code     0  startup_stm32f407xx.o(.text)
    RTC_Alarm_IRQHandler                     0x08000293   Thumb Code     0  startup_stm32f407xx.o(.text)
    RTC_WKUP_IRQHandler                      0x08000293   Thumb Code     0  startup_stm32f407xx.o(.text)
    SDIO_IRQHandler                          0x08000293   Thumb Code     0  startup_stm32f407xx.o(.text)
    SPI1_IRQHandler                          0x08000293   Thumb Code     0  startup_stm32f407xx.o(.text)
    SPI2_IRQHandler                          0x08000293   Thumb Code     0  startup_stm32f407xx.o(.text)
    SPI3_IRQHandler                          0x08000293   Thumb Code     0  startup_stm32f407xx.o(.text)
    TAMP_STAMP_IRQHandler                    0x08000293   Thumb Code     0  startup_stm32f407xx.o(.text)
    TIM1_BRK_TIM9_IRQHandler                 0x08000293   Thumb Code     0  startup_stm32f407xx.o(.text)
    TIM1_CC_IRQHandler                       0x08000293   Thumb Code     0  startup_stm32f407xx.o(.text)
    TIM1_TRG_COM_TIM11_IRQHandler            0x08000293   Thumb Code     0  startup_stm32f407xx.o(.text)
    TIM1_UP_TIM10_IRQHandler                 0x08000293   Thumb Code     0  startup_stm32f407xx.o(.text)
    TIM2_IRQHandler                          0x08000293   Thumb Code     0  startup_stm32f407xx.o(.text)
    TIM3_IRQHandler                          0x08000293   Thumb Code     0  startup_stm32f407xx.o(.text)
    TIM4_IRQHandler                          0x08000293   Thumb Code     0  startup_stm32f407xx.o(.text)
    TIM5_IRQHandler                          0x08000293   Thumb Code     0  startup_stm32f407xx.o(.text)
    TIM6_DAC_IRQHandler                      0x08000293   Thumb Code     0  startup_stm32f407xx.o(.text)
    TIM7_IRQHandler                          0x08000293   Thumb Code     0  startup_stm32f407xx.o(.text)
    TIM8_BRK_TIM12_IRQHandler                0x08000293   Thumb Code     0  startup_stm32f407xx.o(.text)
    TIM8_CC_IRQHandler                       0x08000293   Thumb Code     0  startup_stm32f407xx.o(.text)
    TIM8_TRG_COM_TIM14_IRQHandler            0x08000293   Thumb Code     0  startup_stm32f407xx.o(.text)
    TIM8_UP_TIM13_IRQHandler                 0x08000293   Thumb Code     0  startup_stm32f407xx.o(.text)
    UART4_IRQHandler                         0x08000293   Thumb Code     0  startup_stm32f407xx.o(.text)
    UART5_IRQHandler                         0x08000293   Thumb Code     0  startup_stm32f407xx.o(.text)
    USART2_IRQHandler                        0x08000293   Thumb Code     0  startup_stm32f407xx.o(.text)
    USART3_IRQHandler                        0x08000293   Thumb Code     0  startup_stm32f407xx.o(.text)
    USART6_IRQHandler                        0x08000293   Thumb Code     0  startup_stm32f407xx.o(.text)
    WWDG_IRQHandler                          0x08000293   Thumb Code     0  startup_stm32f407xx.o(.text)
    __user_initial_stackheap                 0x08000295   Thumb Code     0  startup_stm32f407xx.o(.text)
    __use_no_semihosting                     0x080002b9   Thumb Code     2  use_no_semi_2.o(.text)
    calloc                                   0x080002bb   Thumb Code    40  calloc.o(.text)
    __aeabi_atexit                           0x080002e3   Thumb Code    46  aeabi_atexit.o(.text)
    __aeabi_memclr                           0x08000311   Thumb Code     0  rt_memclr.o(.text)
    __rt_memclr                              0x08000311   Thumb Code    68  rt_memclr.o(.text)
    _memset                                  0x08000315   Thumb Code     0  rt_memclr.o(.text)
    __aeabi_memclr4                          0x08000355   Thumb Code     0  rt_memclr_w.o(.text)
    __aeabi_memclr8                          0x08000355   Thumb Code     0  rt_memclr_w.o(.text)
    __rt_memclr_w                            0x08000355   Thumb Code    78  rt_memclr_w.o(.text)
    _memset_w                                0x08000359   Thumb Code     0  rt_memclr_w.o(.text)
    __use_two_region_memory                  0x080003a3   Thumb Code     2  heapauxi.o(.text)
    __rt_heap_escrow                         0x080003a5   Thumb Code     2  heapauxi.o(.text)
    __rt_heap_expand                         0x080003a7   Thumb Code     2  heapauxi.o(.text)
    __cpp_initialize__aeabi_                 0x080003a9   Thumb Code    26  init_aeabi.o(.text)
    __I$use$semihosting                      0x080003cd   Thumb Code     0  use_no_semi.o(.text)
    __use_no_semihosting_swi                 0x080003cd   Thumb Code     2  use_no_semi.o(.text)
    __rt_ddtor_pointer_addr                  0x080003d1   Thumb Code     8  rt_ddtor_pointer_addr_intlibspace.o(.text)
    malloc                                   0x080003d9   Thumb Code    94  h1_alloc.o(.text)
    free                                     0x08000437   Thumb Code    78  h1_free.o(.text)
    __read_errno                             0x08000485   Thumb Code    10  _rserrno.o(.text)
    __set_errno                              0x0800048f   Thumb Code    12  _rserrno.o(.text)
    __cxa_finalize                           0x0800049b   Thumb Code    66  cxa_finalize.o(.text)
    __user_libspace                          0x080004dd   Thumb Code     8  libspace.o(.text)
    __user_perproc_libspace                  0x080004dd   Thumb Code     0  libspace.o(.text)
    __user_perthread_libspace                0x080004dd   Thumb Code     0  libspace.o(.text)
    __rt_heap_descriptor                     0x080004e5   Thumb Code     8  rt_heap_descriptor_intlibspace.o(.text)
    __aeabi_errno_addr                       0x080004ed   Thumb Code     8  rt_errno_addr_intlibspace.o(.text)
    __errno$intlibspace                      0x080004ed   Thumb Code     0  rt_errno_addr_intlibspace.o(.text)
    __rt_errno_addr$intlibspace              0x080004ed   Thumb Code     0  rt_errno_addr_intlibspace.o(.text)
    __use_no_heap                            0x080004f5   Thumb Code     2  hguard.o(.text)
    __heap$guard                             0x080004f7   Thumb Code     2  hguard.o(.text)
    _terminate_user_alloc                    0x080004f9   Thumb Code     2  init_alloc.o(.text)
    _init_user_alloc                         0x080004fb   Thumb Code     2  init_alloc.o(.text)
    __Heap_Full                              0x080004fd   Thumb Code    34  init_alloc.o(.text)
    __Heap_Broken                            0x0800051f   Thumb Code     6  init_alloc.o(.text)
    _init_alloc                              0x08000525   Thumb Code    94  init_alloc.o(.text)
    __Heap_Initialize                        0x08000583   Thumb Code    10  h1_init.o(.text)
    __Heap_DescSize                          0x0800058d   Thumb Code     4  h1_init.o(.text)
    __user_setup_stackheap                   0x08000591   Thumb Code    74  sys_stackheap_outer.o(.text)
    __Heap_ProvideMemory                     0x080005db   Thumb Code    52  h1_extend.o(.text)
    exit                                     0x0800060f   Thumb Code    18  exit.o(.text)
    __rt_SIGRTMEM                            0x08000621   Thumb Code    14  defsig_rtmem_outer.o(.text)
    __sig_exit                               0x0800062f   Thumb Code    10  defsig_exit.o(.text)
    __rt_SIGRTMEM_inner                      0x08000639   Thumb Code    22  defsig_rtmem_inner.o(.text)
    __default_signal_display                 0x08000689   Thumb Code    50  defsig_general.o(.text)
    BusFault_Handler                         0x080006bb   Thumb Code     2  stm32f4xx_it.o(i.BusFault_Handler)
    DebugMon_Handler                         0x080006bd   Thumb Code     2  stm32f4xx_it.o(i.DebugMon_Handler)
    HAL_DMA_Abort_IT                         0x080006bf   Thumb Code    36  stm32f4xx_hal_dma.o(i.HAL_DMA_Abort_IT)
    HAL_GPIO_Init                            0x080006e5   Thumb Code   402  stm32f4xx_hal_gpio.o(i.HAL_GPIO_Init)
    HAL_GPIO_WritePin                        0x080008a5   Thumb Code    10  stm32f4xx_hal_gpio.o(i.HAL_GPIO_WritePin)
    HAL_GetREVID                             0x080008b1   Thumb Code     8  stm32f4xx_hal.o(i.HAL_GetREVID)
    HAL_GetTick                              0x080008bd   Thumb Code     6  stm32f4xx_hal.o(i.HAL_GetTick)
    HAL_IncTick                              0x080008c9   Thumb Code    10  stm32f4xx_hal.o(i.HAL_IncTick)
    HAL_Init                                 0x080008d9   Thumb Code    40  stm32f4xx_hal.o(i.HAL_Init)
    HAL_InitTick                             0x08000905   Thumb Code    34  stm32f4xx_hal.o(i.HAL_InitTick)
    HAL_MspInit                              0x0800092d   Thumb Code     2  stm32f4xx_hal_msp.o(i.HAL_MspInit)
    HAL_NVIC_EnableIRQ                       0x0800092f   Thumb Code    22  stm32f4xx_hal_cortex.o(i.HAL_NVIC_EnableIRQ)
    HAL_NVIC_SetPriority                     0x08000945   Thumb Code    60  stm32f4xx_hal_cortex.o(i.HAL_NVIC_SetPriority)
    HAL_NVIC_SetPriorityGrouping             0x08000985   Thumb Code    26  stm32f4xx_hal_cortex.o(i.HAL_NVIC_SetPriorityGrouping)
    HAL_RCC_ClockConfig                      0x080009a9   Thumb Code   356  stm32f4xx_hal_rcc.o(i.HAL_RCC_ClockConfig)
    HAL_RCC_GetPCLK1Freq                     0x08000b1d   Thumb Code    34  stm32f4xx_hal_rcc.o(i.HAL_RCC_GetPCLK1Freq)
    HAL_RCC_GetPCLK2Freq                     0x08000b4d   Thumb Code    34  stm32f4xx_hal_rcc.o(i.HAL_RCC_GetPCLK2Freq)
    HAL_RCC_GetSysClockFreq                  0x08000b7d   Thumb Code   104  stm32f4xx_hal_rcc.o(i.HAL_RCC_GetSysClockFreq)
    HAL_RCC_OscConfig                        0x08000bed   Thumb Code   766  stm32f4xx_hal_rcc.o(i.HAL_RCC_OscConfig)
    HAL_SYSTICK_CLKSourceConfig              0x08000f01   Thumb Code    24  stm32f4xx_hal_cortex.o(i.HAL_SYSTICK_CLKSourceConfig)
    HAL_SYSTICK_Config                       0x08000f19   Thumb Code    40  stm32f4xx_hal_cortex.o(i.HAL_SYSTICK_Config)
    HAL_UART_ErrorCallback                   0x08000f41   Thumb Code     2  stm32f4xx_hal_uart.o(i.HAL_UART_ErrorCallback)
    HAL_UART_GetState                        0x08000f43   Thumb Code    10  stm32f4xx_hal_uart.o(i.HAL_UART_GetState)
    HAL_UART_IRQHandler                      0x08000f4d   Thumb Code   266  stm32f4xx_hal_uart.o(i.HAL_UART_IRQHandler)
    HAL_UART_Init                            0x0800105d   Thumb Code    98  stm32f4xx_hal_uart.o(i.HAL_UART_Init)
    HAL_UART_MspInit                         0x080010c1   Thumb Code   112  usart.o(i.HAL_UART_MspInit)
    HAL_UART_Receive_IT                      0x0800113d   Thumb Code    72  stm32f4xx_hal_uart.o(i.HAL_UART_Receive_IT)
    HAL_UART_RxCpltCallback                  0x08001185   Thumb Code    76  usart.o(i.HAL_UART_RxCpltCallback)
    HAL_UART_TxCpltCallback                  0x080011dd   Thumb Code     2  stm32f4xx_hal_uart.o(i.HAL_UART_TxCpltCallback)
    HardFault_Handler                        0x080011df   Thumb Code     2  stm32f4xx_it.o(i.HardFault_Handler)
    KEY_Init                                 0x080011e1   Thumb Code    82  key.o(i.KEY_Init)
    LED_Init                                 0x08001241   Thumb Code    72  led.o(i.LED_Init)
    MemManage_Handler                        0x08001291   Thumb Code     2  stm32f4xx_it.o(i.MemManage_Handler)
    NMI_Handler                              0x08001293   Thumb Code     2  stm32f4xx_it.o(i.NMI_Handler)
    OLED_Clear                               0x080012b5   Thumb Code    38  oled.o(i.OLED_Clear)
    OLED_DrawPoint                           0x080012e1   Thumb Code    54  oled.o(i.OLED_DrawPoint)
    OLED_Init                                0x0800131d   Thumb Code   382  oled.o(i.OLED_Init)
    OLED_Refresh_Gram                        0x080014b5   Thumb Code    66  oled.o(i.OLED_Refresh_Gram)
    OLED_ShowPicture                         0x080014fd   Thumb Code   154  oled.o(i.OLED_ShowPicture)
    OLED_WR_Byte                             0x08001599   Thumb Code    64  oled.o(i.OLED_WR_Byte)
    PendSV_Handler                           0x080015e1   Thumb Code     2  stm32f4xx_it.o(i.PendSV_Handler)
    SVC_Handler                              0x080015e3   Thumb Code     2  stm32f4xx_it.o(i.SVC_Handler)
    Stm32_Clock_Init                         0x080015e5   Thumb Code   136  sys.o(i.Stm32_Clock_Init)
    SysTick_Handler                          0x08001679   Thumb Code     4  stm32f4xx_it.o(i.SysTick_Handler)
    SystemInit                               0x0800167d   Thumb Code    66  system_stm32f4xx.o(i.SystemInit)
    USART1_IRQHandler                        0x08001a99   Thumb Code    34  usart.o(i.USART1_IRQHandler)
    UsageFault_Handler                       0x08001ac5   Thumb Code     2  stm32f4xx_it.o(i.UsageFault_Handler)
    drawCircle(int, int, int, unsigned, int, double*) 0x08001ac9   Thumb Code   710  uicode.o(i._Z10drawCircleiiijiPd)
    projectOnXY(double*, double*, double)    0x08001db5   Thumb Code    30  uicode.o(i._Z11projectOnXYPdS_d)
    thread_sleep(unsigned)                   0x08001dd9   Thumb Code     6  uicode.o(i._Z12thread_sleepj)
    _assert(const char*, int)                0x08001de1   Thumb Code    10  uicode.o(i._Z7_assertPKci)
    rotateX(double, double*, double*)        0x08001df1   Thumb Code   126  uicode.o(i._Z7rotateXdPdS_)
    rotateY(double, double*, double*)        0x08001e7d   Thumb Code   118  uicode.o(i._Z7rotateYdPdS_)
    multiply(int, int, int, double*, double*, double*) 0x08001f01   Thumb Code   120  uicode.o(i._Z8multiplyiiiPdS_S_)
    create_ui(void*, int, int, int, DISPLAY_DRIVER*) 0x08001f81   Thumb Code   592  uicode.o(i._Z9create_uiPviiiP14DISPLAY_DRIVER)
    c_keyboard::~c_keyboard()                0x08002239   Thumb Code     2  uicode.o(i._ZN10c_keyboardD1Ev)
    c_keyboard::~c_keyboard__sub_object()    0x08002239   Thumb Code     0  uicode.o(i._ZN10c_keyboardD1Ev)
    c_keyboard_button::c_keyboard_button()   0x0800223d   Thumb Code    12  uicode.o(i._ZN17c_keyboard_buttonC1Ev)
    c_keyboard_button::c_keyboard_button__sub_object() 0x0800223d   Thumb Code     0  uicode.o(i._ZN17c_keyboard_buttonC1Ev)
    c_keyboard_button::~c_keyboard_button()  0x0800224d   Thumb Code     2  uicode.o(i._ZN17c_keyboard_buttonD1Ev)
    c_keyboard_button::~c_keyboard_button__sub_object() 0x0800224d   Thumb Code     0  uicode.o(i._ZN17c_keyboard_buttonD1Ev)
    c_wnd::c_wnd()                           0x08002251   Thumb Code    52  uicode.o(i._ZN5c_wndC1Ev)
    c_wnd::c_wnd__sub_object()               0x08002251   Thumb Code     0  uicode.o(i._ZN5c_wndC1Ev)
    Circle::updateRadius(int)                0x08002289   Thumb Code   134  uicode.o(i._ZN6Circle12updateRadiusEi)
    Circle::draw(int, int, bool)             0x08002311   Thumb Code   120  uicode.o(i._ZN6Circle4drawEiib)
    Circle::rotate(double)                   0x0800238d   Thumb Code   134  uicode.o(i._ZN6Circle6rotateEd)
    Circle::Circle(int, int, int, unsigned, int, bool) 0x0800241d   Thumb Code    72  uicode.o(i._ZN6CircleC1Eiiijib)
    Circle::Circle__sub_object(int, int, int, unsigned, int, bool) 0x0800241d   Thumb Code     0  uicode.o(i._ZN6CircleC1Eiiijib)
    c_rect::set_rect(int, int, int, int)     0x08002465   Thumb Code    38  uicode.o(i._ZN6c_rect8set_rectEiiii)
    c_rect::c_rect()                         0x08002491   Thumb Code    14  uicode.o(i._ZN6c_rectC1Ev)
    c_rect::c_rect__sub_object()             0x08002491   Thumb Code     0  uicode.o(i._ZN6c_rectC1Ev)
    c_layer::c_layer()                       0x0800249f   Thumb Code    16  uicode.o(i._ZN7c_layerC1Ev)
    c_layer::c_layer__sub_object()           0x0800249f   Thumb Code     0  uicode.o(i._ZN7c_layerC1Ev)
    c_display::draw_pixel(int, int, unsigned) 0x080024af   Thumb Code    94  uicode.o(i._ZN9c_display10draw_pixelEiij)
    c_display::fill_rect(int, int, int, int, unsigned) 0x0800250d   Thumb Code   202  uicode.o(i._ZN9c_display9fill_rectEiiiij)
    c_surface::draw_hline(int, int, int, unsigned, unsigned) 0x080025d7   Thumb Code    46  uicode.o(i._ZN9c_surface10draw_hlineEiiijj)
    c_surface::draw_pixel(int, int, unsigned, unsigned) 0x08002605   Thumb Code   248  uicode.o(i._ZN9c_surface10draw_pixelEiijj)
    c_surface::set_surface(Z_ORDER_LEVEL, c_rect) 0x08002701   Thumb Code   110  uicode.o(i._ZN9c_surface11set_surfaceE13Z_ORDER_LEVEL6c_rect)
    c_surface::fill_rect_low_level(int, int, int, int, unsigned) 0x08002775   Thumb Code   156  uicode.o(i._ZN9c_surface19fill_rect_low_levelEiiiij)
    c_surface::draw_pixel_low_level(int, int, unsigned) 0x08002811   Thumb Code    86  uicode.o(i._ZN9c_surface20draw_pixel_low_levelEiij)
    c_surface::fill_rect(int, int, int, int, unsigned, unsigned) 0x08002867   Thumb Code   270  uicode.o(i._ZN9c_surface9fill_rectEiiiijj)
    c_surface::c_surface(unsigned, unsigned, unsigned, Z_ORDER_LEVEL, c_rect) 0x08002975   Thumb Code   146  uicode.o(i._ZN9c_surfaceC1Ejjj13Z_ORDER_LEVEL6c_rect)
    c_surface::c_surface__sub_object(unsigned, unsigned, unsigned, Z_ORDER_LEVEL, c_rect) 0x08002975   Thumb Code     0  uicode.o(i._ZN9c_surfaceC1Ejjj13Z_ORDER_LEVEL6c_rect)
    c_rect::pt_in_rect(int, int) const       0x08002a11   Thumb Code    32  uicode.o(i._ZNK6c_rect10pt_in_rectEii)
    __ARM_fpclassify                         0x08002a31   Thumb Code    48  fpclassify.o(i.__ARM_fpclassify)
    __aeabi_vec_ctor_nocookie_nodtor         0x08002a61   Thumb Code    36  aeabi_vec_ctor_nocookie_nodtor.o(i.__aeabi_vec_ctor_nocookie_nodtor)
    __cxa_guard_acquire                      0x08002a85   Thumb Code    16  cxa_guard_acquire.o(i.__cxa_guard_acquire)
    __hardfp_cos                             0x08002a99   Thumb Code   180  cos.o(i.__hardfp_cos)
    __hardfp_sin                             0x08002b61   Thumb Code   180  sin.o(i.__hardfp_sin)
    __ieee754_rem_pio2                       0x08002c29   Thumb Code   938  rred.o(i.__ieee754_rem_pio2)
    __kernel_cos                             0x08003061   Thumb Code   322  cos_i.o(i.__kernel_cos)
    __kernel_poly                            0x080031d1   Thumb Code   248  poly.o(i.__kernel_poly)
    __kernel_sin                             0x080032c9   Thumb Code   280  sin_i.o(i.__kernel_sin)
    __mathlib_dbl_infnan                     0x080033f9   Thumb Code    20  dunder.o(i.__mathlib_dbl_infnan)
    __mathlib_dbl_invalid                    0x08003411   Thumb Code    24  dunder.o(i.__mathlib_dbl_invalid)
    __mathlib_dbl_underflow                  0x08003431   Thumb Code    24  dunder.o(i.__mathlib_dbl_underflow)
    _sys_exit                                0x08003795   Thumb Code     2  usart.o(i._sys_exit)
    _ttywrch                                 0x08003797   Thumb Code     2  usart.o(i._ttywrch)
    delay_init                               0x08003799   Thumb Code    16  delay.o(i.delay_init)
    delay_ms                                 0x080037ad   Thumb Code    26  delay.o(i.delay_ms)
    delay_us                                 0x080037c9   Thumb Code    48  delay.o(i.delay_us)
    fabs                                     0x080037fd   Thumb Code    24  fabs.o(i.fabs)
    gfx_draw_pixel                           0x08003815   Thumb Code    10  main.o(i.gfx_draw_pixel)
    main                                     0x08003821   Thumb Code   134  main.o(i.main)
    startHelloCircle                         0x080038b1   Thumb Code    10  uicode.o(i.startHelloCircle)
    uart_init                                0x080038bd   Thumb Code    44  usart.o(i.uart_init)
    __aeabi_dneg                             0x080038f5   Thumb Code     0  basic.o(x$fpl$basic)
    _dneg                                    0x080038f5   Thumb Code     6  basic.o(x$fpl$basic)
    __aeabi_fneg                             0x080038fb   Thumb Code     0  basic.o(x$fpl$basic)
    _fneg                                    0x080038fb   Thumb Code     6  basic.o(x$fpl$basic)
    _dabs                                    0x08003901   Thumb Code     6  basic.o(x$fpl$basic)
    _fabs                                    0x08003907   Thumb Code     6  basic.o(x$fpl$basic)
    __aeabi_dadd                             0x0800390d   Thumb Code     0  daddsub_clz.o(x$fpl$dadd)
    _dadd                                    0x0800390d   Thumb Code   332  daddsub_clz.o(x$fpl$dadd)
    __fpl_dcmp_Inf                           0x08003a5d   Thumb Code    24  dcmpi.o(x$fpl$dcmpinf)
    __aeabi_ddiv                             0x08003a75   Thumb Code     0  ddiv.o(x$fpl$ddiv)
    _ddiv                                    0x08003a75   Thumb Code   552  ddiv.o(x$fpl$ddiv)
    __aeabi_d2iz                             0x08003d25   Thumb Code     0  dfix.o(x$fpl$dfix)
    _dfix                                    0x08003d25   Thumb Code    94  dfix.o(x$fpl$dfix)
    __aeabi_i2d                              0x08003d83   Thumb Code     0  dflt_clz.o(x$fpl$dflt)
    _dflt                                    0x08003d83   Thumb Code    46  dflt_clz.o(x$fpl$dflt)
    __aeabi_ui2d                             0x08003db1   Thumb Code     0  dflt_clz.o(x$fpl$dfltu)
    _dfltu                                   0x08003db1   Thumb Code    38  dflt_clz.o(x$fpl$dfltu)
    __aeabi_cdcmple                          0x08003dd9   Thumb Code     0  dleqf.o(x$fpl$dleqf)
    _dcmple                                  0x08003dd9   Thumb Code   120  dleqf.o(x$fpl$dleqf)
    __fpl_dcmple_InfNaN                      0x08003e3b   Thumb Code     0  dleqf.o(x$fpl$dleqf)
    __aeabi_dmul                             0x08003e51   Thumb Code     0  dmul.o(x$fpl$dmul)
    _dmul                                    0x08003e51   Thumb Code   332  dmul.o(x$fpl$dmul)
    __fpl_dnaninf                            0x08003fa5   Thumb Code   156  dnaninf.o(x$fpl$dnaninf)
    __fpl_dretinf                            0x08004041   Thumb Code    12  dretinf.o(x$fpl$dretinf)
    __aeabi_cdrcmple                         0x0800404d   Thumb Code     0  drleqf.o(x$fpl$drleqf)
    _drcmple                                 0x0800404d   Thumb Code   108  drleqf.o(x$fpl$drleqf)
    __aeabi_drsub                            0x080040b9   Thumb Code     0  daddsub_clz.o(x$fpl$drsb)
    _drsb                                    0x080040b9   Thumb Code    22  daddsub_clz.o(x$fpl$drsb)
    __aeabi_dsub                             0x080040d1   Thumb Code     0  daddsub_clz.o(x$fpl$dsub)
    _dsub                                    0x080040d1   Thumb Code   464  daddsub_clz.o(x$fpl$dsub)
    _fp_init                                 0x080042a5   Thumb Code    10  fpinit.o(x$fpl$fpinit)
    __fplib_config_fpu_vfp                   0x080042ad   Thumb Code     0  fpinit.o(x$fpl$fpinit)
    __fplib_config_pureend_doubles           0x080042ad   Thumb Code     0  fpinit.o(x$fpl$fpinit)
    AHBPrescTable                            0x080042ae   Data          16  system_stm32f4xx.o(.constdata)
    __I$use$fp                               0x080042ae   Number         0  usenofp.o(x$fpl$usenofp)
    APBPrescTable                            0x080042be   Data           8  system_stm32f4xx.o(.constdata)
    vtable for c_keyboard                    0x080043e8   Data          56  uicode.o(.constdata__ZTV10c_keyboard)
    vtable for c_bitmap_operator             0x08004420   Data          16  uicode.o(.constdata__ZTV17c_bitmap_operator)
    vtable for c_keyboard_button             0x08004430   Data          52  uicode.o(.constdata__ZTV17c_keyboard_button)
    vtable for c_lattice_font_op             0x08004464   Data          28  uicode.o(.constdata__ZTV17c_lattice_font_op)
    vtable for c_wnd                         0x08004480   Data          52  uicode.o(.constdata__ZTV5c_wnd)
    vtable for c_display                     0x080044b4   Data          20  uicode.o(.constdata__ZTV9c_display)
    vtable for c_surface                     0x080044c8   Data          24  uicode.o(.constdata__ZTV9c_surface)
    c_rect::set_rect(int, int, int, int)::string 0x080044e0   Data          26  uicode.o(.constdata__ZZN6c_rect8set_rectEiiiiEs)
    c_surface::draw_pixel(int, int, unsigned, unsigned)::string 0x080044fa   Data          26  uicode.o(.constdata__ZZN9c_surface10draw_pixelEiijjEs)
    c_surface::set_surface(Z_ORDER_LEVEL, c_rect)::string 0x08004514   Data          26  uicode.o(.constdata__ZZN9c_surface11set_surfaceE13Z_ORDER_LEVEL6c_rectEs)
    Region$$Table$$Base                      0x08004530   Number         0  anon$$obj.o(Region$$Table)
    Region$$Table$$Limit                     0x08004550   Number         0  anon$$obj.o(Region$$Table)
    SHT$$INIT_ARRAY$$Base                    0x08004550   Number         0  uicode.o(.init_array)
    SHT$$INIT_ARRAY$$Limit                   0x08004554   Number         0  init_aeabi.o(.init_array)
    my_gfx_op                                0x20000000   Data           8  main.o(.data)
    STMMCU                                   0x20000008   Data        1024  main.o(.data)
    BAR                                      0x20000408   Data         256  main.o(.data)
    SystemCoreClock                          0x20000508   Data           4  system_stm32f4xx.o(.data)
    uwTick                                   0x2000050c   Data           4  stm32f4xx_hal.o(.data)
    aRxBuffer                                0x20000514   Data           1  usart.o(.data)
    USART_RX_STA                             0x20000516   Data           2  usart.o(.data)
    c_word::fontOperator                     0x20000518   Data           4  uicode.o(.data)
    the_bitmap_op                            0x20000524   Data           4  uicode.o(.data)
    the_lattice_font_op                      0x20000528   Data           4  uicode.o(.data)
    g_key_board_children                     0x2000053c   Data         816  uicode.o(.data)
    g_number_board_children                  0x2000086c   Data         360  uicode.o(.data)
    USART_RX_BUF                             0x200009d4   Data         200  usart.o(.bss)
    UART1_Handler                            0x20000a9c   Data          64  usart.o(.bss)
    OLED_GRAM                                0x20000adc   Data        1024  oled.o(.bss)
    theSmallCircle                           0x20001db0   Data       14592  uicode.o(.bss)
    theBigCircle                             0x200056b0   Data       14592  uicode.o(.bss)
    c_theme::s_font_map                      0x20008fb0   Data          32  uicode.o(.bss)
    c_theme::s_color_map                     0x20008fd0   Data          44  uicode.o(.bss)
    c_edit::s_keyboard                       0x20008ffc   Data         120  uicode.o(.bss)
    __libspace_start                         0x20009074   Data          96  libspace.o(.bss)
    __temporary_stack_top$libspace           0x200090d4   Data           0  libspace.o(.bss)



==============================================================================

Memory Map of the image

  Image Entry point : 0x08000189

  Load Region LR_IROM1 (Base: 0x08000000, Size: 0x00004f28, Max: 0x00080000, ABSOLUTE, COMPRESSED[0x00004844])

    Execution Region ER_IROM1 (Exec base: 0x08000000, Load base: 0x08000000, Size: 0x00004554, Max: 0x00080000, ABSOLUTE)

    Exec Addr    Load Addr    Size         Type   Attr      Idx    E Section Name        Object

    0x08000000   0x08000000   0x00000188   Data   RO          709    RESET               startup_stm32f407xx.o
    0x08000188   0x08000188   0x00000008   Code   RO         4760  * !!!main             c_w.l(__main.o)
    0x08000190   0x08000190   0x00000034   Code   RO         5370    !!!scatter          c_w.l(__scatter.o)
    0x080001c4   0x080001c4   0x0000005a   Code   RO         5368    !!dczerorl2         c_w.l(__dczerorl2.o)
    0x0800021e   0x0800021e   0x00000002   PAD
    0x08000220   0x08000220   0x0000001c   Code   RO         5372    !!handler_zi        c_w.l(__scatter_zi.o)
    0x0800023c   0x0800023c   0x00000002   Code   RO         5302    .ARM.Collect$$libinit$$00000000  c_w.l(libinit.o)
    0x0800023e   0x0800023e   0x00000004   Code   RO         5026    .ARM.Collect$$libinit$$00000001  c_w.l(libinit2.o)
    0x08000242   0x08000242   0x00000000   Code   RO         5029    .ARM.Collect$$libinit$$00000004  c_w.l(libinit2.o)
    0x08000242   0x08000242   0x00000008   Code   RO         5030    .ARM.Collect$$libinit$$00000005  c_w.l(libinit2.o)
    0x0800024a   0x0800024a   0x00000000   Code   RO         5032    .ARM.Collect$$libinit$$0000000A  c_w.l(libinit2.o)
    0x0800024a   0x0800024a   0x00000000   Code   RO         5034    .ARM.Collect$$libinit$$0000000C  c_w.l(libinit2.o)
    0x0800024a   0x0800024a   0x00000000   Code   RO         5036    .ARM.Collect$$libinit$$0000000E  c_w.l(libinit2.o)
    0x0800024a   0x0800024a   0x00000000   Code   RO         5039    .ARM.Collect$$libinit$$00000011  c_w.l(libinit2.o)
    0x0800024a   0x0800024a   0x00000000   Code   RO         5041    .ARM.Collect$$libinit$$00000013  c_w.l(libinit2.o)
    0x0800024a   0x0800024a   0x00000000   Code   RO         5043    .ARM.Collect$$libinit$$00000015  c_w.l(libinit2.o)
    0x0800024a   0x0800024a   0x00000000   Code   RO         5045    .ARM.Collect$$libinit$$00000017  c_w.l(libinit2.o)
    0x0800024a   0x0800024a   0x00000000   Code   RO         5047    .ARM.Collect$$libinit$$00000019  c_w.l(libinit2.o)
    0x0800024a   0x0800024a   0x00000000   Code   RO         5049    .ARM.Collect$$libinit$$0000001B  c_w.l(libinit2.o)
    0x0800024a   0x0800024a   0x00000000   Code   RO         5051    .ARM.Collect$$libinit$$0000001D  c_w.l(libinit2.o)
    0x0800024a   0x0800024a   0x00000000   Code   RO         5053    .ARM.Collect$$libinit$$0000001F  c_w.l(libinit2.o)
    0x0800024a   0x0800024a   0x00000000   Code   RO         5055    .ARM.Collect$$libinit$$00000021  c_w.l(libinit2.o)
    0x0800024a   0x0800024a   0x00000000   Code   RO         5057    .ARM.Collect$$libinit$$00000023  c_w.l(libinit2.o)
    0x0800024a   0x0800024a   0x00000000   Code   RO         5059    .ARM.Collect$$libinit$$00000025  c_w.l(libinit2.o)
    0x0800024a   0x0800024a   0x00000000   Code   RO         5063    .ARM.Collect$$libinit$$0000002C  c_w.l(libinit2.o)
    0x0800024a   0x0800024a   0x00000000   Code   RO         5065    .ARM.Collect$$libinit$$0000002E  c_w.l(libinit2.o)
    0x0800024a   0x0800024a   0x00000000   Code   RO         5067    .ARM.Collect$$libinit$$00000030  c_w.l(libinit2.o)
    0x0800024a   0x0800024a   0x00000004   Code   RO         5068    .ARM.Collect$$libinit$$00000031  c_w.l(libinit2.o)
    0x0800024e   0x0800024e   0x00000000   Code   RO         5069    .ARM.Collect$$libinit$$00000032  c_w.l(libinit2.o)
    0x0800024e   0x0800024e   0x00000002   Code   RO         5070    .ARM.Collect$$libinit$$00000033  c_w.l(libinit2.o)
    0x08000250   0x08000250   0x00000002   Code   RO         5351    .ARM.Collect$$libshutdown$$00000000  c_w.l(libshutdown.o)
    0x08000252   0x08000252   0x00000000   Code   RO         5216    .ARM.Collect$$libshutdown$$00000002  c_w.l(libshutdown2.o)
    0x08000252   0x08000252   0x00000006   Code   RO         5217    .ARM.Collect$$libshutdown$$00000003  c_w.l(libshutdown2.o)
    0x08000258   0x08000258   0x00000000   Code   RO         5218    .ARM.Collect$$libshutdown$$00000004  c_w.l(libshutdown2.o)
    0x08000258   0x08000258   0x00000000   Code   RO         5220    .ARM.Collect$$libshutdown$$00000006  c_w.l(libshutdown2.o)
    0x08000258   0x08000258   0x00000000   Code   RO         5223    .ARM.Collect$$libshutdown$$00000009  c_w.l(libshutdown2.o)
    0x08000258   0x08000258   0x00000000   Code   RO         5226    .ARM.Collect$$libshutdown$$0000000C  c_w.l(libshutdown2.o)
    0x08000258   0x08000258   0x00000000   Code   RO         5228    .ARM.Collect$$libshutdown$$0000000E  c_w.l(libshutdown2.o)
    0x08000258   0x08000258   0x00000000   Code   RO         5231    .ARM.Collect$$libshutdown$$00000011  c_w.l(libshutdown2.o)
    0x08000258   0x08000258   0x00000002   Code   RO         5232    .ARM.Collect$$libshutdown$$00000012  c_w.l(libshutdown2.o)
    0x0800025a   0x0800025a   0x00000000   Code   RO         4942    .ARM.Collect$$rtentry$$00000000  c_w.l(__rtentry.o)
    0x0800025a   0x0800025a   0x00000000   Code   RO         5128    .ARM.Collect$$rtentry$$00000002  c_w.l(__rtentry2.o)
    0x0800025a   0x0800025a   0x00000006   Code   RO         5140    .ARM.Collect$$rtentry$$00000004  c_w.l(__rtentry4.o)
    0x08000260   0x08000260   0x00000000   Code   RO         5130    .ARM.Collect$$rtentry$$00000009  c_w.l(__rtentry2.o)
    0x08000260   0x08000260   0x00000004   Code   RO         5131    .ARM.Collect$$rtentry$$0000000A  c_w.l(__rtentry2.o)
    0x08000264   0x08000264   0x00000000   Code   RO         5133    .ARM.Collect$$rtentry$$0000000C  c_w.l(__rtentry2.o)
    0x08000264   0x08000264   0x00000008   Code   RO         5134    .ARM.Collect$$rtentry$$0000000D  c_w.l(__rtentry2.o)
    0x0800026c   0x0800026c   0x00000002   Code   RO         5314    .ARM.Collect$$rtexit$$00000000  c_w.l(rtexit.o)
    0x0800026e   0x0800026e   0x00000000   Code   RO         5331    .ARM.Collect$$rtexit$$00000002  c_w.l(rtexit2.o)
    0x0800026e   0x0800026e   0x00000004   Code   RO         5332    .ARM.Collect$$rtexit$$00000003  c_w.l(rtexit2.o)
    0x08000272   0x08000272   0x00000006   Code   RO         5333    .ARM.Collect$$rtexit$$00000004  c_w.l(rtexit2.o)
    0x08000278   0x08000278   0x00000000   Code   RO         5274    .emb_text           c_w.l(maybetermalloc1.o)
    0x08000278   0x08000278   0x00000040   Code   RO          710    .text               startup_stm32f407xx.o
    0x080002b8   0x080002b8   0x00000002   Code   RO         4711    .text               c_w.l(use_no_semi_2.o)
    0x080002ba   0x080002ba   0x00000028   Code   RO         4713    .text               c_w.l(calloc.o)
    0x080002e2   0x080002e2   0x0000002e   Code   RO         4749    .text               c_w.l(aeabi_atexit.o)
    0x08000310   0x08000310   0x00000044   Code   RO         4754    .text               c_w.l(rt_memclr.o)
    0x08000354   0x08000354   0x0000004e   Code   RO         4756    .text               c_w.l(rt_memclr_w.o)
    0x080003a2   0x080003a2   0x00000006   Code   RO         4758    .text               c_w.l(heapauxi.o)
    0x080003a8   0x080003a8   0x00000024   Code   RO         4765    .text               c_w.l(init_aeabi.o)
    0x080003cc   0x080003cc   0x00000002   Code   RO         4940    .text               c_w.l(use_no_semi.o)
    0x080003ce   0x080003ce   0x00000002   PAD
    0x080003d0   0x080003d0   0x00000008   Code   RO         4946    .text               c_w.l(rt_ddtor_pointer_addr_intlibspace.o)
    0x080003d8   0x080003d8   0x0000005e   Code   RO         4952    .text               c_w.l(h1_alloc.o)
    0x08000436   0x08000436   0x0000004e   Code   RO         4954    .text               c_w.l(h1_free.o)
    0x08000484   0x08000484   0x00000016   Code   RO         5010    .text               c_w.l(_rserrno.o)
    0x0800049a   0x0800049a   0x00000042   Code   RO         5021    .text               c_w.l(cxa_finalize.o)
    0x080004dc   0x080004dc   0x00000008   Code   RO         5122    .text               c_w.l(libspace.o)
    0x080004e4   0x080004e4   0x00000008   Code   RO         5145    .text               c_w.l(rt_heap_descriptor_intlibspace.o)
    0x080004ec   0x080004ec   0x00000008   Code   RO         5155    .text               c_w.l(rt_errno_addr_intlibspace.o)
    0x080004f4   0x080004f4   0x00000004   Code   RO         5157    .text               c_w.l(hguard.o)
    0x080004f8   0x080004f8   0x0000008a   Code   RO         5159    .text               c_w.l(init_alloc.o)
    0x08000582   0x08000582   0x0000000e   Code   RO         5163    .text               c_w.l(h1_init.o)
    0x08000590   0x08000590   0x0000004a   Code   RO         5265    .text               c_w.l(sys_stackheap_outer.o)
    0x080005da   0x080005da   0x00000034   Code   RO         5276    .text               c_w.l(h1_extend.o)
    0x0800060e   0x0800060e   0x00000012   Code   RO         5280    .text               c_w.l(exit.o)
    0x08000620   0x08000620   0x0000000e   Code   RO         5284    .text               c_w.l(defsig_rtmem_outer.o)
    0x0800062e   0x0800062e   0x0000000a   Code   RO         5322    .text               c_w.l(defsig_exit.o)
    0x08000638   0x08000638   0x00000050   Code   RO         5328    .text               c_w.l(defsig_rtmem_inner.o)
    0x08000688   0x08000688   0x00000032   Code   RO         5343    .text               c_w.l(defsig_general.o)
    0x080006ba   0x080006ba   0x00000002   Code   RO          273    i.BusFault_Handler  stm32f4xx_it.o
    0x080006bc   0x080006bc   0x00000002   Code   RO          274    i.DebugMon_Handler  stm32f4xx_it.o
    0x080006be   0x080006be   0x00000024   Code   RO         2016    i.HAL_DMA_Abort_IT  stm32f4xx_hal_dma.o
    0x080006e2   0x080006e2   0x00000002   PAD
    0x080006e4   0x080006e4   0x000001c0   Code   RO         1016    i.HAL_GPIO_Init     stm32f4xx_hal_gpio.o
    0x080008a4   0x080008a4   0x0000000a   Code   RO         1020    i.HAL_GPIO_WritePin  stm32f4xx_hal_gpio.o
    0x080008ae   0x080008ae   0x00000002   PAD
    0x080008b0   0x080008b0   0x0000000c   Code   RO          729    i.HAL_GetREVID      stm32f4xx_hal.o
    0x080008bc   0x080008bc   0x0000000c   Code   RO          730    i.HAL_GetTick       stm32f4xx_hal.o
    0x080008c8   0x080008c8   0x00000010   Code   RO          732    i.HAL_IncTick       stm32f4xx_hal.o
    0x080008d8   0x080008d8   0x0000002c   Code   RO          733    i.HAL_Init          stm32f4xx_hal.o
    0x08000904   0x08000904   0x00000028   Code   RO          734    i.HAL_InitTick      stm32f4xx_hal.o
    0x0800092c   0x0800092c   0x00000002   Code   RO          677    i.HAL_MspInit       stm32f4xx_hal_msp.o
    0x0800092e   0x0800092e   0x00000016   Code   RO          879    i.HAL_NVIC_EnableIRQ  stm32f4xx_hal_cortex.o
    0x08000944   0x08000944   0x00000040   Code   RO          885    i.HAL_NVIC_SetPriority  stm32f4xx_hal_cortex.o
    0x08000984   0x08000984   0x00000024   Code   RO          886    i.HAL_NVIC_SetPriorityGrouping  stm32f4xx_hal_cortex.o
    0x080009a8   0x080009a8   0x00000174   Code   RO         1266    i.HAL_RCC_ClockConfig  stm32f4xx_hal_rcc.o
    0x08000b1c   0x08000b1c   0x00000030   Code   RO         1273    i.HAL_RCC_GetPCLK1Freq  stm32f4xx_hal_rcc.o
    0x08000b4c   0x08000b4c   0x00000030   Code   RO         1274    i.HAL_RCC_GetPCLK2Freq  stm32f4xx_hal_rcc.o
    0x08000b7c   0x08000b7c   0x00000070   Code   RO         1275    i.HAL_RCC_GetSysClockFreq  stm32f4xx_hal_rcc.o
    0x08000bec   0x08000bec   0x00000314   Code   RO         1278    i.HAL_RCC_OscConfig  stm32f4xx_hal_rcc.o
    0x08000f00   0x08000f00   0x00000018   Code   RO          888    i.HAL_SYSTICK_CLKSourceConfig  stm32f4xx_hal_cortex.o
    0x08000f18   0x08000f18   0x00000028   Code   RO          890    i.HAL_SYSTICK_Config  stm32f4xx_hal_cortex.o
    0x08000f40   0x08000f40   0x00000002   Code   RO         1438    i.HAL_UART_ErrorCallback  stm32f4xx_hal_uart.o
    0x08000f42   0x08000f42   0x0000000a   Code   RO         1440    i.HAL_UART_GetState  stm32f4xx_hal_uart.o
    0x08000f4c   0x08000f4c   0x00000110   Code   RO         1441    i.HAL_UART_IRQHandler  stm32f4xx_hal_uart.o
    0x0800105c   0x0800105c   0x00000062   Code   RO         1442    i.HAL_UART_Init     stm32f4xx_hal_uart.o
    0x080010be   0x080010be   0x00000002   PAD
    0x080010c0   0x080010c0   0x0000007c   Code   RO         3466    i.HAL_UART_MspInit  usart.o
    0x0800113c   0x0800113c   0x00000048   Code   RO         1447    i.HAL_UART_Receive_IT  stm32f4xx_hal_uart.o
    0x08001184   0x08001184   0x00000058   Code   RO         3467    i.HAL_UART_RxCpltCallback  usart.o
    0x080011dc   0x080011dc   0x00000002   Code   RO         1453    i.HAL_UART_TxCpltCallback  stm32f4xx_hal_uart.o
    0x080011de   0x080011de   0x00000002   Code   RO          275    i.HardFault_Handler  stm32f4xx_it.o
    0x080011e0   0x080011e0   0x00000060   Code   RO         3701    i.KEY_Init          key.o
    0x08001240   0x08001240   0x00000050   Code   RO         3538    i.LED_Init          led.o
    0x08001290   0x08001290   0x00000002   Code   RO          276    i.MemManage_Handler  stm32f4xx_it.o
    0x08001292   0x08001292   0x00000002   Code   RO          277    i.NMI_Handler       stm32f4xx_it.o
    0x08001294   0x08001294   0x00000020   Code   RO          892    i.NVIC_SetPriority  stm32f4xx_hal_cortex.o
    0x080012b4   0x080012b4   0x0000002c   Code   RO         3569    i.OLED_Clear        oled.o
    0x080012e0   0x080012e0   0x0000003c   Code   RO         3573    i.OLED_DrawPoint    oled.o
    0x0800131c   0x0800131c   0x00000198   Code   RO         3575    i.OLED_Init         oled.o
    0x080014b4   0x080014b4   0x00000048   Code   RO         3576    i.OLED_Refresh_Gram  oled.o
    0x080014fc   0x080014fc   0x0000009a   Code   RO         3582    i.OLED_ShowPicture  oled.o
    0x08001596   0x08001596   0x00000002   PAD
    0x08001598   0x08001598   0x00000048   Code   RO         3584    i.OLED_WR_Byte      oled.o
    0x080015e0   0x080015e0   0x00000002   Code   RO          278    i.PendSV_Handler    stm32f4xx_it.o
    0x080015e2   0x080015e2   0x00000002   Code   RO          279    i.SVC_Handler       stm32f4xx_it.o
    0x080015e4   0x080015e4   0x00000094   Code   RO         3435    i.Stm32_Clock_Init  sys.o
    0x08001678   0x08001678   0x00000004   Code   RO          280    i.SysTick_Handler   stm32f4xx_it.o
    0x0800167c   0x0800167c   0x00000054   Code   RO          547    i.SystemInit        system_stm32f4xx.o
    0x080016d0   0x080016d0   0x00000010   Code   RO         1455    i.UART_DMAAbortOnError  stm32f4xx_hal_uart.o
    0x080016e0   0x080016e0   0x0000001c   Code   RO         1465    i.UART_EndRxTransfer  stm32f4xx_hal_uart.o
    0x080016fc   0x080016fc   0x0000008c   Code   RO         1467    i.UART_Receive_IT   stm32f4xx_hal_uart.o
    0x08001788   0x08001788   0x000002ac   Code   RO         1468    i.UART_SetConfig    stm32f4xx_hal_uart.o
    0x08001a34   0x08001a34   0x00000062   Code   RO         1469    i.UART_Transmit_IT  stm32f4xx_hal_uart.o
    0x08001a96   0x08001a96   0x00000002   PAD
    0x08001a98   0x08001a98   0x0000002c   Code   RO         3468    i.USART1_IRQHandler  usart.o
    0x08001ac4   0x08001ac4   0x00000002   Code   RO          281    i.UsageFault_Handler  stm32f4xx_it.o
    0x08001ac6   0x08001ac6   0x00000002   PAD
    0x08001ac8   0x08001ac8   0x000002ec   Code   RO         3739    i._Z10drawCircleiiijiPd  uicode.o
    0x08001db4   0x08001db4   0x00000024   Code   RO         3740    i._Z11projectOnXYPdS_d  uicode.o
    0x08001dd8   0x08001dd8   0x00000006   Code   RO         3741    i._Z12thread_sleepj  uicode.o
    0x08001dde   0x08001dde   0x00000002   PAD
    0x08001de0   0x08001de0   0x00000010   Code   RO         3749    i._Z7_assertPKci    uicode.o
    0x08001df0   0x08001df0   0x0000008c   Code   RO         3751    i._Z7rotateXdPdS_   uicode.o
    0x08001e7c   0x08001e7c   0x00000084   Code   RO         3752    i._Z7rotateYdPdS_   uicode.o
    0x08001f00   0x08001f00   0x00000080   Code   RO         3754    i._Z8multiplyiiiPdS_S_  uicode.o
    0x08001f80   0x08001f80   0x000002b8   Code   RO         3756    i._Z9create_uiPviiiP14DISPLAY_DRIVER  uicode.o
    0x08002238   0x08002238   0x00000002   Code   RO         4102    i._ZN10c_keyboardD1Ev  uicode.o
    0x0800223a   0x0800223a   0x00000002   PAD
    0x0800223c   0x0800223c   0x00000010   Code   RO         4105    i._ZN17c_keyboard_buttonC1Ev  uicode.o
    0x0800224c   0x0800224c   0x00000002   Code   RO         4108    i._ZN17c_keyboard_buttonD1Ev  uicode.o
    0x0800224e   0x0800224e   0x00000002   PAD
    0x08002250   0x08002250   0x00000038   Code   RO         4006    i._ZN5c_wndC1Ev     uicode.o
    0x08002288   0x08002288   0x00000086   Code   RO         3950    i._ZN6Circle12updateRadiusEi  uicode.o
    0x0800230e   0x0800230e   0x00000002   PAD
    0x08002310   0x08002310   0x0000007c   Code   RO         3956    i._ZN6Circle4drawEiib  uicode.o
    0x0800238c   0x0800238c   0x00000090   Code   RO         3963    i._ZN6Circle6rotateEd  uicode.o
    0x0800241c   0x0800241c   0x00000048   Code   RO         4039    i._ZN6CircleC1Eiiijib  uicode.o
    0x08002464   0x08002464   0x0000002c   Code   RO         4051    i._ZN6c_rect8set_rectEiiii  uicode.o
    0x08002490   0x08002490   0x0000000e   Code   RO         4045    i._ZN6c_rectC1Ev    uicode.o
    0x0800249e   0x0800249e   0x00000010   Code   RO         4111    i._ZN7c_layerC1Ev   uicode.o
    0x080024ae   0x080024ae   0x0000005e   Code   RO         4152    i._ZN9c_display10draw_pixelEiij  uicode.o
    0x0800250c   0x0800250c   0x000000ca   Code   RO         4158    i._ZN9c_display9fill_rectEiiiij  uicode.o
    0x080025d6   0x080025d6   0x0000002e   Code   RO         4063    i._ZN9c_surface10draw_hlineEiiijj  uicode.o
    0x08002604   0x08002604   0x000000fc   Code   RO         4170    i._ZN9c_surface10draw_pixelEiijj  uicode.o
    0x08002700   0x08002700   0x00000074   Code   RO         3969    i._ZN9c_surface11set_surfaceE13Z_ORDER_LEVEL6c_rect  uicode.o
    0x08002774   0x08002774   0x0000009c   Code   RO         4184    i._ZN9c_surface19fill_rect_low_levelEiiiij  uicode.o
    0x08002810   0x08002810   0x00000056   Code   RO         4191    i._ZN9c_surface20draw_pixel_low_levelEiij  uicode.o
    0x08002866   0x08002866   0x0000010e   Code   RO         4177    i._ZN9c_surface9fill_rectEiiiijj  uicode.o
    0x08002974   0x08002974   0x0000009c   Code   RO         4057    i._ZN9c_surfaceC1Ejjj13Z_ORDER_LEVEL6c_rect  uicode.o
    0x08002a10   0x08002a10   0x00000020   Code   RO         4368    i._ZNK6c_rect10pt_in_rectEii  uicode.o
    0x08002a30   0x08002a30   0x00000030   Code   RO         5259    i.__ARM_fpclassify  m_wm.l(fpclassify.o)
    0x08002a60   0x08002a60   0x00000024   Code   RO         4883    i.__aeabi_vec_ctor_nocookie_nodtor  cpprt_w.l(aeabi_vec_ctor_nocookie_nodtor.o)
    0x08002a84   0x08002a84   0x00000010   Code   RO         4771    i.__cxa_guard_acquire  cpprt_w.l(cxa_guard_acquire.o)
    0x08002a94   0x08002a94   0x00000004   PAD
    0x08002a98   0x08002a98   0x000000c8   Code   RO         4916    i.__hardfp_cos      m_wm.l(cos.o)
    0x08002b60   0x08002b60   0x000000c8   Code   RO         4928    i.__hardfp_sin      m_wm.l(sin.o)
    0x08002c28   0x08002c28   0x00000438   Code   RO         5111    i.__ieee754_rem_pio2  m_wm.l(rred.o)
    0x08003060   0x08003060   0x00000170   Code   RO         5094    i.__kernel_cos      m_wm.l(cos_i.o)
    0x080031d0   0x080031d0   0x000000f8   Code   RO         5261    i.__kernel_poly     m_wm.l(poly.o)
    0x080032c8   0x080032c8   0x00000130   Code   RO         5116    i.__kernel_sin      m_wm.l(sin_i.o)
    0x080033f8   0x080033f8   0x00000014   Code   RO         5098    i.__mathlib_dbl_infnan  m_wm.l(dunder.o)
    0x0800340c   0x0800340c   0x00000004   PAD
    0x08003410   0x08003410   0x00000020   Code   RO         5100    i.__mathlib_dbl_invalid  m_wm.l(dunder.o)
    0x08003430   0x08003430   0x00000020   Code   RO         5103    i.__mathlib_dbl_underflow  m_wm.l(dunder.o)
    0x08003450   0x08003450   0x00000344   Code   RO         3760    i.__sti___10_UIcode_cpp_396ac66f  uicode.o
    0x08003794   0x08003794   0x00000002   Code   RO         3469    i._sys_exit         usart.o
    0x08003796   0x08003796   0x00000002   Code   RO         3470    i._ttywrch          usart.o
    0x08003798   0x08003798   0x00000014   Code   RO         3386    i.delay_init        delay.o
    0x080037ac   0x080037ac   0x0000001a   Code   RO         3387    i.delay_ms          delay.o
    0x080037c6   0x080037c6   0x00000002   PAD
    0x080037c8   0x080037c8   0x00000034   Code   RO         3388    i.delay_us          delay.o
    0x080037fc   0x080037fc   0x00000018   Code   RO         5255    i.fabs              m_wm.l(fabs.o)
    0x08003814   0x08003814   0x0000000a   Code   RO            5    i.gfx_draw_pixel    main.o
    0x0800381e   0x0800381e   0x00000002   PAD
    0x08003820   0x08003820   0x00000090   Code   RO            6    i.main              main.o
    0x080038b0   0x080038b0   0x0000000a   Code   RO         3762    i.startHelloCircle  uicode.o
    0x080038ba   0x080038ba   0x00000002   PAD
    0x080038bc   0x080038bc   0x00000038   Code   RO         3472    i.uart_init         usart.o
    0x080038f4   0x080038f4   0x00000018   Code   RO         4886    x$fpl$basic         fz_wm.l(basic.o)
    0x0800390c   0x0800390c   0x00000150   Code   RO         4888    x$fpl$dadd          fz_wm.l(daddsub_clz.o)
    0x08003a5c   0x08003a5c   0x00000018   Code   RO         5087    x$fpl$dcmpinf       fz_wm.l(dcmpi.o)
    0x08003a74   0x08003a74   0x000002b0   Code   RO         4895    x$fpl$ddiv          fz_wm.l(ddiv.o)
    0x08003d24   0x08003d24   0x0000005e   Code   RO         4898    x$fpl$dfix          fz_wm.l(dfix.o)
    0x08003d82   0x08003d82   0x0000002e   Code   RO         4903    x$fpl$dflt          fz_wm.l(dflt_clz.o)
    0x08003db0   0x08003db0   0x00000026   Code   RO         4902    x$fpl$dfltu         fz_wm.l(dflt_clz.o)
    0x08003dd6   0x08003dd6   0x00000002   PAD
    0x08003dd8   0x08003dd8   0x00000078   Code   RO         4908    x$fpl$dleqf         fz_wm.l(dleqf.o)
    0x08003e50   0x08003e50   0x00000154   Code   RO         4910    x$fpl$dmul          fz_wm.l(dmul.o)
    0x08003fa4   0x08003fa4   0x0000009c   Code   RO         5089    x$fpl$dnaninf       fz_wm.l(dnaninf.o)
    0x08004040   0x08004040   0x0000000c   Code   RO         5091    x$fpl$dretinf       fz_wm.l(dretinf.o)
    0x0800404c   0x0800404c   0x0000006c   Code   RO         4912    x$fpl$drleqf        fz_wm.l(drleqf.o)
    0x080040b8   0x080040b8   0x00000016   Code   RO         4889    x$fpl$drsb          fz_wm.l(daddsub_clz.o)
    0x080040ce   0x080040ce   0x00000002   PAD
    0x080040d0   0x080040d0   0x000001d4   Code   RO         4890    x$fpl$dsub          fz_wm.l(daddsub_clz.o)
    0x080042a4   0x080042a4   0x0000000a   Code   RO         5249    x$fpl$fpinit        fz_wm.l(fpinit.o)
    0x080042ae   0x080042ae   0x00000000   Code   RO         5093    x$fpl$usenofp       fz_wm.l(usenofp.o)
    0x080042ae   0x080042ae   0x00000010   Data   RO          548    .constdata          system_stm32f4xx.o
    0x080042be   0x080042be   0x00000008   Data   RO          549    .constdata          system_stm32f4xx.o
    0x080042c6   0x080042c6   0x00000002   PAD
    0x080042c8   0x080042c8   0x00000030   Data   RO         5095    .constdata          m_wm.l(cos_i.o)
    0x080042f8   0x080042f8   0x000000c8   Data   RO         5113    .constdata          m_wm.l(rred.o)
    0x080043c0   0x080043c0   0x00000028   Data   RO         5117    .constdata          m_wm.l(sin_i.o)
    0x080043e8   0x080043e8   0x00000038   Data   RO         4128    .constdata__ZTV10c_keyboard  uicode.o
    0x08004420   0x08004420   0x00000010   Data   RO         4124    .constdata__ZTV17c_bitmap_operator  uicode.o
    0x08004430   0x08004430   0x00000034   Data   RO         4130    .constdata__ZTV17c_keyboard_button  uicode.o
    0x08004464   0x08004464   0x0000001c   Data   RO         4122    .constdata__ZTV17c_lattice_font_op  uicode.o
    0x08004480   0x08004480   0x00000034   Data   RO         4126    .constdata__ZTV5c_wnd  uicode.o
    0x080044b4   0x080044b4   0x00000014   Data   RO         4118    .constdata__ZTV9c_display  uicode.o
    0x080044c8   0x080044c8   0x00000018   Data   RO         4120    .constdata__ZTV9c_surface  uicode.o
    0x080044e0   0x080044e0   0x0000001a   Data   RO         3919    .constdata__ZZN6c_rect8set_rectEiiiiEs  uicode.o
    0x080044fa   0x080044fa   0x0000001a   Data   RO         3922    .constdata__ZZN9c_surface10draw_pixelEiijjEs  uicode.o
    0x08004514   0x08004514   0x0000001a   Data   RO         3924    .constdata__ZZN9c_surface11set_surfaceE13Z_ORDER_LEVEL6c_rectEs  uicode.o
    0x0800452e   0x0800452e   0x00000002   PAD
    0x08004530   0x08004530   0x00000020   Data   RO         5366    Region$$Table       anon$$obj.o
    0x08004550   0x08004550   0x00000004   Data   RO         3793    .init_array         uicode.o
    0x08004554   0x08004550   0x00000000   Data   RO         4763    .init_array         c_w.l(init_aeabi.o)


    Execution Region RW_IRAM2 (Exec base: 0x10000000, Load base: 0x08004844, Size: 0x00000000, Max: 0x00010000, ABSOLUTE)

    **** No section assigned to this execution region ****


    Execution Region RW_IRAM1 (Exec base: 0x20000000, Load base: 0x08004554, Size: 0x000096d8, Max: 0x00020000, ABSOLUTE, COMPRESSED[0x000002f0])

    Exec Addr    Load Addr    Size         Type   Attr      Idx    E Section Name        Object

    0x20000000   COMPRESSED   0x00000508   Data   RW           14    .data               main.o
    0x20000508   COMPRESSED   0x00000004   Data   RW          550    .data               system_stm32f4xx.o
    0x2000050c   COMPRESSED   0x00000004   Data   RW          739    .data               stm32f4xx_hal.o
    0x20000510   COMPRESSED   0x00000004   Data   RW         3389    .data               delay.o
    0x20000514   COMPRESSED   0x00000004   Data   RW         3474    .data               usart.o
    0x20000518   COMPRESSED   0x000004bc   Data   RW         3791    .data               uicode.o
    0x200009d4        -       0x00000108   Zero   RW         3473    .bss                usart.o
    0x20000adc        -       0x00000400   Zero   RW         3586    .bss                oled.o
    0x20000edc   COMPRESSED   0x00000004   PAD
    0x20000ee0        -       0x00008194   Zero   RW         3787    .bss                uicode.o
    0x20009074        -       0x00000060   Zero   RW         5123    .bss                c_w.l(libspace.o)
    0x200090d4   COMPRESSED   0x00000004   PAD
    0x200090d8        -       0x00000200   Zero   RW          708    HEAP                startup_stm32f407xx.o
    0x200092d8        -       0x00000400   Zero   RW          707    STACK               startup_stm32f407xx.o


==============================================================================

Image component sizes


      Code (inc. data)   RO Data    RW Data    ZI Data      Debug   Object Name

        98          8          0          4          0       4227   delay.o
        96         14          0          0          0       1011   key.o
        80          8          0          0          0        939   led.o
       154         10          0       1288          0      12645   main.o
       810         52          0          0       1024       6242   oled.o
        64         26        392          0       1536        824   startup_stm32f407xx.o
       124         26          0          4          0       4294   stm32f4xx_hal.o
       218         14          0          0          0      30693   stm32f4xx_hal_cortex.o
        36          0          0          0          0       1287   stm32f4xx_hal_dma.o
       458         46          0          0          0       2584   stm32f4xx_hal_gpio.o
         2          0          0          0          0        414   stm32f4xx_hal_msp.o
      1368         74          0          0          0       5280   stm32f4xx_hal_rcc.o
      1422         14          0          0          0       8183   stm32f4xx_hal_uart.o
        20          0          0          0          0     645918   stm32f4xx_it.o
       148         12          0          0          0       1211   sys.o
        84         18         24          4          0       1127   system_stm32f4xx.o
      4782        326        330       1212      33172      59274   uicode.o
       316         46          0          4        264       5224   usart.o

    ----------------------------------------------------------------------
     10306        694        782       2516      36000     791377   Object Totals
         0          0         32          0          0          0   (incl. Generated)
        26          0          4          0          4          0   (incl. Padding)

    ----------------------------------------------------------------------

      Code (inc. data)   RO Data    RW Data    ZI Data      Debug   Library Member Name

        90          0          0          0          0          0   __dczerorl2.o
         8          0          0          0          0         68   __main.o
         0          0          0          0          0          0   __rtentry.o
        12          0          0          0          0          0   __rtentry2.o
         6          0          0          0          0          0   __rtentry4.o
        52          8          0          0          0          0   __scatter.o
        28          0          0          0          0          0   __scatter_zi.o
        22          0          0          0          0        100   _rserrno.o
        46          0          0          0          0         84   aeabi_atexit.o
        40          0          0          0          0         80   calloc.o
        66          0          0          0          0         84   cxa_finalize.o
        10          0          0          0          0         68   defsig_exit.o
        50          0          0          0          0         88   defsig_general.o
        80         58          0          0          0         76   defsig_rtmem_inner.o
        14          0          0          0          0         80   defsig_rtmem_outer.o
        18          0          0          0          0         80   exit.o
        94          0          0          0          0         80   h1_alloc.o
        52          0          0          0          0         68   h1_extend.o
        78          0          0          0          0         80   h1_free.o
        14          0          0          0          0         84   h1_init.o
         6          0          0          0          0        152   heapauxi.o
         4          0          0          0          0        136   hguard.o
        36         10          0          0          0         80   init_aeabi.o
       138          0          0          0          0        168   init_alloc.o
         2          0          0          0          0          0   libinit.o
        18          0          0          0          0          0   libinit2.o
         2          0          0          0          0          0   libshutdown.o
         8          0          0          0          0          0   libshutdown2.o
         8          4          0          0         96         68   libspace.o
         0          0          0          0          0          0   maybetermalloc1.o
         8          4          0          0          0         68   rt_ddtor_pointer_addr_intlibspace.o
         8          4          0          0          0         68   rt_errno_addr_intlibspace.o
         8          4          0          0          0         68   rt_heap_descriptor_intlibspace.o
        68          0          0          0          0         68   rt_memclr.o
        78          0          0          0          0         80   rt_memclr_w.o
         2          0          0          0          0          0   rtexit.o
        10          0          0          0          0          0   rtexit2.o
        74          0          0          0          0         80   sys_stackheap_outer.o
         2          0          0          0          0         68   use_no_semi.o
         2          0          0          0          0         68   use_no_semi_2.o
        36          0          0          0          0         84   aeabi_vec_ctor_nocookie_nodtor.o
        16          0          0          0          0         68   cxa_guard_acquire.o
        24          0          0          0          0        164   basic.o
       826         16          0          0          0        492   daddsub_clz.o
        24          0          0          0          0        116   dcmpi.o
       688        140          0          0          0        256   ddiv.o
        94          4          0          0          0        140   dfix.o
        84          0          0          0          0        232   dflt_clz.o
       120          4          0          0          0        140   dleqf.o
       340         12          0          0          0        152   dmul.o
       156          4          0          0          0        140   dnaninf.o
        12          0          0          0          0        116   dretinf.o
       108          0          0          0          0        128   drleqf.o
        10          0          0          0          0        116   fpinit.o
         0          0          0          0          0          0   usenofp.o
       200         20          0          0          0        164   cos.o
       368         46         48          0          0        200   cos_i.o
        84         16          0          0          0        372   dunder.o
        24          0          0          0          0        124   fabs.o
        48          0          0          0          0        124   fpclassify.o
       248          0          0          0          0        152   poly.o
      1080        142        200          0          0        188   rred.o
       200         20          0          0          0        164   sin.o
       304         24         40          0          0        208   sin_i.o

    ----------------------------------------------------------------------
      6372        540        288          0        100       6332   Library Totals
        16          0          0          0          4          0   (incl. Padding)

    ----------------------------------------------------------------------

      Code (inc. data)   RO Data    RW Data    ZI Data      Debug   Library Name

      1262         92          0          0         96       2292   c_w.l
        52          0          0          0          0        152   cpprt_w.l
      2486        180          0          0          0       2192   fz_wm.l
      2556        268        288          0          0       1696   m_wm.l

    ----------------------------------------------------------------------
      6372        540        288          0        100       6332   Library Totals

    ----------------------------------------------------------------------

==============================================================================


      Code (inc. data)   RO Data    RW Data    ZI Data      Debug   

     16678       1234       1070       2516      36100     785357   Grand Totals
     16678       1234       1070        752      36100     785357   ELF Image Totals (compressed)
     16678       1234       1070        752          0          0   ROM Totals

==============================================================================

    Total RO  Size (Code + RO Data)                17748 (  17.33kB)
    Total RW  Size (RW Data + ZI Data)             38616 (  37.71kB)
    Total ROM Size (Code + RO Data + RW Data)      18500 (  18.07kB)

==============================================================================

