<html>
<body>
<pre>
<h1>µVision Build Log</h1>
<h2>Tool Versions:</h2>
IDE-Version: ¦ÌVision V5.14.0.0
Copyright (C) 2015 ARM Ltd and ARM Germany GmbH. All rights reserved.
License Information:  ,  , LIC=8MZAR-KWG2U-F0TN5-GG4ZZ-C5LIM-M7T9N
 
Tool Versions:
Toolchain:       MDK-ARM Professional  Version: 5.14.0.0
Middleware:      RL-ARM Real-Time Library Version V4.00
Toolchain Path:  D:\keil5\ARM\ARMCC\Bin
C Compiler:      Armcc.exe V5.05 update 1 (build 106)
Assembler:       Armasm.exe V5.05 update 1 (build 106)
Linker/Locator:  ArmLink.exe V5.05 update 1 (build 106)
Library Manager: ArmAr.exe V5.05 update 1 (build 106)
Hex Converter:   FromElf.exe V5.05 update 1 (build 106)
CPU DLL:         SARMCM3.DLL V5.14.0.0
Dialog DLL:      DARMSTM.DLL V1.65.0.0
Target DLL:      STLink\ST-LINKIII-KEIL_SWO.dll V2.0.14.0_KEIL
Dialog DLL:      TARMSTM.DLL V1.64.0.0
 
<h2>Project:</h2>
C:\Users\user\Desktop\M_STM32\Àý³Ì\peripheral\03¡¢USART\Project\RVMDK£¨uv4£©\M_STM32.uvprojx
Project File Date:  10/04/2016

<h2>Output:</h2>
Rebuild target 'M_STM32'
assembling startup_stm32f10x_hd.s...
compiling core_cm3.c...
compiling system_stm32f10x.c...
compiling misc.c...
compiling stm32f10x_adc.c...
compiling stm32f10x_bkp.c...
compiling stm32f10x_can.c...
compiling stm32f10x_cec.c...
compiling stm32f10x_crc.c...
compiling stm32f10x_dac.c...
compiling stm32f10x_dbgmcu.c...
compiling stm32f10x_dma.c...
compiling stm32f10x_exti.c...
compiling stm32f10x_flash.c...
compiling stm32f10x_fsmc.c...
compiling stm32f10x_gpio.c...
compiling stm32f10x_i2c.c...
compiling stm32f10x_iwdg.c...
compiling stm32f10x_pwr.c...
compiling stm32f10x_rcc.c...
compiling stm32f10x_rtc.c...
compiling stm32f10x_sdio.c...
compiling stm32f10x_spi.c...
compiling stm32f10x_tim.c...
compiling stm32f10x_usart.c...
compiling stm32f10x_wwdg.c...
compiling M_STM32_GPIO.c...
..\..\Libraries\M_STM32\src\M_STM32_GPIO.c(151): warning:  #188-D: enumerated type mixed with another type
        GPIO_InitStructure.GPIO_Mode  = GPIO_Mode;                      // è®¾ç½®å¼•è„šä¸ºæŽ¨æŒ½è¾“å‡?                                        ^
..\..\Libraries\M_STM32\src\M_STM32_GPIO.c: 1 warning, 0 errors
compiling M_STM32_SysTick.c...
compiling M_STM32_USART.c...
compiling M_STM32_AD.c...
compiling M_STM32_Timer.c...
compiling M_STM32_PWM.c...
compiling 8x8display.c...
compiling M_key.c...
compiling M_Servo.c...
compiling main.c...
compiling stm32f10x_it.c...
linking...
Program Size: Code=3464 RO-data=336 RW-data=112 ZI-data=1080  
FromELF: creating hex file...
"..\..\Output\M_STM32.axf" - 0 Error(s), 1 Warning(s).

<h2>Collection of Component include folders:</h2>
  C:\Users\user\Desktop\M_STM32\Àý³Ì\peripheral\03¡¢USART\Project\RVMDK£¨uv4£©\RTE
  D:\keil5\ARM\PACK\Keil\STM32F1xx_DFP\1.0.5\Device\Include

<h2>Collection of Component Files used:</h2>
</pre>
</body>
</html>
