Component: ARM Compiler 5.06 update 7 (build 960) Tool: armlink [4d3601]

==============================================================================

Section Cross References

    main.o(i.main) refers to stm32f4xx_hal.o(i.HAL_Init) for HAL_Init
    main.o(i.main) refers to sys.o(i.Stm32_Clock_Init) for Stm32_Clock_Init
    main.o(i.main) refers to delay.o(i.delay_init) for delay_init
    main.o(i.main) refers to usart.o(i.uart_init) for uart_init
    main.o(i.main) refers to led.o(i.LED_Init) for LED_Init
    main.o(i.main) refers to oled.o(i.OLED_Init) for OLED_Init
    main.o(i.main) refers to key.o(i.KEY_Init) for KEY_Init
    main.o(i.main) refers to oled.o(i.u8g2Init) for u8g2Init
    main.o(i.main) refers to u8g2_buffer.o(i.u8g2_FirstPage) for u8g2_FirstPage
    main.o(i.main) refers to oled.o(i.draw) for draw
    main.o(i.main) refers to u8g2_buffer.o(i.u8g2_NextPage) for u8g2_NextPage
    stm32f4xx_it.o(i.SysTick_Handler) refers to stm32f4xx_hal.o(i.HAL_IncTick) for HAL_IncTick
    system_stm32f4xx.o(i.SystemCoreClockUpdate) refers to system_stm32f4xx.o(.data) for .data
    system_stm32f4xx.o(i.SystemCoreClockUpdate) refers to system_stm32f4xx.o(.constdata) for .constdata
    startup_stm32f407xx.o(STACK) refers (Special) to heapauxi.o(.text) for __use_two_region_memory
    startup_stm32f407xx.o(HEAP) refers (Special) to heapauxi.o(.text) for __use_two_region_memory
    startup_stm32f407xx.o(RESET) refers (Special) to heapauxi.o(.text) for __use_two_region_memory
    startup_stm32f407xx.o(RESET) refers to startup_stm32f407xx.o(STACK) for __initial_sp
    startup_stm32f407xx.o(RESET) refers to startup_stm32f407xx.o(.text) for Reset_Handler
    startup_stm32f407xx.o(RESET) refers to stm32f4xx_it.o(i.NMI_Handler) for NMI_Handler
    startup_stm32f407xx.o(RESET) refers to stm32f4xx_it.o(i.HardFault_Handler) for HardFault_Handler
    startup_stm32f407xx.o(RESET) refers to stm32f4xx_it.o(i.MemManage_Handler) for MemManage_Handler
    startup_stm32f407xx.o(RESET) refers to stm32f4xx_it.o(i.BusFault_Handler) for BusFault_Handler
    startup_stm32f407xx.o(RESET) refers to stm32f4xx_it.o(i.UsageFault_Handler) for UsageFault_Handler
    startup_stm32f407xx.o(RESET) refers to stm32f4xx_it.o(i.SVC_Handler) for SVC_Handler
    startup_stm32f407xx.o(RESET) refers to stm32f4xx_it.o(i.DebugMon_Handler) for DebugMon_Handler
    startup_stm32f407xx.o(RESET) refers to stm32f4xx_it.o(i.PendSV_Handler) for PendSV_Handler
    startup_stm32f407xx.o(RESET) refers to stm32f4xx_it.o(i.SysTick_Handler) for SysTick_Handler
    startup_stm32f407xx.o(RESET) refers to usart.o(i.USART1_IRQHandler) for USART1_IRQHandler
    startup_stm32f407xx.o(.text) refers (Special) to heapauxi.o(.text) for __use_two_region_memory
    startup_stm32f407xx.o(.text) refers to system_stm32f4xx.o(i.SystemInit) for SystemInit
    startup_stm32f407xx.o(.text) refers to __main.o(!!!main) for __main
    startup_stm32f407xx.o(.text) refers to startup_stm32f407xx.o(HEAP) for Heap_Mem
    startup_stm32f407xx.o(.text) refers to startup_stm32f407xx.o(STACK) for Stack_Mem
    stm32f4xx_hal.o(i.HAL_DeInit) refers to stm32f4xx_hal_msp.o(i.HAL_MspDeInit) for HAL_MspDeInit
    stm32f4xx_hal.o(i.HAL_Delay) refers to stm32f4xx_hal.o(i.HAL_GetTick) for HAL_GetTick
    stm32f4xx_hal.o(i.HAL_GetTick) refers to stm32f4xx_hal.o(.data) for .data
    stm32f4xx_hal.o(i.HAL_IncTick) refers to stm32f4xx_hal.o(.data) for .data
    stm32f4xx_hal.o(i.HAL_Init) refers to stm32f4xx_hal_cortex.o(i.HAL_NVIC_SetPriorityGrouping) for HAL_NVIC_SetPriorityGrouping
    stm32f4xx_hal.o(i.HAL_Init) refers to stm32f4xx_hal.o(i.HAL_InitTick) for HAL_InitTick
    stm32f4xx_hal.o(i.HAL_Init) refers to stm32f4xx_hal_msp.o(i.HAL_MspInit) for HAL_MspInit
    stm32f4xx_hal.o(i.HAL_InitTick) refers to stm32f4xx_hal_cortex.o(i.HAL_SYSTICK_Config) for HAL_SYSTICK_Config
    stm32f4xx_hal.o(i.HAL_InitTick) refers to stm32f4xx_hal_cortex.o(i.HAL_NVIC_SetPriority) for HAL_NVIC_SetPriority
    stm32f4xx_hal.o(i.HAL_InitTick) refers to system_stm32f4xx.o(.data) for SystemCoreClock
    stm32f4xx_hal_cortex.o(i.HAL_NVIC_SetPriority) refers to stm32f4xx_hal_cortex.o(i.NVIC_SetPriority) for NVIC_SetPriority
    stm32f4xx_hal_cortex.o(i.HAL_SYSTICK_Config) refers to stm32f4xx_hal_cortex.o(i.NVIC_SetPriority) for NVIC_SetPriority
    stm32f4xx_hal_cortex.o(i.HAL_SYSTICK_IRQHandler) refers to stm32f4xx_hal_cortex.o(i.HAL_SYSTICK_Callback) for HAL_SYSTICK_Callback
    stm32f4xx_hal_gpio.o(i.HAL_GPIO_EXTI_IRQHandler) refers to stm32f4xx_hal_gpio.o(i.HAL_GPIO_EXTI_Callback) for HAL_GPIO_EXTI_Callback
    stm32f4xx_hal_pwr.o(i.HAL_PWR_PVD_IRQHandler) refers to stm32f4xx_hal_pwr.o(i.HAL_PWR_PVDCallback) for HAL_PWR_PVDCallback
    stm32f4xx_hal_pwr_ex.o(i.HAL_PWREx_ControlVoltageScaling) refers to stm32f4xx_hal.o(i.HAL_GetTick) for HAL_GetTick
    stm32f4xx_hal_pwr_ex.o(i.HAL_PWREx_DisableBkUpReg) refers to stm32f4xx_hal.o(i.HAL_GetTick) for HAL_GetTick
[...]
    ..\u8g2\u8x8_byte.c                      0x00000000   Number         0  u8x8_byte.o ABSOLUTE
    ..\u8g2\u8x8_cad.c                       0x00000000   Number         0  u8x8_cad.o ABSOLUTE
    ..\u8g2\u8x8_capture.c                   0x00000000   Number         0  u8x8_capture.o ABSOLUTE
    ..\u8g2\u8x8_d_ssd1306_128x64_noname.c   0x00000000   Number         0  u8x8_d_ssd1306_128x64_noname.o ABSOLUTE
    ..\u8g2\u8x8_debounce.c                  0x00000000   Number         0  u8x8_debounce.o ABSOLUTE
    ..\u8g2\u8x8_display.c                   0x00000000   Number         0  u8x8_display.o ABSOLUTE
    ..\u8g2\u8x8_fonts.c                     0x00000000   Number         0  u8x8_fonts.o ABSOLUTE
    ..\u8g2\u8x8_gpio.c                      0x00000000   Number         0  u8x8_gpio.o ABSOLUTE
    ..\u8g2\u8x8_input_value.c               0x00000000   Number         0  u8x8_input_value.o ABSOLUTE
    ..\u8g2\u8x8_message.c                   0x00000000   Number         0  u8x8_message.o ABSOLUTE
    ..\u8g2\u8x8_selection_list.c            0x00000000   Number         0  u8x8_selection_list.o ABSOLUTE
    ..\u8g2\u8x8_setup.c                     0x00000000   Number         0  u8x8_setup.o ABSOLUTE
    ..\u8g2\u8x8_string.c                    0x00000000   Number         0  u8x8_string.o ABSOLUTE
    ..\u8g2\u8x8_u16toa.c                    0x00000000   Number         0  u8x8_u16toa.o ABSOLUTE
    ..\u8g2\u8x8_u8toa.c                     0x00000000   Number         0  u8x8_u8toa.o ABSOLUTE
    dc.s                                     0x00000000   Number         0  dc.o ABSOLUTE
    main.c                                   0x00000000   Number         0  main.o ABSOLUTE
    main.c                                   0x00000000   Number         0  main.o ABSOLUTE
    stm32f4xx_hal_msp.c                      0x00000000   Number         0  stm32f4xx_hal_msp.o ABSOLUTE
    stm32f4xx_hal_msp.c                      0x00000000   Number         0  stm32f4xx_hal_msp.o ABSOLUTE
    stm32f4xx_it.c                           0x00000000   Number         0  stm32f4xx_it.o ABSOLUTE
    stm32f4xx_it.c                           0x00000000   Number         0  stm32f4xx_it.o ABSOLUTE
    system_stm32f4xx.c                       0x00000000   Number         0  system_stm32f4xx.o ABSOLUTE
    system_stm32f4xx.c                       0x00000000   Number         0  system_stm32f4xx.o ABSOLUTE
    RESET                                    0x08000000   Section      392  startup_stm32f407xx.o(RESET)
    !!!main                                  0x08000188   Section        8  __main.o(!!!main)
    !!!scatter                               0x08000190   Section       52  __scatter.o(!!!scatter)
    !!handler_copy                           0x080001c4   Section       26  __scatter_copy.o(!!handler_copy)
    !!handler_zi                             0x080001e0   Section       28  __scatter_zi.o(!!handler_zi)
    .ARM.Collect$$libinit$$00000000          0x080001fc   Section        2  libinit.o(.ARM.Collect$$libinit$$00000000)
    .ARM.Collect$$libinit$$00000001          0x080001fe   Section        4  libinit2.o(.ARM.Collect$$libinit$$00000001)
    .ARM.Collect$$libinit$$00000004          0x08000202   Section        0  libinit2.o(.ARM.Collect$$libinit$$00000004)
    .ARM.Collect$$libinit$$0000000A          0x08000202   Section        0  libinit2.o(.ARM.Collect$$libinit$$0000000A)
    .ARM.Collect$$libinit$$0000000C          0x08000202   Section        0  libinit2.o(.ARM.Collect$$libinit$$0000000C)
    .ARM.Collect$$libinit$$0000000E          0x08000202   Section        0  libinit2.o(.ARM.Collect$$libinit$$0000000E)
    .ARM.Collect$$libinit$$00000011          0x08000202   Section        0  libinit2.o(.ARM.Collect$$libinit$$00000011)
    .ARM.Collect$$libinit$$00000013          0x08000202   Section        0  libinit2.o(.ARM.Collect$$libinit$$00000013)
    .ARM.Collect$$libinit$$00000015          0x08000202   Section        0  libinit2.o(.ARM.Collect$$libinit$$00000015)
    .ARM.Collect$$libinit$$00000017          0x08000202   Section        0  libinit2.o(.ARM.Collect$$libinit$$00000017)
    .ARM.Collect$$libinit$$00000019          0x08000202   Section        0  libinit2.o(.ARM.Collect$$libinit$$00000019)
    .ARM.Collect$$libinit$$0000001B          0x08000202   Section        0  libinit2.o(.ARM.Collect$$libinit$$0000001B)
    .ARM.Collect$$libinit$$0000001D          0x08000202   Section        0  libinit2.o(.ARM.Collect$$libinit$$0000001D)
    .ARM.Collect$$libinit$$0000001F          0x08000202   Section        0  libinit2.o(.ARM.Collect$$libinit$$0000001F)
    .ARM.Collect$$libinit$$00000021          0x08000202   Section        0  libinit2.o(.ARM.Collect$$libinit$$00000021)
    .ARM.Collect$$libinit$$00000023          0x08000202   Section        0  libinit2.o(.ARM.Collect$$libinit$$00000023)
    .ARM.Collect$$libinit$$00000025          0x08000202   Section        0  libinit2.o(.ARM.Collect$$libinit$$00000025)
    .ARM.Collect$$libinit$$0000002C          0x08000202   Section        0  libinit2.o(.ARM.Collect$$libinit$$0000002C)
    .ARM.Collect$$libinit$$0000002E          0x08000202   Section        0  libinit2.o(.ARM.Collect$$libinit$$0000002E)
    .ARM.Collect$$libinit$$00000030          0x08000202   Section        0  libinit2.o(.ARM.Collect$$libinit$$00000030)
    .ARM.Collect$$libinit$$00000032          0x08000202   Section        0  libinit2.o(.ARM.Collect$$libinit$$00000032)
    .ARM.Collect$$libinit$$00000033          0x08000202   Section        2  libinit2.o(.ARM.Collect$$libinit$$00000033)
    .ARM.Collect$$libshutdown$$00000000      0x08000204   Section        2  libshutdown.o(.ARM.Collect$$libshutdown$$00000000)
    .ARM.Collect$$libshutdown$$00000002      0x08000206   Section        0  libshutdown2.o(.ARM.Collect$$libshutdown$$00000002)
    .ARM.Collect$$libshutdown$$00000004      0x08000206   Section        0  libshutdown2.o(.ARM.Collect$$libshutdown$$00000004)
    .ARM.Collect$$libshutdown$$00000006      0x08000206   Section        0  libshutdown2.o(.ARM.Collect$$libshutdown$$00000006)
    .ARM.Collect$$libshutdown$$00000009      0x08000206   Section        0  libshutdown2.o(.ARM.Collect$$libshutdown$$00000009)
    .ARM.Collect$$libshutdown$$0000000C      0x08000206   Section        0  libshutdown2.o(.ARM.Collect$$libshutdown$$0000000C)
    .ARM.Collect$$libshutdown$$0000000E      0x08000206   Section        0  libshutdown2.o(.ARM.Collect$$libshutdown$$0000000E)
    .ARM.Collect$$libshutdown$$00000011      0x08000206   Section        0  libshutdown2.o(.ARM.Collect$$libshutdown$$00000011)
    .ARM.Collect$$libshutdown$$00000012      0x08000206   Section        2  libshutdown2.o(.ARM.Collect$$libshutdown$$00000012)
    .ARM.Collect$$rtentry$$00000000          0x08000208   Section        0  __rtentry.o(.ARM.Collect$$rtentry$$00000000)
    .ARM.Collect$$rtentry$$00000002          0x08000208   Section        0  __rtentry2.o(.ARM.Collect$$rtentry$$00000002)
    .ARM.Collect$$rtentry$$00000004          0x08000208   Section        6  __rtentry4.o(.ARM.Collect$$rtentry$$00000004)
    .ARM.Collect$$rtentry$$00000009          0x0800020e   Section        0  __rtentry2.o(.ARM.Collect$$rtentry$$00000009)
    .ARM.Collect$$rtentry$$0000000A          0x0800020e   Section        4  __rtentry2.o(.ARM.Collect$$rtentry$$0000000A)
    .ARM.Collect$$rtentry$$0000000C          0x08000212   Section        0  __rtentry2.o(.ARM.Collect$$rtentry$$0000000C)
    .ARM.Collect$$rtentry$$0000000D          0x08000212   Section        8  __rtentry2.o(.ARM.Collect$$rtentry$$0000000D)
    .ARM.Collect$$rtexit$$00000000           0x0800021a   Section        2  rtexit.o(.ARM.Collect$$rtexit$$00000000)
    .ARM.Collect$$rtexit$$00000002           0x0800021c   Section        0  rtexit2.o(.ARM.Collect$$rtexit$$00000002)
    .ARM.Collect$$rtexit$$00000003           0x0800021c   Section        4  rtexit2.o(.ARM.Collect$$rtexit$$00000003)
    .ARM.Collect$$rtexit$$00000004           0x08000220   Section        6  rtexit2.o(.ARM.Collect$$rtexit$$00000004)
    .text                                    0x08000228   Section       64  startup_stm32f407xx.o(.text)
    $v0                                      0x08000228   Number         0  startup_stm32f407xx.o(.text)
    .text                                    0x08000268   Section        2  use_no_semi_2.o(.text)
    .text                                    0x0800026a   Section       68  rt_memclr.o(.text)
    .text                                    0x080002ae   Section       78  rt_memclr_w.o(.text)
    .text                                    0x080002fc   Section        0  heapauxi.o(.text)
    .text                                    0x08000304   Section        8  libspace.o(.text)
    .text                                    0x0800030c   Section        2  use_no_semi.o(.text)
    .text                                    0x0800030e   Section       74  sys_stackheap_outer.o(.text)
    .text                                    0x08000358   Section        0  exit.o(.text)
    i.BusFault_Handler                       0x0800036a   Section        0  stm32f4xx_it.o(i.BusFault_Handler)
    i.DebugMon_Handler                       0x0800036c   Section        0  stm32f4xx_it.o(i.DebugMon_Handler)
    i.HAL_DMA_Abort_IT                       0x0800036e   Section        0  stm32f4xx_hal_dma.o(i.HAL_DMA_Abort_IT)
    i.HAL_Delay                              0x08000392   Section        0  stm32f4xx_hal.o(i.HAL_Delay)
    i.HAL_GPIO_Init                          0x080003b0   Section        0  stm32f4xx_hal_gpio.o(i.HAL_GPIO_Init)
    i.HAL_GPIO_WritePin                      0x08000570   Section        0  stm32f4xx_hal_gpio.o(i.HAL_GPIO_WritePin)
    i.HAL_GetREVID                           0x0800057c   Section        0  stm32f4xx_hal.o(i.HAL_GetREVID)
    i.HAL_GetTick                            0x08000588   Section        0  stm32f4xx_hal.o(i.HAL_GetTick)
    i.HAL_IncTick                            0x08000594   Section        0  stm32f4xx_hal.o(i.HAL_IncTick)
    i.HAL_Init                               0x080005a4   Section        0  stm32f4xx_hal.o(i.HAL_Init)
    i.HAL_InitTick                           0x080005d0   Section        0  stm32f4xx_hal.o(i.HAL_InitTick)
    i.HAL_MspInit                            0x080005f8   Section        0  stm32f4xx_hal_msp.o(i.HAL_MspInit)
    i.HAL_NVIC_EnableIRQ                     0x080005fa   Section        0  stm32f4xx_hal_cortex.o(i.HAL_NVIC_EnableIRQ)
    i.HAL_NVIC_SetPriority                   0x08000610   Section        0  stm32f4xx_hal_cortex.o(i.HAL_NVIC_SetPriority)
    i.HAL_NVIC_SetPriorityGrouping           0x08000650   Section        0  stm32f4xx_hal_cortex.o(i.HAL_NVIC_SetPriorityGrouping)
    i.HAL_RCC_ClockConfig                    0x08000674   Section        0  stm32f4xx_hal_rcc.o(i.HAL_RCC_ClockConfig)
    i.HAL_RCC_GetPCLK1Freq                   0x080007e8   Section        0  stm32f4xx_hal_rcc.o(i.HAL_RCC_GetPCLK1Freq)
    i.HAL_RCC_GetPCLK2Freq                   0x08000818   Section        0  stm32f4xx_hal_rcc.o(i.HAL_RCC_GetPCLK2Freq)
    i.HAL_RCC_GetSysClockFreq                0x08000848   Section        0  stm32f4xx_hal_rcc.o(i.HAL_RCC_GetSysClockFreq)
    i.HAL_RCC_OscConfig                      0x080008b8   Section        0  stm32f4xx_hal_rcc.o(i.HAL_RCC_OscConfig)
    i.HAL_SYSTICK_CLKSourceConfig            0x08000bcc   Section        0  stm32f4xx_hal_cortex.o(i.HAL_SYSTICK_CLKSourceConfig)
    i.HAL_SYSTICK_Config                     0x08000be4   Section        0  stm32f4xx_hal_cortex.o(i.HAL_SYSTICK_Config)
    i.HAL_UART_ErrorCallback                 0x08000c0c   Section        0  stm32f4xx_hal_uart.o(i.HAL_UART_ErrorCallback)
    i.HAL_UART_GetState                      0x08000c0e   Section        0  stm32f4xx_hal_uart.o(i.HAL_UART_GetState)
    i.HAL_UART_IRQHandler                    0x08000c18   Section        0  stm32f4xx_hal_uart.o(i.HAL_UART_IRQHandler)
    i.HAL_UART_Init                          0x08000d28   Section        0  stm32f4xx_hal_uart.o(i.HAL_UART_Init)
    i.HAL_UART_MspInit                       0x08000d8c   Section        0  usart.o(i.HAL_UART_MspInit)
    i.HAL_UART_Receive_IT                    0x08000e08   Section        0  stm32f4xx_hal_uart.o(i.HAL_UART_Receive_IT)
    i.HAL_UART_RxCpltCallback                0x08000e50   Section        0  usart.o(i.HAL_UART_RxCpltCallback)
    i.HAL_UART_TxCpltCallback                0x08000ea8   Section        0  stm32f4xx_hal_uart.o(i.HAL_UART_TxCpltCallback)
    i.HardFault_Handler                      0x08000eaa   Section        0  stm32f4xx_it.o(i.HardFault_Handler)
    i.KEY_Init                               0x08000eac   Section        0  key.o(i.KEY_Init)
    i.LED_Init                               0x08000f0c   Section        0  led.o(i.LED_Init)
    i.MemManage_Handler                      0x08000f5c   Section        0  stm32f4xx_it.o(i.MemManage_Handler)
    i.NMI_Handler                            0x08000f5e   Section        0  stm32f4xx_it.o(i.NMI_Handler)
    i.NVIC_SetPriority                       0x08000f60   Section        0  stm32f4xx_hal_cortex.o(i.NVIC_SetPriority)
    NVIC_SetPriority                         0x08000f61   Thumb Code    32  stm32f4xx_hal_cortex.o(i.NVIC_SetPriority)
    i.OLED_Clear                             0x08000f80   Section        0  oled.o(i.OLED_Clear)
    i.OLED_Init                              0x08000fac   Section        0  oled.o(i.OLED_Init)
    i.OLED_Refresh_Gram                      0x08001134   Section        0  oled.o(i.OLED_Refresh_Gram)
    i.OLED_WR_Byte                           0x0800117c   Section        0  oled.o(i.OLED_WR_Byte)
    i.PendSV_Handler                         0x080011c4   Section        0  stm32f4xx_it.o(i.PendSV_Handler)
    i.SVC_Handler                            0x080011c6   Section        0  stm32f4xx_it.o(i.SVC_Handler)
    i.Stm32_Clock_Init                       0x080011c8   Section        0  sys.o(i.Stm32_Clock_Init)
    i.SysTick_Handler                        0x0800125c   Section        0  stm32f4xx_it.o(i.SysTick_Handler)
    i.SystemInit                             0x08001260   Section        0  system_stm32f4xx.o(i.SystemInit)
    i.UART_DMAAbortOnError                   0x080012b4   Section        0  stm32f4xx_hal_uart.o(i.UART_DMAAbortOnError)
    UART_DMAAbortOnError                     0x080012b5   Thumb Code    16  stm32f4xx_hal_uart.o(i.UART_DMAAbortOnError)
    i.UART_EndRxTransfer                     0x080012c4   Section        0  stm32f4xx_hal_uart.o(i.UART_EndRxTransfer)
    UART_EndRxTransfer                       0x080012c5   Thumb Code    28  stm32f4xx_hal_uart.o(i.UART_EndRxTransfer)
    i.UART_Receive_IT                        0x080012e0   Section        0  stm32f4xx_hal_uart.o(i.UART_Receive_IT)
    UART_Receive_IT                          0x080012e1   Thumb Code   140  stm32f4xx_hal_uart.o(i.UART_Receive_IT)
    i.UART_SetConfig                         0x0800136c   Section        0  stm32f4xx_hal_uart.o(i.UART_SetConfig)
    UART_SetConfig                           0x0800136d   Thumb Code   676  stm32f4xx_hal_uart.o(i.UART_SetConfig)
    i.UART_Transmit_IT                       0x08001618   Section        0  stm32f4xx_hal_uart.o(i.UART_Transmit_IT)
    UART_Transmit_IT                         0x08001619   Thumb Code    98  stm32f4xx_hal_uart.o(i.UART_Transmit_IT)
    i.USART1_IRQHandler                      0x0800167c   Section        0  usart.o(i.USART1_IRQHandler)
    i.UsageFault_Handler                     0x080016a8   Section        0  stm32f4xx_it.o(i.UsageFault_Handler)
    i._sys_exit                              0x080016aa   Section        0  usart.o(i._sys_exit)
    i.delay_init                             0x080016ac   Section        0  delay.o(i.delay_init)
    i.delay_ms                               0x080016c0   Section        0  delay.o(i.delay_ms)
    i.delay_us                               0x080016dc   Section        0  delay.o(i.delay_us)
    i.draw                                   0x08001710   Section        0  oled.o(i.draw)
    i.main                                   0x080017fc   Section        0  main.o(i.main)
    i.u8g2Init                               0x08001848   Section        0  oled.o(i.u8g2Init)
    i.u8g2_ClearBuffer                       0x0800187c   Section        0  u8g2_buffer.o(i.u8g2_ClearBuffer)
    i.u8g2_DrawGlyph                         0x08001890   Section        0  u8g2_font.o(i.u8g2_DrawGlyph)
    i.u8g2_DrawHLine                         0x08001900   Section        0  u8g2_hvline.o(i.u8g2_DrawHLine)
    i.u8g2_DrawHVLine                        0x0800190c   Section        0  u8g2_hvline.o(i.u8g2_DrawHVLine)
    i.u8g2_DrawStr                           0x080019b8   Section        0  u8g2_font.o(i.u8g2_DrawStr)
    i.u8g2_DrawVLine                         0x080019c8   Section        0  u8g2_hvline.o(i.u8g2_DrawVLine)
    i.u8g2_FirstPage                         0x080019d4   Section        0  u8g2_buffer.o(i.u8g2_FirstPage)
    i.u8g2_IsIntersection                    0x080019ee   Section        0  u8g2_intersection.o(i.u8g2_IsIntersection)
    i.u8g2_NextPage                          0x08001a1e   Section        0  u8g2_buffer.o(i.u8g2_NextPage)
    i.u8g2_SetBufferCurrTileRow              0x08001a5c   Section        0  u8g2_buffer.o(i.u8g2_SetBufferCurrTileRow)
    __tagsym$$noinline                       0x08001a5d   Number         0  u8g2_buffer.o(i.u8g2_SetBufferCurrTileRow)
    i.u8g2_SetFont                           0x08001a78   Section        0  u8g2_font.o(i.u8g2_SetFont)
    i.u8g2_SetFontDirection                  0x08001a98   Section        0  u8g2_font.o(i.u8g2_SetFontDirection)
    i.u8g2_SetFontMode                       0x08001a9e   Section        0  u8g2_font.o(i.u8g2_SetFontMode)
    i.u8g2_SetFontPosBaseline                0x08001aa4   Section        0  u8g2_font.o(i.u8g2_SetFontPosBaseline)
    i.u8g2_SetMaxClipWindow                  0x08001ab0   Section        0  u8g2_setup.o(i.u8g2_SetMaxClipWindow)
    i.u8g2_SetupBuffer                       0x08001acc   Section        0  u8g2_setup.o(i.u8g2_SetupBuffer)
    i.u8g2_Setup_ssd1306_128x64_noname_f     0x08001b10   Section        0  u8g2_d_setup.o(i.u8g2_Setup_ssd1306_128x64_noname_f)
    i.u8g2_UpdateRefHeight                   0x08001b48   Section        0  u8g2_font.o(i.u8g2_UpdateRefHeight)
    i.u8g2_add_vector_x                      0x08001b9a   Section        0  u8g2_font.o(i.u8g2_add_vector_x)
    __tagsym$$noinline                       0x08001b9b   Number         0  u8g2_font.o(i.u8g2_add_vector_x)
    i.u8g2_add_vector_y                      0x08001bb6   Section        0  u8g2_font.o(i.u8g2_add_vector_y)
    __tagsym$$noinline                       0x08001bb7   Number         0  u8g2_font.o(i.u8g2_add_vector_y)
    i.u8g2_apply_clip_window                 0x08001bd2   Section        0  u8g2_setup.o(i.u8g2_apply_clip_window)
    u8g2_apply_clip_window                   0x08001bd3   Thumb Code   110  u8g2_setup.o(i.u8g2_apply_clip_window)
    i.u8g2_clip_intersection2                0x08001c40   Section        0  u8g2_hvline.o(i.u8g2_clip_intersection2)
    u8g2_clip_intersection2                  0x08001c41   Thumb Code    60  u8g2_hvline.o(i.u8g2_clip_intersection2)
    i.u8g2_draw_hv_line_2dir                 0x08001c7c   Section        0  u8g2_hvline.o(i.u8g2_draw_hv_line_2dir)
    i.u8g2_draw_l90_r0                       0x08001c8e   Section        0  u8g2_setup.o(i.u8g2_draw_l90_r0)
    i.u8g2_draw_string                       0x08001c9a   Section        0  u8g2_font.o(i.u8g2_draw_string)
    u8g2_draw_string                         0x08001c9b   Thumb Code   108  u8g2_font.o(i.u8g2_draw_string)
    __tagsym$$noinline                       0x08001c9b   Number         0  u8g2_font.o(i.u8g2_draw_string)
    i.u8g2_font_calc_vref_font               0x08001d06   Section        0  u8g2_font.o(i.u8g2_font_calc_vref_font)
    i.u8g2_font_decode_get_signed_bits       0x08001d0a   Section        0  u8g2_font.o(i.u8g2_font_decode_get_signed_bits)
    i.u8g2_font_decode_get_unsigned_bits     0x08001d1e   Section        0  u8g2_font.o(i.u8g2_font_decode_get_unsigned_bits)
    i.u8g2_font_decode_glyph                 0x08001d52   Section        0  u8g2_font.o(i.u8g2_font_decode_glyph)
    i.u8g2_font_decode_len                   0x08001e64   Section        0  u8g2_font.o(i.u8g2_font_decode_len)
    i.u8g2_font_get_glyph_data               0x08001eee   Section        0  u8g2_font.o(i.u8g2_font_get_glyph_data)
    i.u8g2_font_get_word                     0x08001f60   Section        0  u8g2_font.o(i.u8g2_font_get_word)
    u8g2_font_get_word                       0x08001f61   Thumb Code    20  u8g2_font.o(i.u8g2_font_get_word)
    __tagsym$$noinline                       0x08001f61   Number         0  u8g2_font.o(i.u8g2_font_get_word)
    i.u8g2_font_setup_decode                 0x08001f74   Section        0  u8g2_font.o(i.u8g2_font_setup_decode)
    u8g2_font_setup_decode                   0x08001f75   Thumb Code    52  u8g2_font.o(i.u8g2_font_setup_decode)
    i.u8g2_is_intersection_decision_tree     0x08001fa8   Section        0  u8g2_intersection.o(i.u8g2_is_intersection_decision_tree)
    i.u8g2_ll_hvline_vertical_top_lsb        0x08001fc0   Section        0  u8g2_ll_hvline.o(i.u8g2_ll_hvline_vertical_top_lsb)
    i.u8g2_m_16_8_f                          0x08002050   Section        0  u8g2_d_memory.o(i.u8g2_m_16_8_f)
    i.u8g2_read_font_info                    0x0800205c   Section        0  u8g2_font.o(i.u8g2_read_font_info)
    i.u8g2_send_buffer                       0x080020c6   Section        0  u8g2_buffer.o(i.u8g2_send_buffer)
    u8g2_send_buffer                         0x080020c7   Thumb Code    76  u8g2_buffer.o(i.u8g2_send_buffer)
    __tagsym$$noinline                       0x080020c7   Number         0  u8g2_buffer.o(i.u8g2_send_buffer)
    i.u8g2_update_dimension_common           0x08002112   Section        0  u8g2_setup.o(i.u8g2_update_dimension_common)
    u8g2_update_dimension_common             0x08002113   Thumb Code    70  u8g2_setup.o(i.u8g2_update_dimension_common)
    i.u8g2_update_dimension_r0               0x08002158   Section        0  u8g2_setup.o(i.u8g2_update_dimension_r0)
    i.u8g2_update_page_win_r0                0x0800215c   Section        0  u8g2_setup.o(i.u8g2_update_page_win_r0)
    i.u8x8_DrawTile                          0x0800217e   Section        0  u8x8_display.o(i.u8x8_DrawTile)
    i.u8x8_InitDisplay                       0x0800219c   Section        0  u8x8_display.o(i.u8x8_InitDisplay)
    i.u8x8_RefreshDisplay                    0x080021ac   Section        0  u8x8_display.o(i.u8x8_RefreshDisplay)
    i.u8x8_SetPowerSave                      0x080021bc   Section        0  u8x8_display.o(i.u8x8_SetPowerSave)
    i.u8x8_Setup                             0x080021cc   Section        0  u8x8_setup.o(i.u8x8_Setup)
    i.u8x8_SetupDefaults                     0x080021f0   Section        0  u8x8_setup.o(i.u8x8_SetupDefaults)
    i.u8x8_SetupMemory                       0x08002214   Section        0  u8x8_display.o(i.u8x8_SetupMemory)
    i.u8x8_ascii_next                        0x08002224   Section        0  u8x8_8x8.o(i.u8x8_ascii_next)
    i.u8x8_byte_4wire_sw_spi                 0x08002232   Section        0  u8x8_byte.o(i.u8x8_byte_4wire_sw_spi)
    i.u8x8_byte_SendByte                     0x0800231a   Section        0  u8x8_byte.o(i.u8x8_byte_SendByte)
    __tagsym$$noinline                       0x0800231b   Number         0  u8x8_byte.o(i.u8x8_byte_SendByte)
    i.u8x8_byte_SendBytes                    0x08002326   Section        0  u8x8_byte.o(i.u8x8_byte_SendBytes)
    __tagsym$$noinline                       0x08002327   Number         0  u8x8_byte.o(i.u8x8_byte_SendBytes)
    i.u8x8_byte_SetDC                        0x08002336   Section        0  u8x8_byte.o(i.u8x8_byte_SetDC)
    __tagsym$$noinline                       0x08002337   Number         0  u8x8_byte.o(i.u8x8_byte_SetDC)
    i.u8x8_cad_001                           0x08002346   Section        0  u8x8_cad.o(i.u8x8_cad_001)
    i.u8x8_cad_EndTransfer                   0x08002398   Section        0  u8x8_cad.o(i.u8x8_cad_EndTransfer)
    __tagsym$$noinline                       0x08002399   Number         0  u8x8_cad.o(i.u8x8_cad_EndTransfer)
    i.u8x8_cad_SendArg                       0x080023a8   Section        0  u8x8_cad.o(i.u8x8_cad_SendArg)
    __tagsym$$noinline                       0x080023a9   Number         0  u8x8_cad.o(i.u8x8_cad_SendArg)
    i.u8x8_cad_SendCmd                       0x080023b8   Section        0  u8x8_cad.o(i.u8x8_cad_SendCmd)
    __tagsym$$noinline                       0x080023b9   Number         0  u8x8_cad.o(i.u8x8_cad_SendCmd)
    i.u8x8_cad_SendData                      0x080023c8   Section        0  u8x8_cad.o(i.u8x8_cad_SendData)
    __tagsym$$noinline                       0x080023c9   Number         0  u8x8_cad.o(i.u8x8_cad_SendData)
    i.u8x8_cad_SendSequence                  0x080023d8   Section        0  u8x8_cad.o(i.u8x8_cad_SendSequence)
    i.u8x8_cad_StartTransfer                 0x0800243e   Section        0  u8x8_cad.o(i.u8x8_cad_StartTransfer)
    __tagsym$$noinline                       0x0800243f   Number         0  u8x8_cad.o(i.u8x8_cad_StartTransfer)
    i.u8x8_d_helper_display_init             0x0800244e   Section        0  u8x8_display.o(i.u8x8_d_helper_display_init)
    i.u8x8_d_helper_display_setup_memory     0x080024ae   Section        0  u8x8_display.o(i.u8x8_d_helper_display_setup_memory)
    i.u8x8_d_ssd1306_128x64_noname           0x080024b8   Section        0  u8x8_d_ssd1306_128x64_noname.o(i.u8x8_d_ssd1306_128x64_noname)
    i.u8x8_d_ssd1306_sh1106_generic          0x080024f4   Section        0  u8x8_d_ssd1306_128x64_noname.o(i.u8x8_d_ssd1306_sh1106_generic)
    u8x8_d_ssd1306_sh1106_generic            0x080024f5   Thumb Code   194  u8x8_d_ssd1306_128x64_noname.o(i.u8x8_d_ssd1306_sh1106_generic)
    i.u8x8_dummy_cb                          0x080025bc   Section        0  u8x8_setup.o(i.u8x8_dummy_cb)
    i.u8x8_gpio_call                         0x080025c0   Section        0  u8x8_gpio.o(i.u8x8_gpio_call)
    __tagsym$$noinline                       0x080025c1   Number         0  u8x8_gpio.o(i.u8x8_gpio_call)
    i.u8x8_stm32_gpio_and_delay              0x080025cc   Section        0  oled.o(i.u8x8_stm32_gpio_and_delay)
    i.u8x8_utf8_init                         0x0800266c   Section        0  u8x8_8x8.o(i.u8x8_utf8_init)
    i.uart_init                              0x08002674   Section        0  usart.o(i.uart_init)
    x$fpl$fpinit                             0x080026ac   Section       10  fpinit.o(x$fpl$fpinit)
    $v0                                      0x080026ac   Number         0  fpinit.o(x$fpl$fpinit)
    .constdata                               0x080026b6   Section       16  system_stm32f4xx.o(.constdata)
    .constdata                               0x080026c6   Section        8  system_stm32f4xx.o(.constdata)
    .constdata                               0x080026ce   Section      734  u8g2_fonts.o(.constdata)
    .constdata                               0x080029ac   Section     8831  u8g2_fonts.o(.constdata)
    .constdata                               0x08004c2b   Section      805  u8g2_fonts.o(.constdata)
    .constdata                               0x08004f50   Section       12  u8g2_setup.o(.constdata)
    .constdata                               0x08004f5c   Section      344  u8x8_d_ssd1306_128x64_noname.o(.constdata)
    u8x8_d_ssd1306_128x64_noname_powersave0_seq 0x08004f5c   Data           5  u8x8_d_ssd1306_128x64_noname.o(.constdata)
    u8x8_d_ssd1306_128x64_noname_powersave1_seq 0x08004f61   Data           5  u8x8_d_ssd1306_128x64_noname.o(.constdata)
    u8x8_d_ssd1306_128x64_noname_flip0_seq   0x08004f66   Data           7  u8x8_d_ssd1306_128x64_noname.o(.constdata)
    u8x8_d_ssd1306_128x64_noname_flip1_seq   0x08004f6d   Data           7  u8x8_d_ssd1306_128x64_noname.o(.constdata)
    u8x8_d_ssd1312_128x64_noname_flip0_seq   0x08004f74   Data           7  u8x8_d_ssd1306_128x64_noname.o(.constdata)
    u8x8_d_ssd1312_128x64_noname_flip1_seq   0x08004f7b   Data           7  u8x8_d_ssd1306_128x64_noname.o(.constdata)
    u8x8_d_ssd1306_128x64_noname_init_seq    0x08004f82   Data          53  u8x8_d_ssd1306_128x64_noname.o(.constdata)
    u8x8_d_ssd1306_128x64_vcomh0_init_seq    0x08004fb7   Data          53  u8x8_d_ssd1306_128x64_noname.o(.constdata)
    u8x8_d_ssd1306_128x64_alt0_init_seq      0x08004fec   Data          53  u8x8_d_ssd1306_128x64_noname.o(.constdata)
    u8x8_d_sh1106_128x64_winstar_init_seq    0x08005021   Data          45  u8x8_d_ssd1306_128x64_noname.o(.constdata)
    u8x8_d_ssd1312_128x64_noname_init_seq    0x0800504e   Data          53  u8x8_d_ssd1306_128x64_noname.o(.constdata)
    u8x8_ssd1306_128x64_noname_display_info  0x08005084   Data          24  u8x8_d_ssd1306_128x64_noname.o(.constdata)
    u8x8_sh1106_128x64_noname_display_info   0x0800509c   Data          24  u8x8_d_ssd1306_128x64_noname.o(.constdata)
    .data                                    0x20000000   Section        4  system_stm32f4xx.o(.data)
    .data                                    0x20000004   Section        4  stm32f4xx_hal.o(.data)
    .data                                    0x20000008   Section        4  delay.o(.data)
    fac_us                                   0x20000008   Data           4  delay.o(.data)
    .data                                    0x2000000c   Section        4  usart.o(.data)
    .bss                                     0x20000010   Section      264  usart.o(.bss)
    .bss                                     0x20000118   Section     1024  oled.o(.bss)
    .bss                                     0x20000518   Section     1024  u8g2_d_memory.o(.bss)
    buf                                      0x20000518   Data        1024  u8g2_d_memory.o(.bss)
    .bss                                     0x20000918   Section       96  libspace.o(.bss)
    HEAP                                     0x20000978   Section      512  startup_stm32f407xx.o(HEAP)
    Heap_Mem                                 0x20000978   Data         512  startup_stm32f407xx.o(HEAP)
    STACK                                    0x20000b78   Section     1024  startup_stm32f407xx.o(STACK)
    Stack_Mem                                0x20000b78   Data        1024  startup_stm32f407xx.o(STACK)
    __initial_sp                             0x20000f78   Data           0  startup_stm32f407xx.o(STACK)

    Global Symbols

    Symbol Name                              Value     Ov Type        Size  Object(Section)

    BuildAttributes$$THM_ISAv4$E$P$D$K$B$S$7EM$VFPi3$EXTD16$VFPS$VFMA$PE$A:L22UL41UL21$X:L11$S22US41US21$IEEE1$IW$USESV6$~STKCKD$USESV7$~SHL$OTIME$ROPI$IEEEJ$EBA8$UX$STANDARDLIB$REQ8$PRES8$EABIv2 0x00000000   Number         0  anon$$obj.o ABSOLUTE
    __ARM_use_no_argv                        0x00000000   Number         0  main.o ABSOLUTE
    _printf_flags                            0x00000000   Number         0  printf_stubs.o ABSOLUTE
    _printf_return_value                     0x00000000   Number         0  printf_stubs.o ABSOLUTE
    _printf_sizespec                         0x00000000   Number         0  printf_stubs.o ABSOLUTE
    _printf_widthprec                        0x00000000   Number         0  printf_stubs.o ABSOLUTE
    __ARM_exceptions_init                     - Undefined Weak Reference
    __alloca_initialize                       - Undefined Weak Reference
    __arm_fini_                               - Undefined Weak Reference
    __arm_preinit_                            - Undefined Weak Reference
    __cpp_initialize__aeabi_                  - Undefined Weak Reference
    __cxa_finalize                            - Undefined Weak Reference
    __sigvec_lookup                           - Undefined Weak Reference
    __user_heap_extent                        - Undefined Weak Reference
    _atexit_init                              - Undefined Weak Reference
    _call_atexit_fns                          - Undefined Weak Reference
    _clock_init                               - Undefined Weak Reference
    _fp_trap_init                             - Undefined Weak Reference
    _fp_trap_shutdown                         - Undefined Weak Reference
    _get_lc_collate                           - Undefined Weak Reference
    _get_lc_ctype                             - Undefined Weak Reference
    _get_lc_monetary                          - Undefined Weak Reference
    _get_lc_time                              - Undefined Weak Reference
    _getenv_init                              - Undefined Weak Reference
    _handle_redirection                       - Undefined Weak Reference
    _initio                                   - Undefined Weak Reference
    _mutex_acquire                            - Undefined Weak Reference
    _mutex_free                               - Undefined Weak Reference
    _mutex_release                            - Undefined Weak Reference
    _rand_init                                - Undefined Weak Reference
    _signal_finish                            - Undefined Weak Reference
    _signal_init                              - Undefined Weak Reference
    _terminateio                              - Undefined Weak Reference
    __Vectors_Size                           0x00000188   Number         0  startup_stm32f407xx.o ABSOLUTE
    __Vectors                                0x08000000   Data           4  startup_stm32f407xx.o(RESET)
    __Vectors_End                            0x08000188   Data           0  startup_stm32f407xx.o(RESET)
    __main                                   0x08000189   Thumb Code     8  __main.o(!!!main)
    __scatterload                            0x08000191   Thumb Code     0  __scatter.o(!!!scatter)
    __scatterload_rt2                        0x08000191   Thumb Code    44  __scatter.o(!!!scatter)
    __scatterload_rt2_thumb_only             0x08000191   Thumb Code     0  __scatter.o(!!!scatter)
    __scatterload_null                       0x0800019f   Thumb Code     0  __scatter.o(!!!scatter)
    __scatterload_copy                       0x080001c5   Thumb Code    26  __scatter_copy.o(!!handler_copy)
    __scatterload_zeroinit                   0x080001e1   Thumb Code    28  __scatter_zi.o(!!handler_zi)
    __rt_lib_init                            0x080001fd   Thumb Code     0  libinit.o(.ARM.Collect$$libinit$$00000000)
    __rt_lib_init_fp_1                       0x080001ff   Thumb Code     0  libinit2.o(.ARM.Collect$$libinit$$00000001)
    __rt_lib_init_alloca_1                   0x08000203   Thumb Code     0  libinit2.o(.ARM.Collect$$libinit$$0000002E)
    __rt_lib_init_argv_1                     0x08000203   Thumb Code     0  libinit2.o(.ARM.Collect$$libinit$$0000002C)
    __rt_lib_init_atexit_1                   0x08000203   Thumb Code     0  libinit2.o(.ARM.Collect$$libinit$$0000001B)
    __rt_lib_init_clock_1                    0x08000203   Thumb Code     0  libinit2.o(.ARM.Collect$$libinit$$00000021)
    __rt_lib_init_cpp_1                      0x08000203   Thumb Code     0  libinit2.o(.ARM.Collect$$libinit$$00000032)
    __rt_lib_init_exceptions_1               0x08000203   Thumb Code     0  libinit2.o(.ARM.Collect$$libinit$$00000030)
    __rt_lib_init_fp_trap_1                  0x08000203   Thumb Code     0  libinit2.o(.ARM.Collect$$libinit$$0000001F)
    __rt_lib_init_getenv_1                   0x08000203   Thumb Code     0  libinit2.o(.ARM.Collect$$libinit$$00000023)
    __rt_lib_init_heap_1                     0x08000203   Thumb Code     0  libinit2.o(.ARM.Collect$$libinit$$0000000A)
    __rt_lib_init_lc_collate_1               0x08000203   Thumb Code     0  libinit2.o(.ARM.Collect$$libinit$$00000011)
    __rt_lib_init_lc_ctype_1                 0x08000203   Thumb Code     0  libinit2.o(.ARM.Collect$$libinit$$00000013)
    __rt_lib_init_lc_monetary_1              0x08000203   Thumb Code     0  libinit2.o(.ARM.Collect$$libinit$$00000015)
    __rt_lib_init_lc_numeric_1               0x08000203   Thumb Code     0  libinit2.o(.ARM.Collect$$libinit$$00000017)
    __rt_lib_init_lc_time_1                  0x08000203   Thumb Code     0  libinit2.o(.ARM.Collect$$libinit$$00000019)
    __rt_lib_init_preinit_1                  0x08000203   Thumb Code     0  libinit2.o(.ARM.Collect$$libinit$$00000004)
    __rt_lib_init_rand_1                     0x08000203   Thumb Code     0  libinit2.o(.ARM.Collect$$libinit$$0000000E)
    __rt_lib_init_return                     0x08000203   Thumb Code     0  libinit2.o(.ARM.Collect$$libinit$$00000033)
    __rt_lib_init_signal_1                   0x08000203   Thumb Code     0  libinit2.o(.ARM.Collect$$libinit$$0000001D)
    __rt_lib_init_stdio_1                    0x08000203   Thumb Code     0  libinit2.o(.ARM.Collect$$libinit$$00000025)
    __rt_lib_init_user_alloc_1               0x08000203   Thumb Code     0  libinit2.o(.ARM.Collect$$libinit$$0000000C)
    __rt_lib_shutdown                        0x08000205   Thumb Code     0  libshutdown.o(.ARM.Collect$$libshutdown$$00000000)
    __rt_lib_shutdown_cpp_1                  0x08000207   Thumb Code     0  libshutdown2.o(.ARM.Collect$$libshutdown$$00000004)
    __rt_lib_shutdown_fini_1                 0x08000207   Thumb Code     0  libshutdown2.o(.ARM.Collect$$libshutdown$$00000002)
    __rt_lib_shutdown_fp_trap_1              0x08000207   Thumb Code     0  libshutdown2.o(.ARM.Collect$$libshutdown$$00000009)
    __rt_lib_shutdown_heap_1                 0x08000207   Thumb Code     0  libshutdown2.o(.ARM.Collect$$libshutdown$$00000011)
    __rt_lib_shutdown_return                 0x08000207   Thumb Code     0  libshutdown2.o(.ARM.Collect$$libshutdown$$00000012)
    __rt_lib_shutdown_signal_1               0x08000207   Thumb Code     0  libshutdown2.o(.ARM.Collect$$libshutdown$$0000000C)
    __rt_lib_shutdown_stdio_1                0x08000207   Thumb Code     0  libshutdown2.o(.ARM.Collect$$libshutdown$$00000006)
    __rt_lib_shutdown_user_alloc_1           0x08000207   Thumb Code     0  libshutdown2.o(.ARM.Collect$$libshutdown$$0000000E)
    __rt_entry                               0x08000209   Thumb Code     0  __rtentry.o(.ARM.Collect$$rtentry$$00000000)
    __rt_entry_presh_1                       0x08000209   Thumb Code     0  __rtentry2.o(.ARM.Collect$$rtentry$$00000002)
    __rt_entry_sh                            0x08000209   Thumb Code     0  __rtentry4.o(.ARM.Collect$$rtentry$$00000004)
    __rt_entry_li                            0x0800020f   Thumb Code     0  __rtentry2.o(.ARM.Collect$$rtentry$$0000000A)
    __rt_entry_postsh_1                      0x0800020f   Thumb Code     0  __rtentry2.o(.ARM.Collect$$rtentry$$00000009)
    __rt_entry_main                          0x08000213   Thumb Code     0  __rtentry2.o(.ARM.Collect$$rtentry$$0000000D)
    __rt_entry_postli_1                      0x08000213   Thumb Code     0  __rtentry2.o(.ARM.Collect$$rtentry$$0000000C)
    __rt_exit                                0x0800021b   Thumb Code     0  rtexit.o(.ARM.Collect$$rtexit$$00000000)
    __rt_exit_ls                             0x0800021d   Thumb Code     0  rtexit2.o(.ARM.Collect$$rtexit$$00000003)
    __rt_exit_prels_1                        0x0800021d   Thumb Code     0  rtexit2.o(.ARM.Collect$$rtexit$$00000002)
    __rt_exit_exit                           0x08000221   Thumb Code     0  rtexit2.o(.ARM.Collect$$rtexit$$00000004)
    Reset_Handler                            0x08000229   Thumb Code     8  startup_stm32f407xx.o(.text)
    ADC_IRQHandler                           0x08000243   Thumb Code     0  startup_stm32f407xx.o(.text)
    CAN1_RX0_IRQHandler                      0x08000243   Thumb Code     0  startup_stm32f407xx.o(.text)
    CAN1_RX1_IRQHandler                      0x08000243   Thumb Code     0  startup_stm32f407xx.o(.text)
    CAN1_SCE_IRQHandler                      0x08000243   Thumb Code     0  startup_stm32f407xx.o(.text)
    CAN1_TX_IRQHandler                       0x08000243   Thumb Code     0  startup_stm32f407xx.o(.text)
    CAN2_RX0_IRQHandler                      0x08000243   Thumb Code     0  startup_stm32f407xx.o(.text)
    CAN2_RX1_IRQHandler                      0x08000243   Thumb Code     0  startup_stm32f407xx.o(.text)
    CAN2_SCE_IRQHandler                      0x08000243   Thumb Code     0  startup_stm32f407xx.o(.text)
    CAN2_TX_IRQHandler                       0x08000243   Thumb Code     0  startup_stm32f407xx.o(.text)
    DCMI_IRQHandler                          0x08000243   Thumb Code     0  startup_stm32f407xx.o(.text)
    DMA1_Stream0_IRQHandler                  0x08000243   Thumb Code     0  startup_stm32f407xx.o(.text)
    DMA1_Stream1_IRQHandler                  0x08000243   Thumb Code     0  startup_stm32f407xx.o(.text)
    DMA1_Stream2_IRQHandler                  0x08000243   Thumb Code     0  startup_stm32f407xx.o(.text)
    DMA1_Stream3_IRQHandler                  0x08000243   Thumb Code     0  startup_stm32f407xx.o(.text)
    DMA1_Stream4_IRQHandler                  0x08000243   Thumb Code     0  startup_stm32f407xx.o(.text)
    DMA1_Stream5_IRQHandler                  0x08000243   Thumb Code     0  startup_stm32f407xx.o(.text)
    DMA1_Stream6_IRQHandler                  0x08000243   Thumb Code     0  startup_stm32f407xx.o(.text)
    DMA1_Stream7_IRQHandler                  0x08000243   Thumb Code     0  startup_stm32f407xx.o(.text)
    DMA2_Stream0_IRQHandler                  0x08000243   Thumb Code     0  startup_stm32f407xx.o(.text)
    DMA2_Stream1_IRQHandler                  0x08000243   Thumb Code     0  startup_stm32f407xx.o(.text)
    DMA2_Stream2_IRQHandler                  0x08000243   Thumb Code     0  startup_stm32f407xx.o(.text)
    DMA2_Stream3_IRQHandler                  0x08000243   Thumb Code     0  startup_stm32f407xx.o(.text)
    DMA2_Stream4_IRQHandler                  0x08000243   Thumb Code     0  startup_stm32f407xx.o(.text)
    DMA2_Stream5_IRQHandler                  0x08000243   Thumb Code     0  startup_stm32f407xx.o(.text)
    DMA2_Stream6_IRQHandler                  0x08000243   Thumb Code     0  startup_stm32f407xx.o(.text)
    DMA2_Stream7_IRQHandler                  0x08000243   Thumb Code     0  startup_stm32f407xx.o(.text)
    ETH_IRQHandler                           0x08000243   Thumb Code     0  startup_stm32f407xx.o(.text)
    ETH_WKUP_IRQHandler                      0x08000243   Thumb Code     0  startup_stm32f407xx.o(.text)
    EXTI0_IRQHandler                         0x08000243   Thumb Code     0  startup_stm32f407xx.o(.text)
    EXTI15_10_IRQHandler                     0x08000243   Thumb Code     0  startup_stm32f407xx.o(.text)
    EXTI1_IRQHandler                         0x08000243   Thumb Code     0  startup_stm32f407xx.o(.text)
    EXTI2_IRQHandler                         0x08000243   Thumb Code     0  startup_stm32f407xx.o(.text)
    EXTI3_IRQHandler                         0x08000243   Thumb Code     0  startup_stm32f407xx.o(.text)
    EXTI4_IRQHandler                         0x08000243   Thumb Code     0  startup_stm32f407xx.o(.text)
    EXTI9_5_IRQHandler                       0x08000243   Thumb Code     0  startup_stm32f407xx.o(.text)
    FLASH_IRQHandler                         0x08000243   Thumb Code     0  startup_stm32f407xx.o(.text)
    FMC_IRQHandler                           0x08000243   Thumb Code     0  startup_stm32f407xx.o(.text)
    FPU_IRQHandler                           0x08000243   Thumb Code     0  startup_stm32f407xx.o(.text)
    HASH_RNG_IRQHandler                      0x08000243   Thumb Code     0  startup_stm32f407xx.o(.text)
    I2C1_ER_IRQHandler                       0x08000243   Thumb Code     0  startup_stm32f407xx.o(.text)
    I2C1_EV_IRQHandler                       0x08000243   Thumb Code     0  startup_stm32f407xx.o(.text)
    I2C2_ER_IRQHandler                       0x08000243   Thumb Code     0  startup_stm32f407xx.o(.text)
    I2C2_EV_IRQHandler                       0x08000243   Thumb Code     0  startup_stm32f407xx.o(.text)
    I2C3_ER_IRQHandler                       0x08000243   Thumb Code     0  startup_stm32f407xx.o(.text)
    I2C3_EV_IRQHandler                       0x08000243   Thumb Code     0  startup_stm32f407xx.o(.text)
    OTG_FS_IRQHandler                        0x08000243   Thumb Code     0  startup_stm32f407xx.o(.text)
    OTG_FS_WKUP_IRQHandler                   0x08000243   Thumb Code     0  startup_stm32f407xx.o(.text)
    OTG_HS_EP1_IN_IRQHandler                 0x08000243   Thumb Code     0  startup_stm32f407xx.o(.text)
    OTG_HS_EP1_OUT_IRQHandler                0x08000243   Thumb Code     0  startup_stm32f407xx.o(.text)
    OTG_HS_IRQHandler                        0x08000243   Thumb Code     0  startup_stm32f407xx.o(.text)
    OTG_HS_WKUP_IRQHandler                   0x08000243   Thumb Code     0  startup_stm32f407xx.o(.text)
    PVD_IRQHandler                           0x08000243   Thumb Code     0  startup_stm32f407xx.o(.text)
    RCC_IRQHandler                           0x08000243   Thumb Code     0  startup_stm32f407xx.o(.text)
    RTC_Alarm_IRQHandler                     0x08000243   Thumb Code     0  startup_stm32f407xx.o(.text)
    RTC_WKUP_IRQHandler                      0x08000243   Thumb Code     0  startup_stm32f407xx.o(.text)
    SDIO_IRQHandler                          0x08000243   Thumb Code     0  startup_stm32f407xx.o(.text)
    SPI1_IRQHandler                          0x08000243   Thumb Code     0  startup_stm32f407xx.o(.text)
    SPI2_IRQHandler                          0x08000243   Thumb Code     0  startup_stm32f407xx.o(.text)
    SPI3_IRQHandler                          0x08000243   Thumb Code     0  startup_stm32f407xx.o(.text)
    TAMP_STAMP_IRQHandler                    0x08000243   Thumb Code     0  startup_stm32f407xx.o(.text)
    TIM1_BRK_TIM9_IRQHandler                 0x08000243   Thumb Code     0  startup_stm32f407xx.o(.text)
    TIM1_CC_IRQHandler                       0x08000243   Thumb Code     0  startup_stm32f407xx.o(.text)
    TIM1_TRG_COM_TIM11_IRQHandler            0x08000243   Thumb Code     0  startup_stm32f407xx.o(.text)
    TIM1_UP_TIM10_IRQHandler                 0x08000243   Thumb Code     0  startup_stm32f407xx.o(.text)
    TIM2_IRQHandler                          0x08000243   Thumb Code     0  startup_stm32f407xx.o(.text)
    TIM3_IRQHandler                          0x08000243   Thumb Code     0  startup_stm32f407xx.o(.text)
    TIM4_IRQHandler                          0x08000243   Thumb Code     0  startup_stm32f407xx.o(.text)
    TIM5_IRQHandler                          0x08000243   Thumb Code     0  startup_stm32f407xx.o(.text)
    TIM6_DAC_IRQHandler                      0x08000243   Thumb Code     0  startup_stm32f407xx.o(.text)
    TIM7_IRQHandler                          0x08000243   Thumb Code     0  startup_stm32f407xx.o(.text)
    TIM8_BRK_TIM12_IRQHandler                0x08000243   Thumb Code     0  startup_stm32f407xx.o(.text)
    TIM8_CC_IRQHandler                       0x08000243   Thumb Code     0  startup_stm32f407xx.o(.text)
    TIM8_TRG_COM_TIM14_IRQHandler            0x08000243   Thumb Code     0  startup_stm32f407xx.o(.text)
    TIM8_UP_TIM13_IRQHandler                 0x08000243   Thumb Code     0  startup_stm32f407xx.o(.text)
    UART4_IRQHandler                         0x08000243   Thumb Code     0  startup_stm32f407xx.o(.text)
    UART5_IRQHandler                         0x08000243   Thumb Code     0  startup_stm32f407xx.o(.text)
    USART2_IRQHandler                        0x08000243   Thumb Code     0  startup_stm32f407xx.o(.text)
    USART3_IRQHandler                        0x08000243   Thumb Code     0  startup_stm32f407xx.o(.text)
    USART6_IRQHandler                        0x08000243   Thumb Code     0  startup_stm32f407xx.o(.text)
    WWDG_IRQHandler                          0x08000243   Thumb Code     0  startup_stm32f407xx.o(.text)
    __user_initial_stackheap                 0x08000245   Thumb Code     0  startup_stm32f407xx.o(.text)
    __use_no_semihosting                     0x08000269   Thumb Code     2  use_no_semi_2.o(.text)
    __aeabi_memclr                           0x0800026b   Thumb Code     0  rt_memclr.o(.text)
    __rt_memclr                              0x0800026b   Thumb Code    68  rt_memclr.o(.text)
    _memset                                  0x0800026f   Thumb Code     0  rt_memclr.o(.text)
    __aeabi_memclr4                          0x080002af   Thumb Code     0  rt_memclr_w.o(.text)
    __aeabi_memclr8                          0x080002af   Thumb Code     0  rt_memclr_w.o(.text)
    __rt_memclr_w                            0x080002af   Thumb Code    78  rt_memclr_w.o(.text)
    _memset_w                                0x080002b3   Thumb Code     0  rt_memclr_w.o(.text)
    __use_two_region_memory                  0x080002fd   Thumb Code     2  heapauxi.o(.text)
    __rt_heap_escrow                         0x080002ff   Thumb Code     2  heapauxi.o(.text)
    __rt_heap_expand                         0x08000301   Thumb Code     2  heapauxi.o(.text)
    __user_libspace                          0x08000305   Thumb Code     8  libspace.o(.text)
    __user_perproc_libspace                  0x08000305   Thumb Code     0  libspace.o(.text)
    __user_perthread_libspace                0x08000305   Thumb Code     0  libspace.o(.text)
    __I$use$semihosting                      0x0800030d   Thumb Code     0  use_no_semi.o(.text)
    __use_no_semihosting_swi                 0x0800030d   Thumb Code     2  use_no_semi.o(.text)
    __user_setup_stackheap                   0x0800030f   Thumb Code    74  sys_stackheap_outer.o(.text)
    exit                                     0x08000359   Thumb Code    18  exit.o(.text)
    BusFault_Handler                         0x0800036b   Thumb Code     2  stm32f4xx_it.o(i.BusFault_Handler)
    DebugMon_Handler                         0x0800036d   Thumb Code     2  stm32f4xx_it.o(i.DebugMon_Handler)
    HAL_DMA_Abort_IT                         0x0800036f   Thumb Code    36  stm32f4xx_hal_dma.o(i.HAL_DMA_Abort_IT)
    HAL_Delay                                0x08000393   Thumb Code    28  stm32f4xx_hal.o(i.HAL_Delay)
    HAL_GPIO_Init                            0x080003b1   Thumb Code   402  stm32f4xx_hal_gpio.o(i.HAL_GPIO_Init)
    HAL_GPIO_WritePin                        0x08000571   Thumb Code    10  stm32f4xx_hal_gpio.o(i.HAL_GPIO_WritePin)
    HAL_GetREVID                             0x0800057d   Thumb Code     8  stm32f4xx_hal.o(i.HAL_GetREVID)
    HAL_GetTick                              0x08000589   Thumb Code     6  stm32f4xx_hal.o(i.HAL_GetTick)
    HAL_IncTick                              0x08000595   Thumb Code    10  stm32f4xx_hal.o(i.HAL_IncTick)
    HAL_Init                                 0x080005a5   Thumb Code    40  stm32f4xx_hal.o(i.HAL_Init)
    HAL_InitTick                             0x080005d1   Thumb Code    34  stm32f4xx_hal.o(i.HAL_InitTick)
    HAL_MspInit                              0x080005f9   Thumb Code     2  stm32f4xx_hal_msp.o(i.HAL_MspInit)
    HAL_NVIC_EnableIRQ                       0x080005fb   Thumb Code    22  stm32f4xx_hal_cortex.o(i.HAL_NVIC_EnableIRQ)
    HAL_NVIC_SetPriority                     0x08000611   Thumb Code    60  stm32f4xx_hal_cortex.o(i.HAL_NVIC_SetPriority)
    HAL_NVIC_SetPriorityGrouping             0x08000651   Thumb Code    26  stm32f4xx_hal_cortex.o(i.HAL_NVIC_SetPriorityGrouping)
    HAL_RCC_ClockConfig                      0x08000675   Thumb Code   356  stm32f4xx_hal_rcc.o(i.HAL_RCC_ClockConfig)
    HAL_RCC_GetPCLK1Freq                     0x080007e9   Thumb Code    34  stm32f4xx_hal_rcc.o(i.HAL_RCC_GetPCLK1Freq)
    HAL_RCC_GetPCLK2Freq                     0x08000819   Thumb Code    34  stm32f4xx_hal_rcc.o(i.HAL_RCC_GetPCLK2Freq)
    HAL_RCC_GetSysClockFreq                  0x08000849   Thumb Code   104  stm32f4xx_hal_rcc.o(i.HAL_RCC_GetSysClockFreq)
    HAL_RCC_OscConfig                        0x080008b9   Thumb Code   766  stm32f4xx_hal_rcc.o(i.HAL_RCC_OscConfig)
    HAL_SYSTICK_CLKSourceConfig              0x08000bcd   Thumb Code    24  stm32f4xx_hal_cortex.o(i.HAL_SYSTICK_CLKSourceConfig)
    HAL_SYSTICK_Config                       0x08000be5   Thumb Code    40  stm32f4xx_hal_cortex.o(i.HAL_SYSTICK_Config)
    HAL_UART_ErrorCallback                   0x08000c0d   Thumb Code     2  stm32f4xx_hal_uart.o(i.HAL_UART_ErrorCallback)
    HAL_UART_GetState                        0x08000c0f   Thumb Code    10  stm32f4xx_hal_uart.o(i.HAL_UART_GetState)
    HAL_UART_IRQHandler                      0x08000c19   Thumb Code   266  stm32f4xx_hal_uart.o(i.HAL_UART_IRQHandler)
    HAL_UART_Init                            0x08000d29   Thumb Code    98  stm32f4xx_hal_uart.o(i.HAL_UART_Init)
    HAL_UART_MspInit                         0x08000d8d   Thumb Code   112  usart.o(i.HAL_UART_MspInit)
    HAL_UART_Receive_IT                      0x08000e09   Thumb Code    72  stm32f4xx_hal_uart.o(i.HAL_UART_Receive_IT)
    HAL_UART_RxCpltCallback                  0x08000e51   Thumb Code    76  usart.o(i.HAL_UART_RxCpltCallback)
    HAL_UART_TxCpltCallback                  0x08000ea9   Thumb Code     2  stm32f4xx_hal_uart.o(i.HAL_UART_TxCpltCallback)
    HardFault_Handler                        0x08000eab   Thumb Code     2  stm32f4xx_it.o(i.HardFault_Handler)
    KEY_Init                                 0x08000ead   Thumb Code    82  key.o(i.KEY_Init)
    LED_Init                                 0x08000f0d   Thumb Code    72  led.o(i.LED_Init)
    MemManage_Handler                        0x08000f5d   Thumb Code     2  stm32f4xx_it.o(i.MemManage_Handler)
    NMI_Handler                              0x08000f5f   Thumb Code     2  stm32f4xx_it.o(i.NMI_Handler)
    OLED_Clear                               0x08000f81   Thumb Code    38  oled.o(i.OLED_Clear)
    OLED_Init                                0x08000fad   Thumb Code   370  oled.o(i.OLED_Init)
    OLED_Refresh_Gram                        0x08001135   Thumb Code    66  oled.o(i.OLED_Refresh_Gram)
    OLED_WR_Byte                             0x0800117d   Thumb Code    64  oled.o(i.OLED_WR_Byte)
    PendSV_Handler                           0x080011c5   Thumb Code     2  stm32f4xx_it.o(i.PendSV_Handler)
    SVC_Handler                              0x080011c7   Thumb Code     2  stm32f4xx_it.o(i.SVC_Handler)
    Stm32_Clock_Init                         0x080011c9   Thumb Code   136  sys.o(i.Stm32_Clock_Init)
    SysTick_Handler                          0x0800125d   Thumb Code     4  stm32f4xx_it.o(i.SysTick_Handler)
    SystemInit                               0x08001261   Thumb Code    66  system_stm32f4xx.o(i.SystemInit)
    USART1_IRQHandler                        0x0800167d   Thumb Code    34  usart.o(i.USART1_IRQHandler)
    UsageFault_Handler                       0x080016a9   Thumb Code     2  stm32f4xx_it.o(i.UsageFault_Handler)
    _sys_exit                                0x080016ab   Thumb Code     2  usart.o(i._sys_exit)
    delay_init                               0x080016ad   Thumb Code    16  delay.o(i.delay_init)
    delay_ms                                 0x080016c1   Thumb Code    26  delay.o(i.delay_ms)
    delay_us                                 0x080016dd   Thumb Code    48  delay.o(i.delay_us)
    draw                                     0x08001711   Thumb Code   178  oled.o(i.draw)
    main                                     0x080017fd   Thumb Code    76  main.o(i.main)
    u8g2Init                                 0x08001849   Thumb Code    38  oled.o(i.u8g2Init)
    u8g2_ClearBuffer                         0x0800187d   Thumb Code    20  u8g2_buffer.o(i.u8g2_ClearBuffer)
    u8g2_DrawGlyph                           0x08001891   Thumb Code   112  u8g2_font.o(i.u8g2_DrawGlyph)
    u8g2_DrawHLine                           0x08001901   Thumb Code    12  u8g2_hvline.o(i.u8g2_DrawHLine)
    u8g2_DrawHVLine                          0x0800190d   Thumb Code   170  u8g2_hvline.o(i.u8g2_DrawHVLine)
    u8g2_DrawStr                             0x080019b9   Thumb Code    12  u8g2_font.o(i.u8g2_DrawStr)
    u8g2_DrawVLine                           0x080019c9   Thumb Code    12  u8g2_hvline.o(i.u8g2_DrawVLine)
    u8g2_FirstPage                           0x080019d5   Thumb Code    26  u8g2_buffer.o(i.u8g2_FirstPage)
    u8g2_IsIntersection                      0x080019ef   Thumb Code    48  u8g2_intersection.o(i.u8g2_IsIntersection)
    u8g2_NextPage                            0x08001a1f   Thumb Code    62  u8g2_buffer.o(i.u8g2_NextPage)
    u8g2_SetBufferCurrTileRow                0x08001a5d   Thumb Code    28  u8g2_buffer.o(i.u8g2_SetBufferCurrTileRow)
    u8g2_SetFont                             0x08001a79   Thumb Code    32  u8g2_font.o(i.u8g2_SetFont)
    u8g2_SetFontDirection                    0x08001a99   Thumb Code     6  u8g2_font.o(i.u8g2_SetFontDirection)
    u8g2_SetFontMode                         0x08001a9f   Thumb Code     6  u8g2_font.o(i.u8g2_SetFontMode)
    u8g2_SetFontPosBaseline                  0x08001aa5   Thumb Code     6  u8g2_font.o(i.u8g2_SetFontPosBaseline)
    u8g2_SetMaxClipWindow                    0x08001ab1   Thumb Code    28  u8g2_setup.o(i.u8g2_SetMaxClipWindow)
    u8g2_SetupBuffer                         0x08001acd   Thumb Code    66  u8g2_setup.o(i.u8g2_SetupBuffer)
    u8g2_Setup_ssd1306_128x64_noname_f       0x08001b11   Thumb Code    42  u8g2_d_setup.o(i.u8g2_Setup_ssd1306_128x64_noname_f)
    u8g2_UpdateRefHeight                     0x08001b49   Thumb Code    82  u8g2_font.o(i.u8g2_UpdateRefHeight)
    u8g2_add_vector_x                        0x08001b9b   Thumb Code    28  u8g2_font.o(i.u8g2_add_vector_x)
    u8g2_add_vector_y                        0x08001bb7   Thumb Code    28  u8g2_font.o(i.u8g2_add_vector_y)
    u8g2_draw_hv_line_2dir                   0x08001c7d   Thumb Code    18  u8g2_hvline.o(i.u8g2_draw_hv_line_2dir)
    u8g2_draw_l90_r0                         0x08001c8f   Thumb Code    12  u8g2_setup.o(i.u8g2_draw_l90_r0)
    u8g2_font_calc_vref_font                 0x08001d07   Thumb Code     4  u8g2_font.o(i.u8g2_font_calc_vref_font)
    u8g2_font_decode_get_signed_bits         0x08001d0b   Thumb Code    20  u8g2_font.o(i.u8g2_font_decode_get_signed_bits)
    u8g2_font_decode_get_unsigned_bits       0x08001d1f   Thumb Code    52  u8g2_font.o(i.u8g2_font_decode_get_unsigned_bits)
    u8g2_font_decode_glyph                   0x08001d53   Thumb Code   274  u8g2_font.o(i.u8g2_font_decode_glyph)
    u8g2_font_decode_len                     0x08001e65   Thumb Code   138  u8g2_font.o(i.u8g2_font_decode_len)
    u8g2_font_get_glyph_data                 0x08001eef   Thumb Code   114  u8g2_font.o(i.u8g2_font_get_glyph_data)
    u8g2_is_intersection_decision_tree       0x08001fa9   Thumb Code    24  u8g2_intersection.o(i.u8g2_is_intersection_decision_tree)
    u8g2_ll_hvline_vertical_top_lsb          0x08001fc1   Thumb Code   142  u8g2_ll_hvline.o(i.u8g2_ll_hvline_vertical_top_lsb)
    u8g2_m_16_8_f                            0x08002051   Thumb Code     8  u8g2_d_memory.o(i.u8g2_m_16_8_f)
    u8g2_read_font_info                      0x0800205d   Thumb Code   106  u8g2_font.o(i.u8g2_read_font_info)
    u8g2_update_dimension_r0                 0x08002159   Thumb Code     4  u8g2_setup.o(i.u8g2_update_dimension_r0)
    u8g2_update_page_win_r0                  0x0800215d   Thumb Code    34  u8g2_setup.o(i.u8g2_update_page_win_r0)
    u8x8_DrawTile                            0x0800217f   Thumb Code    30  u8x8_display.o(i.u8x8_DrawTile)
    u8x8_InitDisplay                         0x0800219d   Thumb Code    16  u8x8_display.o(i.u8x8_InitDisplay)
    u8x8_RefreshDisplay                      0x080021ad   Thumb Code    16  u8x8_display.o(i.u8x8_RefreshDisplay)
    u8x8_SetPowerSave                        0x080021bd   Thumb Code    16  u8x8_display.o(i.u8x8_SetPowerSave)
    u8x8_Setup                               0x080021cd   Thumb Code    34  u8x8_setup.o(i.u8x8_Setup)
    u8x8_SetupDefaults                       0x080021f1   Thumb Code    32  u8x8_setup.o(i.u8x8_SetupDefaults)
    u8x8_SetupMemory                         0x08002215   Thumb Code    16  u8x8_display.o(i.u8x8_SetupMemory)
    u8x8_ascii_next                          0x08002225   Thumb Code    14  u8x8_8x8.o(i.u8x8_ascii_next)
    u8x8_byte_4wire_sw_spi                   0x08002233   Thumb Code   232  u8x8_byte.o(i.u8x8_byte_4wire_sw_spi)
    u8x8_byte_SendByte                       0x0800231b   Thumb Code    12  u8x8_byte.o(i.u8x8_byte_SendByte)
    u8x8_byte_SendBytes                      0x08002327   Thumb Code    16  u8x8_byte.o(i.u8x8_byte_SendBytes)
    u8x8_byte_SetDC                          0x08002337   Thumb Code    16  u8x8_byte.o(i.u8x8_byte_SetDC)
    u8x8_cad_001                             0x08002347   Thumb Code    82  u8x8_cad.o(i.u8x8_cad_001)
    u8x8_cad_EndTransfer                     0x08002399   Thumb Code    16  u8x8_cad.o(i.u8x8_cad_EndTransfer)
    u8x8_cad_SendArg                         0x080023a9   Thumb Code    16  u8x8_cad.o(i.u8x8_cad_SendArg)
    u8x8_cad_SendCmd                         0x080023b9   Thumb Code    16  u8x8_cad.o(i.u8x8_cad_SendCmd)
    u8x8_cad_SendData                        0x080023c9   Thumb Code    16  u8x8_cad.o(i.u8x8_cad_SendData)
    u8x8_cad_SendSequence                    0x080023d9   Thumb Code   102  u8x8_cad.o(i.u8x8_cad_SendSequence)
    u8x8_cad_StartTransfer                   0x0800243f   Thumb Code    16  u8x8_cad.o(i.u8x8_cad_StartTransfer)
    u8x8_d_helper_display_init               0x0800244f   Thumb Code    96  u8x8_display.o(i.u8x8_d_helper_display_init)
    u8x8_d_helper_display_setup_memory       0x080024af   Thumb Code    10  u8x8_display.o(i.u8x8_d_helper_display_setup_memory)
    u8x8_d_ssd1306_128x64_noname             0x080024b9   Thumb Code    52  u8x8_d_ssd1306_128x64_noname.o(i.u8x8_d_ssd1306_128x64_noname)
    u8x8_dummy_cb                            0x080025bd   Thumb Code     4  u8x8_setup.o(i.u8x8_dummy_cb)
    u8x8_gpio_call                           0x080025c1   Thumb Code    12  u8x8_gpio.o(i.u8x8_gpio_call)
    u8x8_stm32_gpio_and_delay                0x080025cd   Thumb Code   152  oled.o(i.u8x8_stm32_gpio_and_delay)
    u8x8_utf8_init                           0x0800266d   Thumb Code     8  u8x8_8x8.o(i.u8x8_utf8_init)
    uart_init                                0x08002675   Thumb Code    44  usart.o(i.uart_init)
    _fp_init                                 0x080026ad   Thumb Code    10  fpinit.o(x$fpl$fpinit)
    __fplib_config_fpu_vfp                   0x080026b5   Thumb Code     0  fpinit.o(x$fpl$fpinit)
    __fplib_config_pureend_doubles           0x080026b5   Thumb Code     0  fpinit.o(x$fpl$fpinit)
    AHBPrescTable                            0x080026b6   Data          16  system_stm32f4xx.o(.constdata)
    APBPrescTable                            0x080026c6   Data           8  system_stm32f4xx.o(.constdata)
    u8g2_font_4x6_tr                         0x080026ce   Data         734  u8g2_fonts.o(.constdata)
    u8g2_font_inb24_mf                       0x080029ac   Data        8831  u8g2_fonts.o(.constdata)
    u8g2_font_inb30_mn                       0x08004c2b   Data         805  u8g2_fonts.o(.constdata)
    u8g2_cb_r0                               0x08004f50   Data          12  u8g2_setup.o(.constdata)
    Region$$Table$$Base                      0x080050b4   Number         0  anon$$obj.o(Region$$Table)
    Region$$Table$$Limit                     0x080050d4   Number         0  anon$$obj.o(Region$$Table)
    SystemCoreClock                          0x20000000   Data           4  system_stm32f4xx.o(.data)
    uwTick                                   0x20000004   Data           4  stm32f4xx_hal.o(.data)
    aRxBuffer                                0x2000000c   Data           1  usart.o(.data)
    USART_RX_STA                             0x2000000e   Data           2  usart.o(.data)
    USART_RX_BUF                             0x20000010   Data         200  usart.o(.bss)
    UART1_Handler                            0x200000d8   Data          64  usart.o(.bss)
    OLED_GRAM                                0x20000118   Data        1024  oled.o(.bss)
    __libspace_start                         0x20000918   Data          96  libspace.o(.bss)
    __temporary_stack_top$libspace           0x20000978   Data           0  libspace.o(.bss)



==============================================================================

Memory Map of the image

  Image Entry point : 0x08000189

  Load Region LR_IROM1 (Base: 0x08000000, Size: 0x000050e4, Max: 0x00080000, ABSOLUTE)

    Execution Region ER_IROM1 (Exec base: 0x08000000, Load base: 0x08000000, Size: 0x000050d4, Max: 0x00080000, ABSOLUTE)

    Exec Addr    Load Addr    Size         Type   Attr      Idx    E Section Name        Object

    0x08000000   0x08000000   0x00000188   Data   RO          524    RESET               startup_stm32f407xx.o
    0x08000188   0x08000188   0x00000008   Code   RO         8749  * !!!main             c_w.l(__main.o)
    0x08000190   0x08000190   0x00000034   Code   RO         9021    !!!scatter          c_w.l(__scatter.o)
    0x080001c4   0x080001c4   0x0000001a   Code   RO         9023    !!handler_copy      c_w.l(__scatter_copy.o)
    0x080001de   0x080001de   0x00000002   PAD
    0x080001e0   0x080001e0   0x0000001c   Code   RO         9025    !!handler_zi        c_w.l(__scatter_zi.o)
    0x080001fc   0x080001fc   0x00000002   Code   RO         8960    .ARM.Collect$$libinit$$00000000  c_w.l(libinit.o)
    0x080001fe   0x080001fe   0x00000004   Code   RO         8803    .ARM.Collect$$libinit$$00000001  c_w.l(libinit2.o)
    0x08000202   0x08000202   0x00000000   Code   RO         8806    .ARM.Collect$$libinit$$00000004  c_w.l(libinit2.o)
    0x08000202   0x08000202   0x00000000   Code   RO         8809    .ARM.Collect$$libinit$$0000000A  c_w.l(libinit2.o)
    0x08000202   0x08000202   0x00000000   Code   RO         8811    .ARM.Collect$$libinit$$0000000C  c_w.l(libinit2.o)
    0x08000202   0x08000202   0x00000000   Code   RO         8813    .ARM.Collect$$libinit$$0000000E  c_w.l(libinit2.o)
    0x08000202   0x08000202   0x00000000   Code   RO         8816    .ARM.Collect$$libinit$$00000011  c_w.l(libinit2.o)
    0x08000202   0x08000202   0x00000000   Code   RO         8818    .ARM.Collect$$libinit$$00000013  c_w.l(libinit2.o)
    0x08000202   0x08000202   0x00000000   Code   RO         8820    .ARM.Collect$$libinit$$00000015  c_w.l(libinit2.o)
    0x08000202   0x08000202   0x00000000   Code   RO         8822    .ARM.Collect$$libinit$$00000017  c_w.l(libinit2.o)
    0x08000202   0x08000202   0x00000000   Code   RO         8824    .ARM.Collect$$libinit$$00000019  c_w.l(libinit2.o)
    0x08000202   0x08000202   0x00000000   Code   RO         8826    .ARM.Collect$$libinit$$0000001B  c_w.l(libinit2.o)
    0x08000202   0x08000202   0x00000000   Code   RO         8828    .ARM.Collect$$libinit$$0000001D  c_w.l(libinit2.o)
    0x08000202   0x08000202   0x00000000   Code   RO         8830    .ARM.Collect$$libinit$$0000001F  c_w.l(libinit2.o)
    0x08000202   0x08000202   0x00000000   Code   RO         8832    .ARM.Collect$$libinit$$00000021  c_w.l(libinit2.o)
    0x08000202   0x08000202   0x00000000   Code   RO         8834    .ARM.Collect$$libinit$$00000023  c_w.l(libinit2.o)
    0x08000202   0x08000202   0x00000000   Code   RO         8836    .ARM.Collect$$libinit$$00000025  c_w.l(libinit2.o)
    0x08000202   0x08000202   0x00000000   Code   RO         8840    .ARM.Collect$$libinit$$0000002C  c_w.l(libinit2.o)
    0x08000202   0x08000202   0x00000000   Code   RO         8842    .ARM.Collect$$libinit$$0000002E  c_w.l(libinit2.o)
    0x08000202   0x08000202   0x00000000   Code   RO         8844    .ARM.Collect$$libinit$$00000030  c_w.l(libinit2.o)
    0x08000202   0x08000202   0x00000000   Code   RO         8846    .ARM.Collect$$libinit$$00000032  c_w.l(libinit2.o)
    0x08000202   0x08000202   0x00000002   Code   RO         8847    .ARM.Collect$$libinit$$00000033  c_w.l(libinit2.o)
    0x08000204   0x08000204   0x00000002   Code   RO         9018    .ARM.Collect$$libshutdown$$00000000  c_w.l(libshutdown.o)
    0x08000206   0x08000206   0x00000000   Code   RO         8972    .ARM.Collect$$libshutdown$$00000002  c_w.l(libshutdown2.o)
    0x08000206   0x08000206   0x00000000   Code   RO         8974    .ARM.Collect$$libshutdown$$00000004  c_w.l(libshutdown2.o)
    0x08000206   0x08000206   0x00000000   Code   RO         8976    .ARM.Collect$$libshutdown$$00000006  c_w.l(libshutdown2.o)
    0x08000206   0x08000206   0x00000000   Code   RO         8979    .ARM.Collect$$libshutdown$$00000009  c_w.l(libshutdown2.o)
    0x08000206   0x08000206   0x00000000   Code   RO         8982    .ARM.Collect$$libshutdown$$0000000C  c_w.l(libshutdown2.o)
    0x08000206   0x08000206   0x00000000   Code   RO         8984    .ARM.Collect$$libshutdown$$0000000E  c_w.l(libshutdown2.o)
    0x08000206   0x08000206   0x00000000   Code   RO         8987    .ARM.Collect$$libshutdown$$00000011  c_w.l(libshutdown2.o)
    0x08000206   0x08000206   0x00000002   Code   RO         8988    .ARM.Collect$$libshutdown$$00000012  c_w.l(libshutdown2.o)
    0x08000208   0x08000208   0x00000000   Code   RO         8762    .ARM.Collect$$rtentry$$00000000  c_w.l(__rtentry.o)
    0x08000208   0x08000208   0x00000000   Code   RO         8856    .ARM.Collect$$rtentry$$00000002  c_w.l(__rtentry2.o)
    0x08000208   0x08000208   0x00000006   Code   RO         8868    .ARM.Collect$$rtentry$$00000004  c_w.l(__rtentry4.o)
    0x0800020e   0x0800020e   0x00000000   Code   RO         8858    .ARM.Collect$$rtentry$$00000009  c_w.l(__rtentry2.o)
    0x0800020e   0x0800020e   0x00000004   Code   RO         8859    .ARM.Collect$$rtentry$$0000000A  c_w.l(__rtentry2.o)
    0x08000212   0x08000212   0x00000000   Code   RO         8861    .ARM.Collect$$rtentry$$0000000C  c_w.l(__rtentry2.o)
    0x08000212   0x08000212   0x00000008   Code   RO         8862    .ARM.Collect$$rtentry$$0000000D  c_w.l(__rtentry2.o)
    0x0800021a   0x0800021a   0x00000002   Code   RO         8961    .ARM.Collect$$rtexit$$00000000  c_w.l(rtexit.o)
    0x0800021c   0x0800021c   0x00000000   Code   RO         8992    .ARM.Collect$$rtexit$$00000002  c_w.l(rtexit2.o)
    0x0800021c   0x0800021c   0x00000004   Code   RO         8993    .ARM.Collect$$rtexit$$00000003  c_w.l(rtexit2.o)
    0x08000220   0x08000220   0x00000006   Code   RO         8994    .ARM.Collect$$rtexit$$00000004  c_w.l(rtexit2.o)
    0x08000226   0x08000226   0x00000002   PAD
    0x08000228   0x08000228   0x00000040   Code   RO          525    .text               startup_stm32f407xx.o
    0x08000268   0x08000268   0x00000002   Code   RO         8628    .text               c_w.l(use_no_semi_2.o)
    0x0800026a   0x0800026a   0x00000044   Code   RO         8743    .text               c_w.l(rt_memclr.o)
    0x080002ae   0x080002ae   0x0000004e   Code   RO         8745    .text               c_w.l(rt_memclr_w.o)
    0x080002fc   0x080002fc   0x00000006   Code   RO         8747    .text               c_w.l(heapauxi.o)
    0x08000302   0x08000302   0x00000002   PAD
    0x08000304   0x08000304   0x00000008   Code   RO         8755    .text               c_w.l(libspace.o)
    0x0800030c   0x0800030c   0x00000002   Code   RO         8758    .text               c_w.l(use_no_semi.o)
    0x0800030e   0x0800030e   0x0000004a   Code   RO         8937    .text               c_w.l(sys_stackheap_outer.o)
    0x08000358   0x08000358   0x00000012   Code   RO         8943    .text               c_w.l(exit.o)
    0x0800036a   0x0800036a   0x00000002   Code   RO          279    i.BusFault_Handler  stm32f4xx_it.o
    0x0800036c   0x0800036c   0x00000002   Code   RO          280    i.DebugMon_Handler  stm32f4xx_it.o
    0x0800036e   0x0800036e   0x00000024   Code   RO         1831    i.HAL_DMA_Abort_IT  stm32f4xx_hal_dma.o
    0x08000392   0x08000392   0x0000001c   Code   RO          539    i.HAL_Delay         stm32f4xx_hal.o
    0x080003ae   0x080003ae   0x00000002   PAD
    0x080003b0   0x080003b0   0x000001c0   Code   RO          831    i.HAL_GPIO_Init     stm32f4xx_hal_gpio.o
    0x08000570   0x08000570   0x0000000a   Code   RO          835    i.HAL_GPIO_WritePin  stm32f4xx_hal_gpio.o
    0x0800057a   0x0800057a   0x00000002   PAD
    0x0800057c   0x0800057c   0x0000000c   Code   RO          544    i.HAL_GetREVID      stm32f4xx_hal.o
    0x08000588   0x08000588   0x0000000c   Code   RO          545    i.HAL_GetTick       stm32f4xx_hal.o
    0x08000594   0x08000594   0x00000010   Code   RO          547    i.HAL_IncTick       stm32f4xx_hal.o
    0x080005a4   0x080005a4   0x0000002c   Code   RO          548    i.HAL_Init          stm32f4xx_hal.o
    0x080005d0   0x080005d0   0x00000028   Code   RO          549    i.HAL_InitTick      stm32f4xx_hal.o
    0x080005f8   0x080005f8   0x00000002   Code   RO          492    i.HAL_MspInit       stm32f4xx_hal_msp.o
    0x080005fa   0x080005fa   0x00000016   Code   RO          694    i.HAL_NVIC_EnableIRQ  stm32f4xx_hal_cortex.o
    0x08000610   0x08000610   0x00000040   Code   RO          700    i.HAL_NVIC_SetPriority  stm32f4xx_hal_cortex.o
    0x08000650   0x08000650   0x00000024   Code   RO          701    i.HAL_NVIC_SetPriorityGrouping  stm32f4xx_hal_cortex.o
    0x08000674   0x08000674   0x00000174   Code   RO         1081    i.HAL_RCC_ClockConfig  stm32f4xx_hal_rcc.o
    0x080007e8   0x080007e8   0x00000030   Code   RO         1088    i.HAL_RCC_GetPCLK1Freq  stm32f4xx_hal_rcc.o
    0x08000818   0x08000818   0x00000030   Code   RO         1089    i.HAL_RCC_GetPCLK2Freq  stm32f4xx_hal_rcc.o
    0x08000848   0x08000848   0x00000070   Code   RO         1090    i.HAL_RCC_GetSysClockFreq  stm32f4xx_hal_rcc.o
    0x080008b8   0x080008b8   0x00000314   Code   RO         1093    i.HAL_RCC_OscConfig  stm32f4xx_hal_rcc.o
    0x08000bcc   0x08000bcc   0x00000018   Code   RO          703    i.HAL_SYSTICK_CLKSourceConfig  stm32f4xx_hal_cortex.o
    0x08000be4   0x08000be4   0x00000028   Code   RO          705    i.HAL_SYSTICK_Config  stm32f4xx_hal_cortex.o
    0x08000c0c   0x08000c0c   0x00000002   Code   RO         1253    i.HAL_UART_ErrorCallback  stm32f4xx_hal_uart.o
    0x08000c0e   0x08000c0e   0x0000000a   Code   RO         1255    i.HAL_UART_GetState  stm32f4xx_hal_uart.o
    0x08000c18   0x08000c18   0x00000110   Code   RO         1256    i.HAL_UART_IRQHandler  stm32f4xx_hal_uart.o
    0x08000d28   0x08000d28   0x00000062   Code   RO         1257    i.HAL_UART_Init     stm32f4xx_hal_uart.o
    0x08000d8a   0x08000d8a   0x00000002   PAD
    0x08000d8c   0x08000d8c   0x0000007c   Code   RO         3275    i.HAL_UART_MspInit  usart.o
    0x08000e08   0x08000e08   0x00000048   Code   RO         1262    i.HAL_UART_Receive_IT  stm32f4xx_hal_uart.o
    0x08000e50   0x08000e50   0x00000058   Code   RO         3276    i.HAL_UART_RxCpltCallback  usart.o
    0x08000ea8   0x08000ea8   0x00000002   Code   RO         1268    i.HAL_UART_TxCpltCallback  stm32f4xx_hal_uart.o
    0x08000eaa   0x08000eaa   0x00000002   Code   RO          281    i.HardFault_Handler  stm32f4xx_it.o
    0x08000eac   0x08000eac   0x00000060   Code   RO         3540    i.KEY_Init          key.o
    0x08000f0c   0x08000f0c   0x00000050   Code   RO         3341    i.LED_Init          led.o
    0x08000f5c   0x08000f5c   0x00000002   Code   RO          282    i.MemManage_Handler  stm32f4xx_it.o
    0x08000f5e   0x08000f5e   0x00000002   Code   RO          283    i.NMI_Handler       stm32f4xx_it.o
    0x08000f60   0x08000f60   0x00000020   Code   RO          707    i.NVIC_SetPriority  stm32f4xx_hal_cortex.o
    0x08000f80   0x08000f80   0x0000002c   Code   RO         3369    i.OLED_Clear        oled.o
    0x08000fac   0x08000fac   0x00000188   Code   RO         3377    i.OLED_Init         oled.o
    0x08001134   0x08001134   0x00000048   Code   RO         3378    i.OLED_Refresh_Gram  oled.o
    0x0800117c   0x0800117c   0x00000048   Code   RO         3387    i.OLED_WR_Byte      oled.o
    0x080011c4   0x080011c4   0x00000002   Code   RO          284    i.PendSV_Handler    stm32f4xx_it.o
    0x080011c6   0x080011c6   0x00000002   Code   RO          285    i.SVC_Handler       stm32f4xx_it.o
    0x080011c8   0x080011c8   0x00000094   Code   RO         3244    i.Stm32_Clock_Init  sys.o
    0x0800125c   0x0800125c   0x00000004   Code   RO          286    i.SysTick_Handler   stm32f4xx_it.o
    0x08001260   0x08001260   0x00000054   Code   RO          362    i.SystemInit        system_stm32f4xx.o
    0x080012b4   0x080012b4   0x00000010   Code   RO         1270    i.UART_DMAAbortOnError  stm32f4xx_hal_uart.o
    0x080012c4   0x080012c4   0x0000001c   Code   RO         1280    i.UART_EndRxTransfer  stm32f4xx_hal_uart.o
    0x080012e0   0x080012e0   0x0000008c   Code   RO         1282    i.UART_Receive_IT   stm32f4xx_hal_uart.o
    0x0800136c   0x0800136c   0x000002ac   Code   RO         1283    i.UART_SetConfig    stm32f4xx_hal_uart.o
    0x08001618   0x08001618   0x00000062   Code   RO         1284    i.UART_Transmit_IT  stm32f4xx_hal_uart.o
    0x0800167a   0x0800167a   0x00000002   PAD
    0x0800167c   0x0800167c   0x0000002c   Code   RO         3277    i.USART1_IRQHandler  usart.o
    0x080016a8   0x080016a8   0x00000002   Code   RO          287    i.UsageFault_Handler  stm32f4xx_it.o
    0x080016aa   0x080016aa   0x00000002   Code   RO         3278    i._sys_exit         usart.o
    0x080016ac   0x080016ac   0x00000014   Code   RO         3201    i.delay_init        delay.o
    0x080016c0   0x080016c0   0x0000001a   Code   RO         3202    i.delay_ms          delay.o
    0x080016da   0x080016da   0x00000002   PAD
    0x080016dc   0x080016dc   0x00000034   Code   RO         3203    i.delay_us          delay.o
    0x08001710   0x08001710   0x000000ec   Code   RO         3388    i.draw              oled.o
    0x080017fc   0x080017fc   0x0000004c   Code   RO            4    i.main              main.o
    0x08001848   0x08001848   0x00000034   Code   RO         3390    i.u8g2Init          oled.o
    0x0800187c   0x0800187c   0x00000014   Code   RO         4775    i.u8g2_ClearBuffer  u8g2_buffer.o
    0x08001890   0x08001890   0x00000070   Code   RO         4964    i.u8g2_DrawGlyph    u8g2_font.o
    0x08001900   0x08001900   0x0000000c   Code   RO         7160    i.u8g2_DrawHLine    u8g2_hvline.o
    0x0800190c   0x0800190c   0x000000aa   Code   RO         7161    i.u8g2_DrawHVLine   u8g2_hvline.o
    0x080019b6   0x080019b6   0x00000002   PAD
    0x080019b8   0x080019b8   0x00000010   Code   RO         4965    i.u8g2_DrawStr      u8g2_font.o
    0x080019c8   0x080019c8   0x0000000c   Code   RO         7163    i.u8g2_DrawVLine    u8g2_hvline.o
    0x080019d4   0x080019d4   0x0000001a   Code   RO         4776    i.u8g2_FirstPage    u8g2_buffer.o
    0x080019ee   0x080019ee   0x00000030   Code   RO         7222    i.u8g2_IsIntersection  u8g2_intersection.o
    0x08001a1e   0x08001a1e   0x0000003e   Code   RO         4777    i.u8g2_NextPage     u8g2_buffer.o
    0x08001a5c   0x08001a5c   0x0000001c   Code   RO         4779    i.u8g2_SetBufferCurrTileRow  u8g2_buffer.o
    0x08001a78   0x08001a78   0x00000020   Code   RO         4979    i.u8g2_SetFont      u8g2_font.o
    0x08001a98   0x08001a98   0x00000006   Code   RO         4980    i.u8g2_SetFontDirection  u8g2_font.o
    0x08001a9e   0x08001a9e   0x00000006   Code   RO         4981    i.u8g2_SetFontMode  u8g2_font.o
    0x08001aa4   0x08001aa4   0x0000000c   Code   RO         4982    i.u8g2_SetFontPosBaseline  u8g2_font.o
    0x08001ab0   0x08001ab0   0x0000001c   Code   RO         7415    i.u8g2_SetMaxClipWindow  u8g2_setup.o
    0x08001acc   0x08001acc   0x00000042   Code   RO         7416    i.u8g2_SetupBuffer  u8g2_setup.o
    0x08001b0e   0x08001b0e   0x00000002   PAD
    0x08001b10   0x08001b10   0x00000038   Code   RO         4950    i.u8g2_Setup_ssd1306_128x64_noname_f  u8g2_d_setup.o
    0x08001b48   0x08001b48   0x00000052   Code   RO         4989    i.u8g2_UpdateRefHeight  u8g2_font.o
    0x08001b9a   0x08001b9a   0x0000001c   Code   RO         4990    i.u8g2_add_vector_x  u8g2_font.o
    0x08001bb6   0x08001bb6   0x0000001c   Code   RO         4991    i.u8g2_add_vector_y  u8g2_font.o
    0x08001bd2   0x08001bd2   0x0000006e   Code   RO         7418    i.u8g2_apply_clip_window  u8g2_setup.o
    0x08001c40   0x08001c40   0x0000003c   Code   RO         7165    i.u8g2_clip_intersection2  u8g2_hvline.o
    0x08001c7c   0x08001c7c   0x00000012   Code   RO         7166    i.u8g2_draw_hv_line_2dir  u8g2_hvline.o
    0x08001c8e   0x08001c8e   0x0000000c   Code   RO         7420    i.u8g2_draw_l90_r0  u8g2_setup.o
    0x08001c9a   0x08001c9a   0x0000006c   Code   RO         4992    i.u8g2_draw_string  u8g2_font.o
    0x08001d06   0x08001d06   0x00000004   Code   RO         4995    i.u8g2_font_calc_vref_font  u8g2_font.o
    0x08001d0a   0x08001d0a   0x00000014   Code   RO         4997    i.u8g2_font_decode_get_signed_bits  u8g2_font.o
    0x08001d1e   0x08001d1e   0x00000034   Code   RO         4998    i.u8g2_font_decode_get_unsigned_bits  u8g2_font.o
    0x08001d52   0x08001d52   0x00000112   Code   RO         4999    i.u8g2_font_decode_glyph  u8g2_font.o
    0x08001e64   0x08001e64   0x0000008a   Code   RO         5000    i.u8g2_font_decode_len  u8g2_font.o
    0x08001eee   0x08001eee   0x00000072   Code   RO         5001    i.u8g2_font_get_glyph_data  u8g2_font.o
    0x08001f60   0x08001f60   0x00000014   Code   RO         5002    i.u8g2_font_get_word  u8g2_font.o
    0x08001f74   0x08001f74   0x00000034   Code   RO         5003    i.u8g2_font_setup_decode  u8g2_font.o
    0x08001fa8   0x08001fa8   0x00000018   Code   RO         7223    i.u8g2_is_intersection_decision_tree  u8g2_intersection.o
    0x08001fc0   0x08001fc0   0x0000008e   Code   RO         7271    i.u8g2_ll_hvline_vertical_top_lsb  u8g2_ll_hvline.o
    0x0800204e   0x0800204e   0x00000002   PAD
    0x08002050   0x08002050   0x0000000c   Code   RO         4937    i.u8g2_m_16_8_f     u8g2_d_memory.o
    0x0800205c   0x0800205c   0x0000006a   Code   RO         5005    i.u8g2_read_font_info  u8g2_font.o
    0x080020c6   0x080020c6   0x0000004c   Code   RO         4786    i.u8g2_send_buffer  u8g2_buffer.o
    0x08002112   0x08002112   0x00000046   Code   RO         7425    i.u8g2_update_dimension_common  u8g2_setup.o
    0x08002158   0x08002158   0x00000004   Code   RO         7426    i.u8g2_update_dimension_r0  u8g2_setup.o
    0x0800215c   0x0800215c   0x00000022   Code   RO         7430    i.u8g2_update_page_win_r0  u8g2_setup.o
    0x0800217e   0x0800217e   0x0000001e   Code   RO         8165    i.u8x8_DrawTile     u8x8_display.o
    0x0800219c   0x0800219c   0x00000010   Code   RO         8167    i.u8x8_InitDisplay  u8x8_display.o
    0x080021ac   0x080021ac   0x00000010   Code   RO         8169    i.u8x8_RefreshDisplay  u8x8_display.o
    0x080021bc   0x080021bc   0x00000010   Code   RO         8172    i.u8x8_SetPowerSave  u8x8_display.o
    0x080021cc   0x080021cc   0x00000022   Code   RO         8471    i.u8x8_Setup        u8x8_setup.o
    0x080021ee   0x080021ee   0x00000002   PAD
    0x080021f0   0x080021f0   0x00000024   Code   RO         8472    i.u8x8_SetupDefaults  u8x8_setup.o
    0x08002214   0x08002214   0x00000010   Code   RO         8173    i.u8x8_SetupMemory  u8x8_display.o
    0x08002224   0x08002224   0x0000000e   Code   RO         7709    i.u8x8_ascii_next   u8x8_8x8.o
    0x08002232   0x08002232   0x000000e8   Code   RO         7832    i.u8x8_byte_4wire_sw_spi  u8x8_byte.o
    0x0800231a   0x0800231a   0x0000000c   Code   RO         7836    i.u8x8_byte_SendByte  u8x8_byte.o
    0x08002326   0x08002326   0x00000010   Code   RO         7837    i.u8x8_byte_SendBytes  u8x8_byte.o
    0x08002336   0x08002336   0x00000010   Code   RO         7838    i.u8x8_byte_SetDC   u8x8_byte.o
    0x08002346   0x08002346   0x00000052   Code   RO         7951    i.u8x8_cad_001      u8x8_cad.o
    0x08002398   0x08002398   0x00000010   Code   RO         7955    i.u8x8_cad_EndTransfer  u8x8_cad.o
    0x080023a8   0x080023a8   0x00000010   Code   RO         7956    i.u8x8_cad_SendArg  u8x8_cad.o
    0x080023b8   0x080023b8   0x00000010   Code   RO         7957    i.u8x8_cad_SendCmd  u8x8_cad.o
    0x080023c8   0x080023c8   0x00000010   Code   RO         7958    i.u8x8_cad_SendData  u8x8_cad.o
    0x080023d8   0x080023d8   0x00000066   Code   RO         7960    i.u8x8_cad_SendSequence  u8x8_cad.o
    0x0800243e   0x0800243e   0x00000010   Code   RO         7961    i.u8x8_cad_StartTransfer  u8x8_cad.o
    0x0800244e   0x0800244e   0x00000060   Code   RO         8174    i.u8x8_d_helper_display_init  u8x8_display.o
    0x080024ae   0x080024ae   0x0000000a   Code   RO         8175    i.u8x8_d_helper_display_setup_memory  u8x8_display.o
    0x080024b8   0x080024b8   0x0000003c   Code   RO         8099    i.u8x8_d_ssd1306_128x64_noname  u8x8_d_ssd1306_128x64_noname.o
    0x080024f4   0x080024f4   0x000000c8   Code   RO         8101    i.u8x8_d_ssd1306_sh1106_generic  u8x8_d_ssd1306_128x64_noname.o
    0x080025bc   0x080025bc   0x00000004   Code   RO         8474    i.u8x8_dummy_cb     u8x8_setup.o
    0x080025c0   0x080025c0   0x0000000c   Code   RO         8393    i.u8x8_gpio_call    u8x8_gpio.o
    0x080025cc   0x080025cc   0x000000a0   Code   RO         3391    i.u8x8_stm32_gpio_and_delay  oled.o
    0x0800266c   0x0800266c   0x00000008   Code   RO         7717    i.u8x8_utf8_init    u8x8_8x8.o
    0x08002674   0x08002674   0x00000038   Code   RO         3280    i.uart_init         usart.o
    0x080026ac   0x080026ac   0x0000000a   Code   RO         8930    x$fpl$fpinit        fz_wm.l(fpinit.o)
    0x080026b6   0x080026b6   0x00000010   Data   RO          363    .constdata          system_stm32f4xx.o
    0x080026c6   0x080026c6   0x00000008   Data   RO          364    .constdata          system_stm32f4xx.o
    0x080026ce   0x080026ce   0x000002de   Data   RO         5270    .constdata          u8g2_fonts.o
    0x080029ac   0x080029ac   0x0000227f   Data   RO         7018    .constdata          u8g2_fonts.o
    0x08004c2b   0x08004c2b   0x00000325   Data   RO         7026    .constdata          u8g2_fonts.o
    0x08004f50   0x08004f50   0x0000000c   Data   RO         7434    .constdata          u8g2_setup.o
    0x08004f5c   0x08004f5c   0x00000158   Data   RO         8103    .constdata          u8x8_d_ssd1306_128x64_noname.o
    0x080050b4   0x080050b4   0x00000020   Data   RO         9019    Region$$Table       anon$$obj.o


    Execution Region RW_IRAM2 (Exec base: 0x10000000, Load base: 0x080050e4, Size: 0x00000000, Max: 0x00010000, ABSOLUTE)

    **** No section assigned to this execution region ****


    Execution Region RW_IRAM1 (Exec base: 0x20000000, Load base: 0x080050d4, Size: 0x00000f78, Max: 0x00020000, ABSOLUTE)

    Exec Addr    Load Addr    Size         Type   Attr      Idx    E Section Name        Object

    0x20000000   0x080050d4   0x00000004   Data   RW          365    .data               system_stm32f4xx.o
    0x20000004   0x080050d8   0x00000004   Data   RW          554    .data               stm32f4xx_hal.o
    0x20000008   0x080050dc   0x00000004   Data   RW         3204    .data               delay.o
    0x2000000c   0x080050e0   0x00000004   Data   RW         3282    .data               usart.o
    0x20000010        -       0x00000108   Zero   RW         3281    .bss                usart.o
    0x20000118        -       0x00000400   Zero   RW         3392    .bss                oled.o
    0x20000518        -       0x00000400   Zero   RW         4938    .bss                u8g2_d_memory.o
    0x20000918        -       0x00000060   Zero   RW         8756    .bss                c_w.l(libspace.o)
    0x20000978        -       0x00000200   Zero   RW          523    HEAP                startup_stm32f407xx.o
    0x20000b78        -       0x00000400   Zero   RW          522    STACK               startup_stm32f407xx.o


==============================================================================

Image component sizes


      Code (inc. data)   RO Data    RW Data    ZI Data      Debug   Object Name

        98          8          0          4          0       1963   delay.o
        96         14          0          0          0       1075   key.o
        80          8          0          0          0       1003   led.o
        76          0          0          0          0     807815   main.o
      1028        122          0          0       1024       6376   oled.o
        64         26        392          0       1536        828   startup_stm32f407xx.o
       152         26          0          4          0       5138   stm32f4xx_hal.o
       218         14          0          0          0      30929   stm32f4xx_hal_cortex.o
        36          0          0          0          0       1351   stm32f4xx_hal_dma.o
       458         46          0          0          0       2680   stm32f4xx_hal_gpio.o
         2          0          0          0          0        450   stm32f4xx_hal_msp.o
      1368         74          0          0          0       5476   stm32f4xx_hal_rcc.o
      1422         14          0          0          0       8579   stm32f4xx_hal_uart.o
        20          0          0          0          0       4034   stm32f4xx_it.o
       148         12          0          0          0       1279   sys.o
        84         18         24          4          0       1223   system_stm32f4xx.o
         0          0          0          0          0     157788   u8g2_bitmap.o
       212          0          0          0          0       3800   u8g2_buffer.o
        12          4          0          0       1024        916   u8g2_d_memory.o
        56         14          0          0          0       1113   u8g2_d_setup.o
      1210         10          0          0          0      15171   u8g2_font.o
         0          0      10370          0          0     143125   u8g2_fonts.o
       272          0          0          0          0       3837   u8g2_hvline.o
        72          0          0          0          0       2023   u8g2_intersection.o
       142          0          0          0          0       1558   u8g2_ll_hvline.o
       324          0         12          0          0     144917   u8g2_setup.o
        22          0          0          0          0       1803   u8x8_8x8.o
       276          0          0          0          0       3606   u8x8_byte.o
       264          6          0          0          0       4913   u8x8_cad.o
       260         14        344          0          0       3195   u8x8_d_ssd1306_128x64_noname.o
       200          0          0          0          0       4494   u8x8_display.o
        12          0          0          0          0        601   u8x8_gpio.o
        74          4          0          0          0       1882   u8x8_setup.o
       314         46          0          4        264       5001   usart.o

    ----------------------------------------------------------------------
      9090        480      11174         16       3848    1379942   Object Totals
         0          0         32          0          0          0   (incl. Generated)
        18          0          0          0          0          0   (incl. Padding)

    ----------------------------------------------------------------------

      Code (inc. data)   RO Data    RW Data    ZI Data      Debug   Library Member Name

         8          0          0          0          0         68   __main.o
         0          0          0          0          0          0   __rtentry.o
        12          0          0          0          0          0   __rtentry2.o
         6          0          0          0          0          0   __rtentry4.o
        52          8          0          0          0          0   __scatter.o
        26          0          0          0          0          0   __scatter_copy.o
        28          0          0          0          0          0   __scatter_zi.o
        18          0          0          0          0         80   exit.o
         6          0          0          0          0        152   heapauxi.o
         2          0          0          0          0          0   libinit.o
         6          0          0          0          0          0   libinit2.o
         2          0          0          0          0          0   libshutdown.o
         2          0          0          0          0          0   libshutdown2.o
         8          4          0          0         96         68   libspace.o
        68          0          0          0          0         68   rt_memclr.o
        78          0          0          0          0         80   rt_memclr_w.o
         2          0          0          0          0          0   rtexit.o
        10          0          0          0          0          0   rtexit2.o
        74          0          0          0          0         80   sys_stackheap_outer.o
         2          0          0          0          0         68   use_no_semi.o
         2          0          0          0          0         68   use_no_semi_2.o
        10          0          0          0          0        116   fpinit.o

    ----------------------------------------------------------------------
       428         12          0          0         96        848   Library Totals
         6          0          0          0          0          0   (incl. Padding)

    ----------------------------------------------------------------------

      Code (inc. data)   RO Data    RW Data    ZI Data      Debug   Library Name

       412         12          0          0         96        732   c_w.l
        10          0          0          0          0        116   fz_wm.l

    ----------------------------------------------------------------------
       428         12          0          0         96        848   Library Totals

    ----------------------------------------------------------------------

==============================================================================


      Code (inc. data)   RO Data    RW Data    ZI Data      Debug   

      9518        492      11174         16       3944    1368430   Grand Totals
      9518        492      11174         16       3944    1368430   ELF Image Totals
      9518        492      11174         16          0          0   ROM Totals

==============================================================================

    Total RO  Size (Code + RO Data)                20692 (  20.21kB)
    Total RW  Size (RW Data + ZI Data)              3960 (   3.87kB)
    Total ROM Size (Code + RO Data + RW Data)      20708 (  20.22kB)

==============================================================================

