<html>
<body>
<pre>
<h1>礦ision Build Log</h1>
<h2>Tool Versions:</h2>
IDE-Version: μVision V5.27.1.0
Copyright (C) 2019 ARM Ltd and ARM Germany GmbH. All rights reserved.
License Information: 1 1, 1, LIC=----
 
Tool Versions:
Toolchain:       MDK-Lite  Version: 5.27.1.0
Toolchain Path:  C:\Keil_v5\ARM\ARMCC\Bin
C Compiler:      Armcc.exe V5.06 update 6 (build 750)
Assembler:       Armasm.exe V5.06 update 6 (build 750)
Linker/Locator:  ArmLink.exe V5.06 update 6 (build 750)
Library Manager: ArmAr.exe V5.06 update 6 (build 750)
Hex Converter:   FromElf.exe V5.06 update 6 (build 750)
CPU DLL:         SARMCM3.DLL V5.27.1.0
Dialog DLL:      DCM.DLL V1.17.2.0
Target DLL:      UL2CM3.DLL V1.162.15.0
Dialog DLL:      TCM.DLL V1.36.1.0
 
<h2>Project:</h2>
E:\大学课程\大二上学期\单片机\STM32F4单片机\资料\正点原子相关资料\正点原子探索者F4例程\STM32F407 探索者基础例程(HAL库版)\实验6 独立看门狗实验\USER\IWDG.uvprojx
Project File Date:  11/03/2019

<h2>Output:</h2>
*** Using Compiler 'V5.06 update 6 (build 750)', folder: 'C:\Keil_v5\ARM\ARMCC\Bin'
Build target 'IWDG'
compiling led.c...
compiling main.c...
linking...
Program Size: Code=5258 RO-data=450 RW-data=20 ZI-data=1908  
FromELF: creating hex file...
"..\OBJ\Template.axf" - 0 Error(s), 0 Warning(s).

<h2>Software Packages used:</h2>

Package Vendor: Keil
                http://www.keil.com/pack/Keil.STM32F4xx_DFP.2.7.0.pack
                Keil.STM32F4xx_DFP.2.7.0
                STMicroelectronics STM32F4 Series Device Support, Drivers and Examples

<h2>Collection of Component include folders:</h2>
  .\RTE\_IWDG
  C:\Users\YCL\AppData\Local\Arm\Packs\Keil\STM32F4xx_DFP\2.7.0\Drivers\CMSIS\Device\ST\STM32F4xx\Include

<h2>Collection of Component Files used:</h2>
Build Time Elapsed:  00:00:07
</pre>
</body>
</html>
